[2025-09-03T09:16:29.796+0000] {processor.py:161} INFO - Started process (PID=167) to work on /opt/airflow/dags/update_car_data_dag.py
[2025-09-03T09:16:29.798+0000] {processor.py:830} INFO - Processing file /opt/airflow/dags/update_car_data_dag.py for tasks to queue
[2025-09-03T09:16:29.800+0000] {logging_mixin.py:188} INFO - [2025-09-03T09:16:29.799+0000] {dagbag.py:538} INFO - Filling up the DagBag from /opt/airflow/dags/update_car_data_dag.py
[2025-09-03T09:16:29.824+0000] {processor.py:840} INFO - DAG(s) 'update_car_data' retrieved from /opt/airflow/dags/update_car_data_dag.py
[2025-09-03T09:16:29.978+0000] {logging_mixin.py:188} INFO - [2025-09-03T09:16:29.977+0000] {override.py:1769} INFO - Created Permission View: can read on DAG:update_car_data
[2025-09-03T09:16:29.982+0000] {logging_mixin.py:188} INFO - [2025-09-03T09:16:29.982+0000] {override.py:1769} INFO - Created Permission View: can delete on DAG:update_car_data
[2025-09-03T09:16:29.985+0000] {logging_mixin.py:188} INFO - [2025-09-03T09:16:29.984+0000] {override.py:1769} INFO - Created Permission View: can edit on DAG:update_car_data
[2025-09-03T09:16:29.985+0000] {logging_mixin.py:188} INFO - [2025-09-03T09:16:29.985+0000] {dag.py:3036} INFO - Sync 1 DAGs
[2025-09-03T09:16:29.993+0000] {logging_mixin.py:188} INFO - [2025-09-03T09:16:29.993+0000] {dag.py:3058} INFO - Creating ORM DAG for update_car_data
[2025-09-03T09:16:30.001+0000] {logging_mixin.py:188} INFO - [2025-09-03T09:16:30.001+0000] {dag.py:3823} INFO - Setting next_dagrun for update_car_data to 2025-09-01 15:00:00+00:00, run_after=2025-09-02 15:00:00+00:00
[2025-09-03T09:16:30.012+0000] {processor.py:183} INFO - Processing /opt/airflow/dags/update_car_data_dag.py took 0.218 seconds
[2025-09-03T09:17:00.094+0000] {processor.py:161} INFO - Started process (PID=172) to work on /opt/airflow/dags/update_car_data_dag.py
[2025-09-03T09:17:00.095+0000] {processor.py:830} INFO - Processing file /opt/airflow/dags/update_car_data_dag.py for tasks to queue
[2025-09-03T09:17:00.096+0000] {logging_mixin.py:188} INFO - [2025-09-03T09:17:00.096+0000] {dagbag.py:538} INFO - Filling up the DagBag from /opt/airflow/dags/update_car_data_dag.py
[2025-09-03T09:17:00.117+0000] {processor.py:840} INFO - DAG(s) 'update_car_data' retrieved from /opt/airflow/dags/update_car_data_dag.py
[2025-09-03T09:17:00.151+0000] {logging_mixin.py:188} INFO - [2025-09-03T09:17:00.151+0000] {dag.py:3036} INFO - Sync 1 DAGs
[2025-09-03T09:17:00.169+0000] {logging_mixin.py:188} INFO - [2025-09-03T09:17:00.169+0000] {dag.py:3823} INFO - Setting next_dagrun for update_car_data to 2025-09-01 15:00:00+00:00, run_after=2025-09-02 15:00:00+00:00
[2025-09-03T09:17:00.178+0000] {processor.py:183} INFO - Processing /opt/airflow/dags/update_car_data_dag.py took 0.092 seconds
[2025-09-03T09:17:30.506+0000] {processor.py:161} INFO - Started process (PID=177) to work on /opt/airflow/dags/update_car_data_dag.py
[2025-09-03T09:17:30.507+0000] {processor.py:830} INFO - Processing file /opt/airflow/dags/update_car_data_dag.py for tasks to queue
[2025-09-03T09:17:30.507+0000] {logging_mixin.py:188} INFO - [2025-09-03T09:17:30.507+0000] {dagbag.py:538} INFO - Filling up the DagBag from /opt/airflow/dags/update_car_data_dag.py
[2025-09-03T09:17:30.525+0000] {processor.py:840} INFO - DAG(s) 'update_car_data' retrieved from /opt/airflow/dags/update_car_data_dag.py
[2025-09-03T09:17:30.563+0000] {logging_mixin.py:188} INFO - [2025-09-03T09:17:30.563+0000] {dag.py:3036} INFO - Sync 1 DAGs
[2025-09-03T09:17:30.581+0000] {logging_mixin.py:188} INFO - [2025-09-03T09:17:30.580+0000] {dag.py:3823} INFO - Setting next_dagrun for update_car_data to 2025-09-01 15:00:00+00:00, run_after=2025-09-02 15:00:00+00:00
[2025-09-03T09:17:30.590+0000] {processor.py:183} INFO - Processing /opt/airflow/dags/update_car_data_dag.py took 0.088 seconds
[2025-09-03T09:18:00.921+0000] {processor.py:161} INFO - Started process (PID=182) to work on /opt/airflow/dags/update_car_data_dag.py
[2025-09-03T09:18:00.923+0000] {processor.py:830} INFO - Processing file /opt/airflow/dags/update_car_data_dag.py for tasks to queue
[2025-09-03T09:18:00.924+0000] {logging_mixin.py:188} INFO - [2025-09-03T09:18:00.924+0000] {dagbag.py:538} INFO - Filling up the DagBag from /opt/airflow/dags/update_car_data_dag.py
[2025-09-03T09:18:00.952+0000] {processor.py:840} INFO - DAG(s) 'update_car_data' retrieved from /opt/airflow/dags/update_car_data_dag.py
[2025-09-03T09:18:01.005+0000] {logging_mixin.py:188} INFO - [2025-09-03T09:18:01.005+0000] {dag.py:3036} INFO - Sync 1 DAGs
[2025-09-03T09:18:01.035+0000] {logging_mixin.py:188} INFO - [2025-09-03T09:18:01.035+0000] {dag.py:3823} INFO - Setting next_dagrun for update_car_data to 2025-09-01 15:00:00+00:00, run_after=2025-09-02 15:00:00+00:00
[2025-09-03T09:18:01.048+0000] {processor.py:183} INFO - Processing /opt/airflow/dags/update_car_data_dag.py took 0.137 seconds
[2025-09-03T09:18:31.284+0000] {processor.py:161} INFO - Started process (PID=190) to work on /opt/airflow/dags/update_car_data_dag.py
[2025-09-03T09:18:31.286+0000] {processor.py:830} INFO - Processing file /opt/airflow/dags/update_car_data_dag.py for tasks to queue
[2025-09-03T09:18:31.288+0000] {logging_mixin.py:188} INFO - [2025-09-03T09:18:31.287+0000] {dagbag.py:538} INFO - Filling up the DagBag from /opt/airflow/dags/update_car_data_dag.py
[2025-09-03T09:18:31.314+0000] {processor.py:840} INFO - DAG(s) 'update_car_data' retrieved from /opt/airflow/dags/update_car_data_dag.py
[2025-09-03T09:18:31.343+0000] {logging_mixin.py:188} INFO - [2025-09-03T09:18:31.343+0000] {dag.py:3036} INFO - Sync 1 DAGs
[2025-09-03T09:18:31.364+0000] {logging_mixin.py:188} INFO - [2025-09-03T09:18:31.363+0000] {dag.py:3823} INFO - Setting next_dagrun for update_car_data to 2025-09-02 15:00:00+00:00, run_after=2025-09-03 15:00:00+00:00
[2025-09-03T09:18:31.373+0000] {processor.py:183} INFO - Processing /opt/airflow/dags/update_car_data_dag.py took 0.097 seconds
[2025-09-03T09:19:01.667+0000] {processor.py:161} INFO - Started process (PID=195) to work on /opt/airflow/dags/update_car_data_dag.py
[2025-09-03T09:19:01.668+0000] {processor.py:830} INFO - Processing file /opt/airflow/dags/update_car_data_dag.py for tasks to queue
[2025-09-03T09:19:01.669+0000] {logging_mixin.py:188} INFO - [2025-09-03T09:19:01.669+0000] {dagbag.py:538} INFO - Filling up the DagBag from /opt/airflow/dags/update_car_data_dag.py
[2025-09-03T09:19:01.688+0000] {processor.py:840} INFO - DAG(s) 'update_car_data' retrieved from /opt/airflow/dags/update_car_data_dag.py
[2025-09-03T09:19:01.723+0000] {logging_mixin.py:188} INFO - [2025-09-03T09:19:01.723+0000] {dag.py:3036} INFO - Sync 1 DAGs
[2025-09-03T09:19:01.742+0000] {logging_mixin.py:188} INFO - [2025-09-03T09:19:01.742+0000] {dag.py:3823} INFO - Setting next_dagrun for update_car_data to 2025-09-02 15:00:00+00:00, run_after=2025-09-03 15:00:00+00:00
[2025-09-03T09:19:01.754+0000] {processor.py:183} INFO - Processing /opt/airflow/dags/update_car_data_dag.py took 0.095 seconds
[2025-09-03T09:19:32.047+0000] {processor.py:161} INFO - Started process (PID=200) to work on /opt/airflow/dags/update_car_data_dag.py
[2025-09-03T09:19:32.047+0000] {processor.py:830} INFO - Processing file /opt/airflow/dags/update_car_data_dag.py for tasks to queue
[2025-09-03T09:19:32.048+0000] {logging_mixin.py:188} INFO - [2025-09-03T09:19:32.048+0000] {dagbag.py:538} INFO - Filling up the DagBag from /opt/airflow/dags/update_car_data_dag.py
[2025-09-03T09:19:32.064+0000] {processor.py:840} INFO - DAG(s) 'update_car_data' retrieved from /opt/airflow/dags/update_car_data_dag.py
[2025-09-03T09:19:32.093+0000] {logging_mixin.py:188} INFO - [2025-09-03T09:19:32.093+0000] {dag.py:3036} INFO - Sync 1 DAGs
[2025-09-03T09:19:32.110+0000] {logging_mixin.py:188} INFO - [2025-09-03T09:19:32.109+0000] {dag.py:3823} INFO - Setting next_dagrun for update_car_data to 2025-09-02 15:00:00+00:00, run_after=2025-09-03 15:00:00+00:00
[2025-09-03T09:19:32.121+0000] {processor.py:183} INFO - Processing /opt/airflow/dags/update_car_data_dag.py took 0.078 seconds
[2025-09-03T09:20:02.448+0000] {processor.py:161} INFO - Started process (PID=205) to work on /opt/airflow/dags/update_car_data_dag.py
[2025-09-03T09:20:02.449+0000] {processor.py:830} INFO - Processing file /opt/airflow/dags/update_car_data_dag.py for tasks to queue
[2025-09-03T09:20:02.450+0000] {logging_mixin.py:188} INFO - [2025-09-03T09:20:02.450+0000] {dagbag.py:538} INFO - Filling up the DagBag from /opt/airflow/dags/update_car_data_dag.py
[2025-09-03T09:20:02.468+0000] {processor.py:840} INFO - DAG(s) 'update_car_data' retrieved from /opt/airflow/dags/update_car_data_dag.py
[2025-09-03T09:20:02.494+0000] {logging_mixin.py:188} INFO - [2025-09-03T09:20:02.494+0000] {dag.py:3036} INFO - Sync 1 DAGs
[2025-09-03T09:20:02.512+0000] {logging_mixin.py:188} INFO - [2025-09-03T09:20:02.512+0000] {dag.py:3823} INFO - Setting next_dagrun for update_car_data to 2025-09-02 15:00:00+00:00, run_after=2025-09-03 15:00:00+00:00
[2025-09-03T09:20:02.522+0000] {processor.py:183} INFO - Processing /opt/airflow/dags/update_car_data_dag.py took 0.079 seconds
[2025-09-03T09:20:32.817+0000] {processor.py:161} INFO - Started process (PID=210) to work on /opt/airflow/dags/update_car_data_dag.py
[2025-09-03T09:20:32.818+0000] {processor.py:830} INFO - Processing file /opt/airflow/dags/update_car_data_dag.py for tasks to queue
[2025-09-03T09:20:32.819+0000] {logging_mixin.py:188} INFO - [2025-09-03T09:20:32.818+0000] {dagbag.py:538} INFO - Filling up the DagBag from /opt/airflow/dags/update_car_data_dag.py
[2025-09-03T09:20:32.837+0000] {processor.py:840} INFO - DAG(s) 'update_car_data' retrieved from /opt/airflow/dags/update_car_data_dag.py
[2025-09-03T09:20:32.868+0000] {logging_mixin.py:188} INFO - [2025-09-03T09:20:32.868+0000] {dag.py:3036} INFO - Sync 1 DAGs
[2025-09-03T09:20:32.884+0000] {logging_mixin.py:188} INFO - [2025-09-03T09:20:32.883+0000] {dag.py:3823} INFO - Setting next_dagrun for update_car_data to 2025-09-02 15:00:00+00:00, run_after=2025-09-03 15:00:00+00:00
[2025-09-03T09:20:32.894+0000] {processor.py:183} INFO - Processing /opt/airflow/dags/update_car_data_dag.py took 0.085 seconds
[2025-09-03T09:21:03.259+0000] {processor.py:161} INFO - Started process (PID=215) to work on /opt/airflow/dags/update_car_data_dag.py
[2025-09-03T09:21:03.260+0000] {processor.py:830} INFO - Processing file /opt/airflow/dags/update_car_data_dag.py for tasks to queue
[2025-09-03T09:21:03.262+0000] {logging_mixin.py:188} INFO - [2025-09-03T09:21:03.262+0000] {dagbag.py:538} INFO - Filling up the DagBag from /opt/airflow/dags/update_car_data_dag.py
[2025-09-03T09:21:03.287+0000] {processor.py:840} INFO - DAG(s) 'update_car_data' retrieved from /opt/airflow/dags/update_car_data_dag.py
[2025-09-03T09:21:03.330+0000] {logging_mixin.py:188} INFO - [2025-09-03T09:21:03.330+0000] {dag.py:3036} INFO - Sync 1 DAGs
[2025-09-03T09:21:03.360+0000] {logging_mixin.py:188} INFO - [2025-09-03T09:21:03.360+0000] {dag.py:3823} INFO - Setting next_dagrun for update_car_data to 2025-09-02 15:00:00+00:00, run_after=2025-09-03 15:00:00+00:00
[2025-09-03T09:21:03.375+0000] {processor.py:183} INFO - Processing /opt/airflow/dags/update_car_data_dag.py took 0.121 seconds
[2025-09-03T09:21:33.629+0000] {processor.py:161} INFO - Started process (PID=220) to work on /opt/airflow/dags/update_car_data_dag.py
[2025-09-03T09:21:33.631+0000] {processor.py:830} INFO - Processing file /opt/airflow/dags/update_car_data_dag.py for tasks to queue
[2025-09-03T09:21:33.632+0000] {logging_mixin.py:188} INFO - [2025-09-03T09:21:33.631+0000] {dagbag.py:538} INFO - Filling up the DagBag from /opt/airflow/dags/update_car_data_dag.py
[2025-09-03T09:21:33.658+0000] {processor.py:840} INFO - DAG(s) 'update_car_data' retrieved from /opt/airflow/dags/update_car_data_dag.py
[2025-09-03T09:21:33.716+0000] {logging_mixin.py:188} INFO - [2025-09-03T09:21:33.716+0000] {dag.py:3036} INFO - Sync 1 DAGs
[2025-09-03T09:21:33.750+0000] {logging_mixin.py:188} INFO - [2025-09-03T09:21:33.750+0000] {dag.py:3823} INFO - Setting next_dagrun for update_car_data to 2025-09-02 15:00:00+00:00, run_after=2025-09-03 15:00:00+00:00
[2025-09-03T09:21:33.763+0000] {processor.py:183} INFO - Processing /opt/airflow/dags/update_car_data_dag.py took 0.139 seconds
[2025-09-03T09:22:03.965+0000] {processor.py:161} INFO - Started process (PID=225) to work on /opt/airflow/dags/update_car_data_dag.py
[2025-09-03T09:22:03.966+0000] {processor.py:830} INFO - Processing file /opt/airflow/dags/update_car_data_dag.py for tasks to queue
[2025-09-03T09:22:03.967+0000] {logging_mixin.py:188} INFO - [2025-09-03T09:22:03.967+0000] {dagbag.py:538} INFO - Filling up the DagBag from /opt/airflow/dags/update_car_data_dag.py
[2025-09-03T09:22:03.994+0000] {processor.py:840} INFO - DAG(s) 'update_car_data' retrieved from /opt/airflow/dags/update_car_data_dag.py
[2025-09-03T09:22:04.049+0000] {logging_mixin.py:188} INFO - [2025-09-03T09:22:04.049+0000] {dag.py:3036} INFO - Sync 1 DAGs
[2025-09-03T09:22:04.093+0000] {logging_mixin.py:188} INFO - [2025-09-03T09:22:04.093+0000] {dag.py:3823} INFO - Setting next_dagrun for update_car_data to 2025-09-02 15:00:00+00:00, run_after=2025-09-03 15:00:00+00:00
[2025-09-03T09:22:04.113+0000] {processor.py:183} INFO - Processing /opt/airflow/dags/update_car_data_dag.py took 0.155 seconds
[2025-09-03T09:22:34.318+0000] {processor.py:161} INFO - Started process (PID=230) to work on /opt/airflow/dags/update_car_data_dag.py
[2025-09-03T09:22:34.318+0000] {processor.py:830} INFO - Processing file /opt/airflow/dags/update_car_data_dag.py for tasks to queue
[2025-09-03T09:22:34.320+0000] {logging_mixin.py:188} INFO - [2025-09-03T09:22:34.320+0000] {dagbag.py:538} INFO - Filling up the DagBag from /opt/airflow/dags/update_car_data_dag.py
[2025-09-03T09:22:34.341+0000] {processor.py:840} INFO - DAG(s) 'update_car_data' retrieved from /opt/airflow/dags/update_car_data_dag.py
[2025-09-03T09:22:34.386+0000] {logging_mixin.py:188} INFO - [2025-09-03T09:22:34.386+0000] {dag.py:3036} INFO - Sync 1 DAGs
[2025-09-03T09:22:34.410+0000] {logging_mixin.py:188} INFO - [2025-09-03T09:22:34.410+0000] {dag.py:3823} INFO - Setting next_dagrun for update_car_data to 2025-09-02 15:00:00+00:00, run_after=2025-09-03 15:00:00+00:00
[2025-09-03T09:22:34.423+0000] {processor.py:183} INFO - Processing /opt/airflow/dags/update_car_data_dag.py took 0.115 seconds
[2025-09-03T09:23:04.627+0000] {processor.py:161} INFO - Started process (PID=235) to work on /opt/airflow/dags/update_car_data_dag.py
[2025-09-03T09:23:04.628+0000] {processor.py:830} INFO - Processing file /opt/airflow/dags/update_car_data_dag.py for tasks to queue
[2025-09-03T09:23:04.631+0000] {logging_mixin.py:188} INFO - [2025-09-03T09:23:04.629+0000] {dagbag.py:538} INFO - Filling up the DagBag from /opt/airflow/dags/update_car_data_dag.py
[2025-09-03T09:23:04.652+0000] {processor.py:840} INFO - DAG(s) 'update_car_data' retrieved from /opt/airflow/dags/update_car_data_dag.py
[2025-09-03T09:23:04.695+0000] {logging_mixin.py:188} INFO - [2025-09-03T09:23:04.695+0000] {dag.py:3036} INFO - Sync 1 DAGs
[2025-09-03T09:23:04.713+0000] {logging_mixin.py:188} INFO - [2025-09-03T09:23:04.713+0000] {dag.py:3823} INFO - Setting next_dagrun for update_car_data to 2025-09-02 15:00:00+00:00, run_after=2025-09-03 15:00:00+00:00
[2025-09-03T09:23:04.723+0000] {processor.py:183} INFO - Processing /opt/airflow/dags/update_car_data_dag.py took 0.103 seconds
[2025-09-03T09:23:35.038+0000] {processor.py:161} INFO - Started process (PID=240) to work on /opt/airflow/dags/update_car_data_dag.py
[2025-09-03T09:23:35.039+0000] {processor.py:830} INFO - Processing file /opt/airflow/dags/update_car_data_dag.py for tasks to queue
[2025-09-03T09:23:35.040+0000] {logging_mixin.py:188} INFO - [2025-09-03T09:23:35.040+0000] {dagbag.py:538} INFO - Filling up the DagBag from /opt/airflow/dags/update_car_data_dag.py
[2025-09-03T09:23:35.059+0000] {processor.py:840} INFO - DAG(s) 'update_car_data' retrieved from /opt/airflow/dags/update_car_data_dag.py
[2025-09-03T09:23:35.097+0000] {logging_mixin.py:188} INFO - [2025-09-03T09:23:35.097+0000] {dag.py:3036} INFO - Sync 1 DAGs
[2025-09-03T09:23:35.116+0000] {logging_mixin.py:188} INFO - [2025-09-03T09:23:35.116+0000] {dag.py:3823} INFO - Setting next_dagrun for update_car_data to 2025-09-02 15:00:00+00:00, run_after=2025-09-03 15:00:00+00:00
[2025-09-03T09:23:35.128+0000] {processor.py:183} INFO - Processing /opt/airflow/dags/update_car_data_dag.py took 0.095 seconds
[2025-09-03T09:24:05.446+0000] {processor.py:161} INFO - Started process (PID=245) to work on /opt/airflow/dags/update_car_data_dag.py
[2025-09-03T09:24:05.447+0000] {processor.py:830} INFO - Processing file /opt/airflow/dags/update_car_data_dag.py for tasks to queue
[2025-09-03T09:24:05.449+0000] {logging_mixin.py:188} INFO - [2025-09-03T09:24:05.448+0000] {dagbag.py:538} INFO - Filling up the DagBag from /opt/airflow/dags/update_car_data_dag.py
[2025-09-03T09:24:05.463+0000] {processor.py:840} INFO - DAG(s) 'update_car_data' retrieved from /opt/airflow/dags/update_car_data_dag.py
[2025-09-03T09:24:05.502+0000] {logging_mixin.py:188} INFO - [2025-09-03T09:24:05.502+0000] {dag.py:3036} INFO - Sync 1 DAGs
[2025-09-03T09:24:05.521+0000] {logging_mixin.py:188} INFO - [2025-09-03T09:24:05.521+0000] {dag.py:3823} INFO - Setting next_dagrun for update_car_data to 2025-09-02 15:00:00+00:00, run_after=2025-09-03 15:00:00+00:00
[2025-09-03T09:24:05.531+0000] {processor.py:183} INFO - Processing /opt/airflow/dags/update_car_data_dag.py took 0.091 seconds
[2025-09-03T09:24:35.841+0000] {processor.py:161} INFO - Started process (PID=250) to work on /opt/airflow/dags/update_car_data_dag.py
[2025-09-03T09:24:35.842+0000] {processor.py:830} INFO - Processing file /opt/airflow/dags/update_car_data_dag.py for tasks to queue
[2025-09-03T09:24:35.843+0000] {logging_mixin.py:188} INFO - [2025-09-03T09:24:35.843+0000] {dagbag.py:538} INFO - Filling up the DagBag from /opt/airflow/dags/update_car_data_dag.py
[2025-09-03T09:24:35.866+0000] {processor.py:840} INFO - DAG(s) 'update_car_data' retrieved from /opt/airflow/dags/update_car_data_dag.py
[2025-09-03T09:24:35.903+0000] {logging_mixin.py:188} INFO - [2025-09-03T09:24:35.903+0000] {dag.py:3036} INFO - Sync 1 DAGs
[2025-09-03T09:24:35.922+0000] {logging_mixin.py:188} INFO - [2025-09-03T09:24:35.922+0000] {dag.py:3823} INFO - Setting next_dagrun for update_car_data to 2025-09-02 15:00:00+00:00, run_after=2025-09-03 15:00:00+00:00
[2025-09-03T09:24:35.933+0000] {processor.py:183} INFO - Processing /opt/airflow/dags/update_car_data_dag.py took 0.097 seconds
[2025-09-03T09:25:06.189+0000] {processor.py:161} INFO - Started process (PID=255) to work on /opt/airflow/dags/update_car_data_dag.py
[2025-09-03T09:25:06.190+0000] {processor.py:830} INFO - Processing file /opt/airflow/dags/update_car_data_dag.py for tasks to queue
[2025-09-03T09:25:06.190+0000] {logging_mixin.py:188} INFO - [2025-09-03T09:25:06.190+0000] {dagbag.py:538} INFO - Filling up the DagBag from /opt/airflow/dags/update_car_data_dag.py
[2025-09-03T09:25:06.205+0000] {processor.py:840} INFO - DAG(s) 'update_car_data' retrieved from /opt/airflow/dags/update_car_data_dag.py
[2025-09-03T09:25:06.235+0000] {logging_mixin.py:188} INFO - [2025-09-03T09:25:06.235+0000] {dag.py:3036} INFO - Sync 1 DAGs
[2025-09-03T09:25:06.264+0000] {logging_mixin.py:188} INFO - [2025-09-03T09:25:06.264+0000] {dag.py:3823} INFO - Setting next_dagrun for update_car_data to 2025-09-02 15:00:00+00:00, run_after=2025-09-03 15:00:00+00:00
[2025-09-03T09:25:06.277+0000] {processor.py:183} INFO - Processing /opt/airflow/dags/update_car_data_dag.py took 0.092 seconds
[2025-09-03T09:25:36.586+0000] {processor.py:161} INFO - Started process (PID=260) to work on /opt/airflow/dags/update_car_data_dag.py
[2025-09-03T09:25:36.588+0000] {processor.py:830} INFO - Processing file /opt/airflow/dags/update_car_data_dag.py for tasks to queue
[2025-09-03T09:25:36.589+0000] {logging_mixin.py:188} INFO - [2025-09-03T09:25:36.588+0000] {dagbag.py:538} INFO - Filling up the DagBag from /opt/airflow/dags/update_car_data_dag.py
[2025-09-03T09:25:36.606+0000] {processor.py:840} INFO - DAG(s) 'update_car_data' retrieved from /opt/airflow/dags/update_car_data_dag.py
[2025-09-03T09:25:36.643+0000] {logging_mixin.py:188} INFO - [2025-09-03T09:25:36.643+0000] {dag.py:3036} INFO - Sync 1 DAGs
[2025-09-03T09:25:36.660+0000] {logging_mixin.py:188} INFO - [2025-09-03T09:25:36.660+0000] {dag.py:3823} INFO - Setting next_dagrun for update_car_data to 2025-09-02 15:00:00+00:00, run_after=2025-09-03 15:00:00+00:00
[2025-09-03T09:25:36.672+0000] {processor.py:183} INFO - Processing /opt/airflow/dags/update_car_data_dag.py took 0.091 seconds
[2025-09-03T09:26:06.946+0000] {processor.py:161} INFO - Started process (PID=265) to work on /opt/airflow/dags/update_car_data_dag.py
[2025-09-03T09:26:06.947+0000] {processor.py:830} INFO - Processing file /opt/airflow/dags/update_car_data_dag.py for tasks to queue
[2025-09-03T09:26:06.949+0000] {logging_mixin.py:188} INFO - [2025-09-03T09:26:06.949+0000] {dagbag.py:538} INFO - Filling up the DagBag from /opt/airflow/dags/update_car_data_dag.py
[2025-09-03T09:26:06.968+0000] {processor.py:840} INFO - DAG(s) 'update_car_data' retrieved from /opt/airflow/dags/update_car_data_dag.py
[2025-09-03T09:26:07.002+0000] {logging_mixin.py:188} INFO - [2025-09-03T09:26:07.002+0000] {dag.py:3036} INFO - Sync 1 DAGs
[2025-09-03T09:26:07.022+0000] {logging_mixin.py:188} INFO - [2025-09-03T09:26:07.022+0000] {dag.py:3823} INFO - Setting next_dagrun for update_car_data to 2025-09-02 15:00:00+00:00, run_after=2025-09-03 15:00:00+00:00
[2025-09-03T09:26:07.032+0000] {processor.py:183} INFO - Processing /opt/airflow/dags/update_car_data_dag.py took 0.093 seconds
[2025-09-03T09:26:37.318+0000] {processor.py:161} INFO - Started process (PID=270) to work on /opt/airflow/dags/update_car_data_dag.py
[2025-09-03T09:26:37.319+0000] {processor.py:830} INFO - Processing file /opt/airflow/dags/update_car_data_dag.py for tasks to queue
[2025-09-03T09:26:37.320+0000] {logging_mixin.py:188} INFO - [2025-09-03T09:26:37.320+0000] {dagbag.py:538} INFO - Filling up the DagBag from /opt/airflow/dags/update_car_data_dag.py
[2025-09-03T09:26:37.340+0000] {processor.py:840} INFO - DAG(s) 'update_car_data' retrieved from /opt/airflow/dags/update_car_data_dag.py
[2025-09-03T09:26:37.373+0000] {logging_mixin.py:188} INFO - [2025-09-03T09:26:37.373+0000] {dag.py:3036} INFO - Sync 1 DAGs
[2025-09-03T09:26:37.390+0000] {logging_mixin.py:188} INFO - [2025-09-03T09:26:37.390+0000] {dag.py:3823} INFO - Setting next_dagrun for update_car_data to 2025-09-02 15:00:00+00:00, run_after=2025-09-03 15:00:00+00:00
[2025-09-03T09:26:37.400+0000] {processor.py:183} INFO - Processing /opt/airflow/dags/update_car_data_dag.py took 0.087 seconds
