[2025-09-03T09:16:29.740+0000] {manager.py:469} INFO - Processing files using up to 2 processes at a time 
[2025-09-03T09:16:29.741+0000] {manager.py:470} INFO - Process each file at most once every 30 seconds
[2025-09-03T09:16:29.741+0000] {manager.py:471} INFO - Checking for new files in /opt/airflow/dags every 300 seconds
[2025-09-03T09:16:29.741+0000] {manager.py:738} INFO - Searching for files in /opt/airflow/dags
[2025-09-03T09:16:29.746+0000] {manager.py:741} INFO - There are 1 files in /opt/airflow/dags
[2025-09-03T09:16:29.817+0000] {manager.py:879} INFO - 
================================================================================
DAG File Processing Stats

File Path                                   PID  Runtime      # DAGs    # Errors  Last Runtime    Last Run
----------------------------------------  -----  ---------  --------  ----------  --------------  ----------
/opt/airflow/dags/update_car_data_dag.py    167  0.03s             0           0
================================================================================
[2025-09-03T09:17:00.079+0000] {manager.py:879} INFO - 
================================================================================
DAG File Processing Stats

File Path                                   PID  Runtime      # DAGs    # Errors  Last Runtime    Last Run
----------------------------------------  -----  ---------  --------  ----------  --------------  -------------------
/opt/airflow/dags/update_car_data_dag.py    172  0.03s             1           0  0.24s           2025-09-03T09:16:30
================================================================================
[2025-09-03T09:17:30.493+0000] {manager.py:879} INFO - 
================================================================================
DAG File Processing Stats

File Path                                   PID  Runtime      # DAGs    # Errors  Last Runtime    Last Run
----------------------------------------  -----  ---------  --------  ----------  --------------  -------------------
/opt/airflow/dags/update_car_data_dag.py    177  0.04s             1           0  0.14s           2025-09-03T09:17:00
================================================================================
[2025-09-03T09:18:00.896+0000] {manager.py:879} INFO - 
================================================================================
DAG File Processing Stats

File Path                                   PID  Runtime      # DAGs    # Errors  Last Runtime    Last Run
----------------------------------------  -----  ---------  --------  ----------  --------------  -------------------
/opt/airflow/dags/update_car_data_dag.py    182  0.03s             1           0  0.15s           2025-09-03T09:17:30
================================================================================
[2025-09-03T09:18:31.268+0000] {manager.py:879} INFO - 
================================================================================
DAG File Processing Stats

File Path                                   PID  Runtime      # DAGs    # Errors  Last Runtime    Last Run
----------------------------------------  -----  ---------  --------  ----------  --------------  -------------------
/opt/airflow/dags/update_car_data_dag.py    190  0.02s             1           0  0.19s           2025-09-03T09:18:01
================================================================================
[2025-09-03T09:19:01.639+0000] {manager.py:879} INFO - 
================================================================================
DAG File Processing Stats

File Path                                   PID  Runtime      # DAGs    # Errors  Last Runtime    Last Run
----------------------------------------  -----  ---------  --------  ----------  --------------  -------------------
/opt/airflow/dags/update_car_data_dag.py    195  0.02s             1           0  0.13s           2025-09-03T09:18:31
================================================================================
[2025-09-03T09:19:32.030+0000] {manager.py:879} INFO - 
================================================================================
DAG File Processing Stats

File Path                                   PID  Runtime      # DAGs    # Errors  Last Runtime    Last Run
----------------------------------------  -----  ---------  --------  ----------  --------------  -------------------
/opt/airflow/dags/update_car_data_dag.py    200  0.02s             1           0  0.15s           2025-09-03T09:19:01
================================================================================
[2025-09-03T09:20:02.431+0000] {manager.py:879} INFO - 
================================================================================
DAG File Processing Stats

File Path                                   PID  Runtime      # DAGs    # Errors  Last Runtime    Last Run
----------------------------------------  -----  ---------  --------  ----------  --------------  -------------------
/opt/airflow/dags/update_car_data_dag.py    205  0.02s             1           0  0.12s           2025-09-03T09:19:32
================================================================================
[2025-09-03T09:20:32.796+0000] {manager.py:879} INFO - 
================================================================================
DAG File Processing Stats

File Path                                   PID  Runtime      # DAGs    # Errors  Last Runtime    Last Run
----------------------------------------  -----  ---------  --------  ----------  --------------  -------------------
/opt/airflow/dags/update_car_data_dag.py    210  0.02s             1           0  0.12s           2025-09-03T09:20:02
================================================================================
[2025-09-03T09:21:03.240+0000] {manager.py:879} INFO - 
================================================================================
DAG File Processing Stats

File Path                                   PID  Runtime      # DAGs    # Errors  Last Runtime    Last Run
----------------------------------------  -----  ---------  --------  ----------  --------------  -------------------
/opt/airflow/dags/update_car_data_dag.py    215  0.03s             1           0  0.13s           2025-09-03T09:20:32
================================================================================
[2025-09-03T09:21:30.520+0000] {manager.py:738} INFO - Searching for files in /opt/airflow/dags
[2025-09-03T09:21:30.530+0000] {manager.py:741} INFO - There are 1 files in /opt/airflow/dags
[2025-09-03T09:21:33.616+0000] {manager.py:879} INFO - 
================================================================================
DAG File Processing Stats

File Path                                   PID  Runtime      # DAGs    # Errors  Last Runtime    Last Run
----------------------------------------  -----  ---------  --------  ----------  --------------  -------------------
/opt/airflow/dags/update_car_data_dag.py    220  0.03s             1           0  0.17s           2025-09-03T09:21:03
================================================================================
[2025-09-03T09:22:03.951+0000] {manager.py:879} INFO - 
================================================================================
DAG File Processing Stats

File Path                                   PID  Runtime      # DAGs    # Errors  Last Runtime    Last Run
----------------------------------------  -----  ---------  --------  ----------  --------------  -------------------
/opt/airflow/dags/update_car_data_dag.py    225  0.03s             1           0  0.19s           2025-09-03T09:21:33
================================================================================
[2025-09-03T09:22:34.299+0000] {manager.py:879} INFO - 
================================================================================
DAG File Processing Stats

File Path                                   PID  Runtime      # DAGs    # Errors  Last Runtime    Last Run
----------------------------------------  -----  ---------  --------  ----------  --------------  -------------------
/opt/airflow/dags/update_car_data_dag.py    230  0.03s             1           0  0.19s           2025-09-03T09:22:04
================================================================================
[2025-09-03T09:23:04.610+0000] {manager.py:879} INFO - 
================================================================================
DAG File Processing Stats

File Path                                   PID  Runtime      # DAGs    # Errors  Last Runtime    Last Run
----------------------------------------  -----  ---------  --------  ----------  --------------  -------------------
/opt/airflow/dags/update_car_data_dag.py    235  0.02s             1           0  0.16s           2025-09-03T09:22:34
================================================================================
[2025-09-03T09:23:35.020+0000] {manager.py:879} INFO - 
================================================================================
DAG File Processing Stats

File Path                                   PID  Runtime      # DAGs    # Errors  Last Runtime    Last Run
----------------------------------------  -----  ---------  --------  ----------  --------------  -------------------
/opt/airflow/dags/update_car_data_dag.py    240  0.02s             1           0  0.14s           2025-09-03T09:23:04
================================================================================
[2025-09-03T09:24:05.426+0000] {manager.py:879} INFO - 
================================================================================
DAG File Processing Stats

File Path                                   PID  Runtime      # DAGs    # Errors  Last Runtime    Last Run
----------------------------------------  -----  ---------  --------  ----------  --------------  -------------------
/opt/airflow/dags/update_car_data_dag.py    245  0.04s             1           0  0.14s           2025-09-03T09:23:35
================================================================================
[2025-09-03T09:24:35.824+0000] {manager.py:879} INFO - 
================================================================================
DAG File Processing Stats

File Path                                   PID  Runtime      # DAGs    # Errors  Last Runtime    Last Run
----------------------------------------  -----  ---------  --------  ----------  --------------  -------------------
/opt/airflow/dags/update_car_data_dag.py    250  0.03s             1           0  0.15s           2025-09-03T09:24:05
================================================================================
[2025-09-03T09:25:06.176+0000] {manager.py:879} INFO - 
================================================================================
DAG File Processing Stats

File Path                                   PID  Runtime      # DAGs    # Errors  Last Runtime    Last Run
----------------------------------------  -----  ---------  --------  ----------  --------------  -------------------
/opt/airflow/dags/update_car_data_dag.py    255  0.02s             1           0  0.15s           2025-09-03T09:24:35
================================================================================
[2025-09-03T09:25:36.566+0000] {manager.py:879} INFO - 
================================================================================
DAG File Processing Stats

File Path                                   PID  Runtime      # DAGs    # Errors  Last Runtime    Last Run
----------------------------------------  -----  ---------  --------  ----------  --------------  -------------------
/opt/airflow/dags/update_car_data_dag.py    260  0.04s             1           0  0.13s           2025-09-03T09:25:06
================================================================================
[2025-09-03T09:26:06.932+0000] {manager.py:879} INFO - 
================================================================================
DAG File Processing Stats

File Path                                   PID  Runtime      # DAGs    # Errors  Last Runtime    Last Run
----------------------------------------  -----  ---------  --------  ----------  --------------  -------------------
/opt/airflow/dags/update_car_data_dag.py    265  0.01s             1           0  0.16s           2025-09-03T09:25:36
================================================================================
[2025-09-03T09:26:31.198+0000] {manager.py:738} INFO - Searching for files in /opt/airflow/dags
[2025-09-03T09:26:31.209+0000] {manager.py:741} INFO - There are 1 files in /opt/airflow/dags
[2025-09-03T09:26:37.304+0000] {manager.py:879} INFO - 
================================================================================
DAG File Processing Stats

File Path                                   PID  Runtime      # DAGs    # Errors  Last Runtime    Last Run
----------------------------------------  -----  ---------  --------  ----------  --------------  -------------------
/opt/airflow/dags/update_car_data_dag.py    270  0.01s             1           0  0.12s           2025-09-03T09:26:07
================================================================================
