[2025-09-09T00:00:21.008+0000] {processor.py:161} INFO - Started process (PID=176) to work on /opt/airflow/dags/update_car_data_dag.py
[2025-09-09T00:00:21.009+0000] {processor.py:830} INFO - Processing file /opt/airflow/dags/update_car_data_dag.py for tasks to queue
[2025-09-09T00:00:21.010+0000] {logging_mixin.py:188} INFO - [2025-09-09T00:00:21.009+0000] {dagbag.py:538} INFO - Filling up the DagBag from /opt/airflow/dags/update_car_data_dag.py
[2025-09-09T00:00:21.023+0000] {processor.py:840} INFO - DAG(s) 'update_car_data' retrieved from /opt/airflow/dags/update_car_data_dag.py
[2025-09-09T00:00:21.059+0000] {logging_mixin.py:188} INFO - [2025-09-09T00:00:21.058+0000] {dag.py:3036} INFO - Sync 1 DAGs
[2025-09-09T00:00:21.082+0000] {logging_mixin.py:188} INFO - [2025-09-09T00:00:21.082+0000] {dag.py:3823} INFO - Setting next_dagrun for update_car_data to 2025-09-07 15:00:00+00:00, run_after=2025-09-08 15:00:00+00:00
[2025-09-09T00:00:21.097+0000] {processor.py:183} INFO - Processing /opt/airflow/dags/update_car_data_dag.py took 0.095 seconds
[2025-09-09T00:00:51.365+0000] {processor.py:161} INFO - Started process (PID=181) to work on /opt/airflow/dags/update_car_data_dag.py
[2025-09-09T00:00:51.366+0000] {processor.py:830} INFO - Processing file /opt/airflow/dags/update_car_data_dag.py for tasks to queue
[2025-09-09T00:00:51.367+0000] {logging_mixin.py:188} INFO - [2025-09-09T00:00:51.366+0000] {dagbag.py:538} INFO - Filling up the DagBag from /opt/airflow/dags/update_car_data_dag.py
[2025-09-09T00:00:51.382+0000] {processor.py:840} INFO - DAG(s) 'update_car_data' retrieved from /opt/airflow/dags/update_car_data_dag.py
[2025-09-09T00:00:51.417+0000] {logging_mixin.py:188} INFO - [2025-09-09T00:00:51.417+0000] {dag.py:3036} INFO - Sync 1 DAGs
[2025-09-09T00:00:51.434+0000] {logging_mixin.py:188} INFO - [2025-09-09T00:00:51.434+0000] {dag.py:3823} INFO - Setting next_dagrun for update_car_data to 2025-09-07 15:00:00+00:00, run_after=2025-09-08 15:00:00+00:00
[2025-09-09T00:00:51.444+0000] {processor.py:183} INFO - Processing /opt/airflow/dags/update_car_data_dag.py took 0.083 seconds
[2025-09-09T00:01:21.664+0000] {processor.py:161} INFO - Started process (PID=186) to work on /opt/airflow/dags/update_car_data_dag.py
[2025-09-09T00:01:21.665+0000] {processor.py:830} INFO - Processing file /opt/airflow/dags/update_car_data_dag.py for tasks to queue
[2025-09-09T00:01:21.666+0000] {logging_mixin.py:188} INFO - [2025-09-09T00:01:21.665+0000] {dagbag.py:538} INFO - Filling up the DagBag from /opt/airflow/dags/update_car_data_dag.py
[2025-09-09T00:01:21.698+0000] {processor.py:840} INFO - DAG(s) 'update_car_data' retrieved from /opt/airflow/dags/update_car_data_dag.py
[2025-09-09T00:01:21.728+0000] {logging_mixin.py:188} INFO - [2025-09-09T00:01:21.728+0000] {dag.py:3036} INFO - Sync 1 DAGs
[2025-09-09T00:01:21.744+0000] {logging_mixin.py:188} INFO - [2025-09-09T00:01:21.744+0000] {dag.py:3823} INFO - Setting next_dagrun for update_car_data to 2025-09-07 15:00:00+00:00, run_after=2025-09-08 15:00:00+00:00
[2025-09-09T00:01:21.754+0000] {processor.py:183} INFO - Processing /opt/airflow/dags/update_car_data_dag.py took 0.094 seconds
[2025-09-09T00:01:52.010+0000] {processor.py:161} INFO - Started process (PID=191) to work on /opt/airflow/dags/update_car_data_dag.py
[2025-09-09T00:01:52.011+0000] {processor.py:830} INFO - Processing file /opt/airflow/dags/update_car_data_dag.py for tasks to queue
[2025-09-09T00:01:52.013+0000] {logging_mixin.py:188} INFO - [2025-09-09T00:01:52.012+0000] {dagbag.py:538} INFO - Filling up the DagBag from /opt/airflow/dags/update_car_data_dag.py
[2025-09-09T00:01:52.038+0000] {processor.py:840} INFO - DAG(s) 'update_car_data' retrieved from /opt/airflow/dags/update_car_data_dag.py
[2025-09-09T00:01:52.075+0000] {logging_mixin.py:188} INFO - [2025-09-09T00:01:52.075+0000] {dag.py:3036} INFO - Sync 1 DAGs
[2025-09-09T00:01:52.094+0000] {logging_mixin.py:188} INFO - [2025-09-09T00:01:52.094+0000] {dag.py:3823} INFO - Setting next_dagrun for update_car_data to 2025-09-07 15:00:00+00:00, run_after=2025-09-08 15:00:00+00:00
[2025-09-09T00:01:52.104+0000] {processor.py:183} INFO - Processing /opt/airflow/dags/update_car_data_dag.py took 0.098 seconds
[2025-09-09T00:02:22.351+0000] {processor.py:161} INFO - Started process (PID=196) to work on /opt/airflow/dags/update_car_data_dag.py
[2025-09-09T00:02:22.352+0000] {processor.py:830} INFO - Processing file /opt/airflow/dags/update_car_data_dag.py for tasks to queue
[2025-09-09T00:02:22.353+0000] {logging_mixin.py:188} INFO - [2025-09-09T00:02:22.353+0000] {dagbag.py:538} INFO - Filling up the DagBag from /opt/airflow/dags/update_car_data_dag.py
[2025-09-09T00:02:22.379+0000] {processor.py:840} INFO - DAG(s) 'update_car_data' retrieved from /opt/airflow/dags/update_car_data_dag.py
[2025-09-09T00:02:22.415+0000] {logging_mixin.py:188} INFO - [2025-09-09T00:02:22.415+0000] {dag.py:3036} INFO - Sync 1 DAGs
[2025-09-09T00:02:22.433+0000] {logging_mixin.py:188} INFO - [2025-09-09T00:02:22.433+0000] {dag.py:3823} INFO - Setting next_dagrun for update_car_data to 2025-09-07 15:00:00+00:00, run_after=2025-09-08 15:00:00+00:00
[2025-09-09T00:02:22.443+0000] {processor.py:183} INFO - Processing /opt/airflow/dags/update_car_data_dag.py took 0.096 seconds
[2025-09-09T00:02:52.733+0000] {processor.py:161} INFO - Started process (PID=201) to work on /opt/airflow/dags/update_car_data_dag.py
[2025-09-09T00:02:52.734+0000] {processor.py:830} INFO - Processing file /opt/airflow/dags/update_car_data_dag.py for tasks to queue
[2025-09-09T00:02:52.735+0000] {logging_mixin.py:188} INFO - [2025-09-09T00:02:52.735+0000] {dagbag.py:538} INFO - Filling up the DagBag from /opt/airflow/dags/update_car_data_dag.py
[2025-09-09T00:02:52.754+0000] {processor.py:840} INFO - DAG(s) 'update_car_data' retrieved from /opt/airflow/dags/update_car_data_dag.py
[2025-09-09T00:02:52.796+0000] {logging_mixin.py:188} INFO - [2025-09-09T00:02:52.796+0000] {dag.py:3036} INFO - Sync 1 DAGs
[2025-09-09T00:02:52.816+0000] {logging_mixin.py:188} INFO - [2025-09-09T00:02:52.816+0000] {dag.py:3823} INFO - Setting next_dagrun for update_car_data to 2025-09-07 15:00:00+00:00, run_after=2025-09-08 15:00:00+00:00
[2025-09-09T00:02:52.825+0000] {processor.py:183} INFO - Processing /opt/airflow/dags/update_car_data_dag.py took 0.095 seconds
[2025-09-09T00:03:23.131+0000] {processor.py:161} INFO - Started process (PID=206) to work on /opt/airflow/dags/update_car_data_dag.py
[2025-09-09T00:03:23.132+0000] {processor.py:830} INFO - Processing file /opt/airflow/dags/update_car_data_dag.py for tasks to queue
[2025-09-09T00:03:23.133+0000] {logging_mixin.py:188} INFO - [2025-09-09T00:03:23.132+0000] {dagbag.py:538} INFO - Filling up the DagBag from /opt/airflow/dags/update_car_data_dag.py
[2025-09-09T00:03:23.150+0000] {processor.py:840} INFO - DAG(s) 'update_car_data' retrieved from /opt/airflow/dags/update_car_data_dag.py
[2025-09-09T00:03:23.191+0000] {logging_mixin.py:188} INFO - [2025-09-09T00:03:23.191+0000] {dag.py:3036} INFO - Sync 1 DAGs
[2025-09-09T00:03:23.214+0000] {logging_mixin.py:188} INFO - [2025-09-09T00:03:23.214+0000] {dag.py:3823} INFO - Setting next_dagrun for update_car_data to 2025-09-07 15:00:00+00:00, run_after=2025-09-08 15:00:00+00:00
[2025-09-09T00:03:23.227+0000] {processor.py:183} INFO - Processing /opt/airflow/dags/update_car_data_dag.py took 0.100 seconds
[2025-09-09T00:03:53.470+0000] {processor.py:161} INFO - Started process (PID=211) to work on /opt/airflow/dags/update_car_data_dag.py
[2025-09-09T00:03:53.471+0000] {processor.py:830} INFO - Processing file /opt/airflow/dags/update_car_data_dag.py for tasks to queue
[2025-09-09T00:03:53.473+0000] {logging_mixin.py:188} INFO - [2025-09-09T00:03:53.472+0000] {dagbag.py:538} INFO - Filling up the DagBag from /opt/airflow/dags/update_car_data_dag.py
[2025-09-09T00:03:53.495+0000] {processor.py:840} INFO - DAG(s) 'update_car_data' retrieved from /opt/airflow/dags/update_car_data_dag.py
[2025-09-09T00:03:53.524+0000] {logging_mixin.py:188} INFO - [2025-09-09T00:03:53.524+0000] {dag.py:3036} INFO - Sync 1 DAGs
[2025-09-09T00:03:53.538+0000] {logging_mixin.py:188} INFO - [2025-09-09T00:03:53.538+0000] {dag.py:3823} INFO - Setting next_dagrun for update_car_data to 2025-09-07 15:00:00+00:00, run_after=2025-09-08 15:00:00+00:00
[2025-09-09T00:03:53.548+0000] {processor.py:183} INFO - Processing /opt/airflow/dags/update_car_data_dag.py took 0.086 seconds
[2025-09-09T00:04:23.914+0000] {processor.py:161} INFO - Started process (PID=216) to work on /opt/airflow/dags/update_car_data_dag.py
[2025-09-09T00:04:23.915+0000] {processor.py:830} INFO - Processing file /opt/airflow/dags/update_car_data_dag.py for tasks to queue
[2025-09-09T00:04:23.916+0000] {logging_mixin.py:188} INFO - [2025-09-09T00:04:23.915+0000] {dagbag.py:538} INFO - Filling up the DagBag from /opt/airflow/dags/update_car_data_dag.py
[2025-09-09T00:04:23.933+0000] {processor.py:840} INFO - DAG(s) 'update_car_data' retrieved from /opt/airflow/dags/update_car_data_dag.py
[2025-09-09T00:04:23.966+0000] {logging_mixin.py:188} INFO - [2025-09-09T00:04:23.965+0000] {dag.py:3036} INFO - Sync 1 DAGs
[2025-09-09T00:04:23.979+0000] {logging_mixin.py:188} INFO - [2025-09-09T00:04:23.979+0000] {dag.py:3823} INFO - Setting next_dagrun for update_car_data to 2025-09-07 15:00:00+00:00, run_after=2025-09-08 15:00:00+00:00
[2025-09-09T00:04:23.990+0000] {processor.py:183} INFO - Processing /opt/airflow/dags/update_car_data_dag.py took 0.082 seconds
[2025-09-09T00:04:54.303+0000] {processor.py:161} INFO - Started process (PID=221) to work on /opt/airflow/dags/update_car_data_dag.py
[2025-09-09T00:04:54.304+0000] {processor.py:830} INFO - Processing file /opt/airflow/dags/update_car_data_dag.py for tasks to queue
[2025-09-09T00:04:54.305+0000] {logging_mixin.py:188} INFO - [2025-09-09T00:04:54.305+0000] {dagbag.py:538} INFO - Filling up the DagBag from /opt/airflow/dags/update_car_data_dag.py
[2025-09-09T00:04:54.331+0000] {processor.py:840} INFO - DAG(s) 'update_car_data' retrieved from /opt/airflow/dags/update_car_data_dag.py
[2025-09-09T00:04:54.368+0000] {logging_mixin.py:188} INFO - [2025-09-09T00:04:54.368+0000] {dag.py:3036} INFO - Sync 1 DAGs
[2025-09-09T00:04:54.386+0000] {logging_mixin.py:188} INFO - [2025-09-09T00:04:54.386+0000] {dag.py:3823} INFO - Setting next_dagrun for update_car_data to 2025-09-07 15:00:00+00:00, run_after=2025-09-08 15:00:00+00:00
[2025-09-09T00:04:54.395+0000] {processor.py:183} INFO - Processing /opt/airflow/dags/update_car_data_dag.py took 0.097 seconds
[2025-09-09T00:05:24.507+0000] {processor.py:161} INFO - Started process (PID=226) to work on /opt/airflow/dags/update_car_data_dag.py
[2025-09-09T00:05:24.507+0000] {processor.py:830} INFO - Processing file /opt/airflow/dags/update_car_data_dag.py for tasks to queue
[2025-09-09T00:05:24.508+0000] {logging_mixin.py:188} INFO - [2025-09-09T00:05:24.508+0000] {dagbag.py:538} INFO - Filling up the DagBag from /opt/airflow/dags/update_car_data_dag.py
[2025-09-09T00:05:24.525+0000] {processor.py:840} INFO - DAG(s) 'update_car_data' retrieved from /opt/airflow/dags/update_car_data_dag.py
[2025-09-09T00:05:24.553+0000] {logging_mixin.py:188} INFO - [2025-09-09T00:05:24.553+0000] {dag.py:3036} INFO - Sync 1 DAGs
[2025-09-09T00:05:24.573+0000] {logging_mixin.py:188} INFO - [2025-09-09T00:05:24.573+0000] {dag.py:3823} INFO - Setting next_dagrun for update_car_data to 2025-09-07 15:00:00+00:00, run_after=2025-09-08 15:00:00+00:00
[2025-09-09T00:05:24.582+0000] {processor.py:183} INFO - Processing /opt/airflow/dags/update_car_data_dag.py took 0.080 seconds
[2025-09-09T00:05:54.879+0000] {processor.py:161} INFO - Started process (PID=231) to work on /opt/airflow/dags/update_car_data_dag.py
[2025-09-09T00:05:54.879+0000] {processor.py:830} INFO - Processing file /opt/airflow/dags/update_car_data_dag.py for tasks to queue
[2025-09-09T00:05:54.880+0000] {logging_mixin.py:188} INFO - [2025-09-09T00:05:54.880+0000] {dagbag.py:538} INFO - Filling up the DagBag from /opt/airflow/dags/update_car_data_dag.py
[2025-09-09T00:05:54.899+0000] {processor.py:840} INFO - DAG(s) 'update_car_data' retrieved from /opt/airflow/dags/update_car_data_dag.py
[2025-09-09T00:05:54.935+0000] {logging_mixin.py:188} INFO - [2025-09-09T00:05:54.935+0000] {dag.py:3036} INFO - Sync 1 DAGs
[2025-09-09T00:05:54.954+0000] {logging_mixin.py:188} INFO - [2025-09-09T00:05:54.954+0000] {dag.py:3823} INFO - Setting next_dagrun for update_car_data to 2025-09-07 15:00:00+00:00, run_after=2025-09-08 15:00:00+00:00
[2025-09-09T00:05:54.963+0000] {processor.py:183} INFO - Processing /opt/airflow/dags/update_car_data_dag.py took 0.092 seconds
[2025-09-09T00:06:25.148+0000] {processor.py:161} INFO - Started process (PID=236) to work on /opt/airflow/dags/update_car_data_dag.py
[2025-09-09T00:06:25.149+0000] {processor.py:830} INFO - Processing file /opt/airflow/dags/update_car_data_dag.py for tasks to queue
[2025-09-09T00:06:25.150+0000] {logging_mixin.py:188} INFO - [2025-09-09T00:06:25.150+0000] {dagbag.py:538} INFO - Filling up the DagBag from /opt/airflow/dags/update_car_data_dag.py
[2025-09-09T00:06:25.165+0000] {processor.py:840} INFO - DAG(s) 'update_car_data' retrieved from /opt/airflow/dags/update_car_data_dag.py
[2025-09-09T00:06:25.189+0000] {logging_mixin.py:188} INFO - [2025-09-09T00:06:25.189+0000] {dag.py:3036} INFO - Sync 1 DAGs
[2025-09-09T00:06:25.203+0000] {logging_mixin.py:188} INFO - [2025-09-09T00:06:25.202+0000] {dag.py:3823} INFO - Setting next_dagrun for update_car_data to 2025-09-07 15:00:00+00:00, run_after=2025-09-08 15:00:00+00:00
[2025-09-09T00:06:25.211+0000] {processor.py:183} INFO - Processing /opt/airflow/dags/update_car_data_dag.py took 0.069 seconds
[2025-09-09T00:06:55.555+0000] {processor.py:161} INFO - Started process (PID=241) to work on /opt/airflow/dags/update_car_data_dag.py
[2025-09-09T00:06:55.556+0000] {processor.py:830} INFO - Processing file /opt/airflow/dags/update_car_data_dag.py for tasks to queue
[2025-09-09T00:06:55.557+0000] {logging_mixin.py:188} INFO - [2025-09-09T00:06:55.556+0000] {dagbag.py:538} INFO - Filling up the DagBag from /opt/airflow/dags/update_car_data_dag.py
[2025-09-09T00:06:55.575+0000] {processor.py:840} INFO - DAG(s) 'update_car_data' retrieved from /opt/airflow/dags/update_car_data_dag.py
[2025-09-09T00:06:55.610+0000] {logging_mixin.py:188} INFO - [2025-09-09T00:06:55.609+0000] {dag.py:3036} INFO - Sync 1 DAGs
[2025-09-09T00:06:55.626+0000] {logging_mixin.py:188} INFO - [2025-09-09T00:06:55.626+0000] {dag.py:3823} INFO - Setting next_dagrun for update_car_data to 2025-09-07 15:00:00+00:00, run_after=2025-09-08 15:00:00+00:00
[2025-09-09T00:06:55.634+0000] {processor.py:183} INFO - Processing /opt/airflow/dags/update_car_data_dag.py took 0.086 seconds
[2025-09-09T00:07:25.844+0000] {processor.py:161} INFO - Started process (PID=246) to work on /opt/airflow/dags/update_car_data_dag.py
[2025-09-09T00:07:25.844+0000] {processor.py:830} INFO - Processing file /opt/airflow/dags/update_car_data_dag.py for tasks to queue
[2025-09-09T00:07:25.845+0000] {logging_mixin.py:188} INFO - [2025-09-09T00:07:25.845+0000] {dagbag.py:538} INFO - Filling up the DagBag from /opt/airflow/dags/update_car_data_dag.py
[2025-09-09T00:07:25.857+0000] {processor.py:840} INFO - DAG(s) 'update_car_data' retrieved from /opt/airflow/dags/update_car_data_dag.py
[2025-09-09T00:07:25.878+0000] {logging_mixin.py:188} INFO - [2025-09-09T00:07:25.877+0000] {dag.py:3036} INFO - Sync 1 DAGs
[2025-09-09T00:07:25.890+0000] {logging_mixin.py:188} INFO - [2025-09-09T00:07:25.890+0000] {dag.py:3823} INFO - Setting next_dagrun for update_car_data to 2025-09-07 15:00:00+00:00, run_after=2025-09-08 15:00:00+00:00
[2025-09-09T00:07:25.897+0000] {processor.py:183} INFO - Processing /opt/airflow/dags/update_car_data_dag.py took 0.056 seconds
[2025-09-09T00:07:56.171+0000] {processor.py:161} INFO - Started process (PID=251) to work on /opt/airflow/dags/update_car_data_dag.py
[2025-09-09T00:07:56.172+0000] {processor.py:830} INFO - Processing file /opt/airflow/dags/update_car_data_dag.py for tasks to queue
[2025-09-09T00:07:56.173+0000] {logging_mixin.py:188} INFO - [2025-09-09T00:07:56.173+0000] {dagbag.py:538} INFO - Filling up the DagBag from /opt/airflow/dags/update_car_data_dag.py
[2025-09-09T00:07:56.194+0000] {processor.py:840} INFO - DAG(s) 'update_car_data' retrieved from /opt/airflow/dags/update_car_data_dag.py
[2025-09-09T00:07:56.218+0000] {logging_mixin.py:188} INFO - [2025-09-09T00:07:56.218+0000] {dag.py:3036} INFO - Sync 1 DAGs
[2025-09-09T00:07:56.233+0000] {logging_mixin.py:188} INFO - [2025-09-09T00:07:56.233+0000] {dag.py:3823} INFO - Setting next_dagrun for update_car_data to 2025-09-07 15:00:00+00:00, run_after=2025-09-08 15:00:00+00:00
[2025-09-09T00:07:56.242+0000] {processor.py:183} INFO - Processing /opt/airflow/dags/update_car_data_dag.py took 0.078 seconds
[2025-09-09T00:08:26.599+0000] {processor.py:161} INFO - Started process (PID=256) to work on /opt/airflow/dags/update_car_data_dag.py
[2025-09-09T00:08:26.600+0000] {processor.py:830} INFO - Processing file /opt/airflow/dags/update_car_data_dag.py for tasks to queue
[2025-09-09T00:08:26.601+0000] {logging_mixin.py:188} INFO - [2025-09-09T00:08:26.600+0000] {dagbag.py:538} INFO - Filling up the DagBag from /opt/airflow/dags/update_car_data_dag.py
[2025-09-09T00:08:26.617+0000] {processor.py:840} INFO - DAG(s) 'update_car_data' retrieved from /opt/airflow/dags/update_car_data_dag.py
[2025-09-09T00:08:26.657+0000] {logging_mixin.py:188} INFO - [2025-09-09T00:08:26.657+0000] {dag.py:3036} INFO - Sync 1 DAGs
[2025-09-09T00:08:26.693+0000] {logging_mixin.py:188} INFO - [2025-09-09T00:08:26.693+0000] {dag.py:3823} INFO - Setting next_dagrun for update_car_data to 2025-09-07 15:00:00+00:00, run_after=2025-09-08 15:00:00+00:00
[2025-09-09T00:08:26.708+0000] {processor.py:183} INFO - Processing /opt/airflow/dags/update_car_data_dag.py took 0.114 seconds
[2025-09-09T00:08:56.924+0000] {processor.py:161} INFO - Started process (PID=261) to work on /opt/airflow/dags/update_car_data_dag.py
[2025-09-09T00:08:56.925+0000] {processor.py:830} INFO - Processing file /opt/airflow/dags/update_car_data_dag.py for tasks to queue
[2025-09-09T00:08:56.926+0000] {logging_mixin.py:188} INFO - [2025-09-09T00:08:56.925+0000] {dagbag.py:538} INFO - Filling up the DagBag from /opt/airflow/dags/update_car_data_dag.py
[2025-09-09T00:08:56.945+0000] {processor.py:840} INFO - DAG(s) 'update_car_data' retrieved from /opt/airflow/dags/update_car_data_dag.py
[2025-09-09T00:08:56.987+0000] {logging_mixin.py:188} INFO - [2025-09-09T00:08:56.986+0000] {dag.py:3036} INFO - Sync 1 DAGs
[2025-09-09T00:08:57.004+0000] {logging_mixin.py:188} INFO - [2025-09-09T00:08:57.004+0000] {dag.py:3823} INFO - Setting next_dagrun for update_car_data to 2025-09-07 15:00:00+00:00, run_after=2025-09-08 15:00:00+00:00
[2025-09-09T00:08:57.014+0000] {processor.py:183} INFO - Processing /opt/airflow/dags/update_car_data_dag.py took 0.101 seconds
[2025-09-09T00:09:27.365+0000] {processor.py:161} INFO - Started process (PID=266) to work on /opt/airflow/dags/update_car_data_dag.py
[2025-09-09T00:09:27.365+0000] {processor.py:830} INFO - Processing file /opt/airflow/dags/update_car_data_dag.py for tasks to queue
[2025-09-09T00:09:27.366+0000] {logging_mixin.py:188} INFO - [2025-09-09T00:09:27.366+0000] {dagbag.py:538} INFO - Filling up the DagBag from /opt/airflow/dags/update_car_data_dag.py
[2025-09-09T00:09:27.380+0000] {processor.py:840} INFO - DAG(s) 'update_car_data' retrieved from /opt/airflow/dags/update_car_data_dag.py
[2025-09-09T00:09:27.406+0000] {logging_mixin.py:188} INFO - [2025-09-09T00:09:27.406+0000] {dag.py:3036} INFO - Sync 1 DAGs
[2025-09-09T00:09:27.419+0000] {logging_mixin.py:188} INFO - [2025-09-09T00:09:27.419+0000] {dag.py:3823} INFO - Setting next_dagrun for update_car_data to 2025-09-07 15:00:00+00:00, run_after=2025-09-08 15:00:00+00:00
[2025-09-09T00:09:27.429+0000] {processor.py:183} INFO - Processing /opt/airflow/dags/update_car_data_dag.py took 0.068 seconds
[2025-09-09T00:09:57.751+0000] {processor.py:161} INFO - Started process (PID=271) to work on /opt/airflow/dags/update_car_data_dag.py
[2025-09-09T00:09:57.752+0000] {processor.py:830} INFO - Processing file /opt/airflow/dags/update_car_data_dag.py for tasks to queue
[2025-09-09T00:09:57.753+0000] {logging_mixin.py:188} INFO - [2025-09-09T00:09:57.753+0000] {dagbag.py:538} INFO - Filling up the DagBag from /opt/airflow/dags/update_car_data_dag.py
[2025-09-09T00:09:57.771+0000] {processor.py:840} INFO - DAG(s) 'update_car_data' retrieved from /opt/airflow/dags/update_car_data_dag.py
[2025-09-09T00:09:57.799+0000] {logging_mixin.py:188} INFO - [2025-09-09T00:09:57.799+0000] {dag.py:3036} INFO - Sync 1 DAGs
[2025-09-09T00:09:57.817+0000] {logging_mixin.py:188} INFO - [2025-09-09T00:09:57.817+0000] {dag.py:3823} INFO - Setting next_dagrun for update_car_data to 2025-09-07 15:00:00+00:00, run_after=2025-09-08 15:00:00+00:00
[2025-09-09T00:09:57.826+0000] {processor.py:183} INFO - Processing /opt/airflow/dags/update_car_data_dag.py took 0.079 seconds
[2025-09-09T00:10:28.174+0000] {processor.py:161} INFO - Started process (PID=276) to work on /opt/airflow/dags/update_car_data_dag.py
[2025-09-09T00:10:28.175+0000] {processor.py:830} INFO - Processing file /opt/airflow/dags/update_car_data_dag.py for tasks to queue
[2025-09-09T00:10:28.175+0000] {logging_mixin.py:188} INFO - [2025-09-09T00:10:28.175+0000] {dagbag.py:538} INFO - Filling up the DagBag from /opt/airflow/dags/update_car_data_dag.py
[2025-09-09T00:10:28.192+0000] {processor.py:840} INFO - DAG(s) 'update_car_data' retrieved from /opt/airflow/dags/update_car_data_dag.py
[2025-09-09T00:10:28.220+0000] {logging_mixin.py:188} INFO - [2025-09-09T00:10:28.220+0000] {dag.py:3036} INFO - Sync 1 DAGs
[2025-09-09T00:10:28.239+0000] {logging_mixin.py:188} INFO - [2025-09-09T00:10:28.239+0000] {dag.py:3823} INFO - Setting next_dagrun for update_car_data to 2025-09-07 15:00:00+00:00, run_after=2025-09-08 15:00:00+00:00
[2025-09-09T00:10:28.248+0000] {processor.py:183} INFO - Processing /opt/airflow/dags/update_car_data_dag.py took 0.077 seconds
[2025-09-09T00:10:58.480+0000] {processor.py:161} INFO - Started process (PID=281) to work on /opt/airflow/dags/update_car_data_dag.py
[2025-09-09T00:10:58.481+0000] {processor.py:830} INFO - Processing file /opt/airflow/dags/update_car_data_dag.py for tasks to queue
[2025-09-09T00:10:58.482+0000] {logging_mixin.py:188} INFO - [2025-09-09T00:10:58.482+0000] {dagbag.py:538} INFO - Filling up the DagBag from /opt/airflow/dags/update_car_data_dag.py
[2025-09-09T00:10:58.498+0000] {processor.py:840} INFO - DAG(s) 'update_car_data' retrieved from /opt/airflow/dags/update_car_data_dag.py
[2025-09-09T00:10:58.521+0000] {logging_mixin.py:188} INFO - [2025-09-09T00:10:58.521+0000] {dag.py:3036} INFO - Sync 1 DAGs
[2025-09-09T00:10:58.534+0000] {logging_mixin.py:188} INFO - [2025-09-09T00:10:58.534+0000] {dag.py:3823} INFO - Setting next_dagrun for update_car_data to 2025-09-07 15:00:00+00:00, run_after=2025-09-08 15:00:00+00:00
[2025-09-09T00:10:58.543+0000] {processor.py:183} INFO - Processing /opt/airflow/dags/update_car_data_dag.py took 0.067 seconds
[2025-09-09T00:11:28.862+0000] {processor.py:161} INFO - Started process (PID=286) to work on /opt/airflow/dags/update_car_data_dag.py
[2025-09-09T00:11:28.864+0000] {processor.py:830} INFO - Processing file /opt/airflow/dags/update_car_data_dag.py for tasks to queue
[2025-09-09T00:11:28.865+0000] {logging_mixin.py:188} INFO - [2025-09-09T00:11:28.864+0000] {dagbag.py:538} INFO - Filling up the DagBag from /opt/airflow/dags/update_car_data_dag.py
[2025-09-09T00:11:28.889+0000] {processor.py:840} INFO - DAG(s) 'update_car_data' retrieved from /opt/airflow/dags/update_car_data_dag.py
[2025-09-09T00:11:28.918+0000] {logging_mixin.py:188} INFO - [2025-09-09T00:11:28.918+0000] {dag.py:3036} INFO - Sync 1 DAGs
[2025-09-09T00:11:28.933+0000] {logging_mixin.py:188} INFO - [2025-09-09T00:11:28.933+0000] {dag.py:3823} INFO - Setting next_dagrun for update_car_data to 2025-09-07 15:00:00+00:00, run_after=2025-09-08 15:00:00+00:00
[2025-09-09T00:11:28.942+0000] {processor.py:183} INFO - Processing /opt/airflow/dags/update_car_data_dag.py took 0.090 seconds
[2025-09-09T00:11:59.221+0000] {processor.py:161} INFO - Started process (PID=291) to work on /opt/airflow/dags/update_car_data_dag.py
[2025-09-09T00:11:59.222+0000] {processor.py:830} INFO - Processing file /opt/airflow/dags/update_car_data_dag.py for tasks to queue
[2025-09-09T00:11:59.224+0000] {logging_mixin.py:188} INFO - [2025-09-09T00:11:59.223+0000] {dagbag.py:538} INFO - Filling up the DagBag from /opt/airflow/dags/update_car_data_dag.py
[2025-09-09T00:11:59.245+0000] {processor.py:840} INFO - DAG(s) 'update_car_data' retrieved from /opt/airflow/dags/update_car_data_dag.py
[2025-09-09T00:11:59.276+0000] {logging_mixin.py:188} INFO - [2025-09-09T00:11:59.276+0000] {dag.py:3036} INFO - Sync 1 DAGs
[2025-09-09T00:11:59.292+0000] {logging_mixin.py:188} INFO - [2025-09-09T00:11:59.292+0000] {dag.py:3823} INFO - Setting next_dagrun for update_car_data to 2025-09-07 15:00:00+00:00, run_after=2025-09-08 15:00:00+00:00
[2025-09-09T00:11:59.302+0000] {processor.py:183} INFO - Processing /opt/airflow/dags/update_car_data_dag.py took 0.091 seconds
[2025-09-09T00:12:29.529+0000] {processor.py:161} INFO - Started process (PID=296) to work on /opt/airflow/dags/update_car_data_dag.py
[2025-09-09T00:12:29.530+0000] {processor.py:830} INFO - Processing file /opt/airflow/dags/update_car_data_dag.py for tasks to queue
[2025-09-09T00:12:29.531+0000] {logging_mixin.py:188} INFO - [2025-09-09T00:12:29.531+0000] {dagbag.py:538} INFO - Filling up the DagBag from /opt/airflow/dags/update_car_data_dag.py
[2025-09-09T00:12:29.551+0000] {processor.py:840} INFO - DAG(s) 'update_car_data' retrieved from /opt/airflow/dags/update_car_data_dag.py
[2025-09-09T00:12:29.576+0000] {logging_mixin.py:188} INFO - [2025-09-09T00:12:29.576+0000] {dag.py:3036} INFO - Sync 1 DAGs
[2025-09-09T00:12:29.595+0000] {logging_mixin.py:188} INFO - [2025-09-09T00:12:29.595+0000] {dag.py:3823} INFO - Setting next_dagrun for update_car_data to 2025-09-07 15:00:00+00:00, run_after=2025-09-08 15:00:00+00:00
[2025-09-09T00:12:29.604+0000] {processor.py:183} INFO - Processing /opt/airflow/dags/update_car_data_dag.py took 0.081 seconds
[2025-09-09T00:12:59.864+0000] {processor.py:161} INFO - Started process (PID=301) to work on /opt/airflow/dags/update_car_data_dag.py
[2025-09-09T00:12:59.864+0000] {processor.py:830} INFO - Processing file /opt/airflow/dags/update_car_data_dag.py for tasks to queue
[2025-09-09T00:12:59.865+0000] {logging_mixin.py:188} INFO - [2025-09-09T00:12:59.865+0000] {dagbag.py:538} INFO - Filling up the DagBag from /opt/airflow/dags/update_car_data_dag.py
[2025-09-09T00:12:59.887+0000] {processor.py:840} INFO - DAG(s) 'update_car_data' retrieved from /opt/airflow/dags/update_car_data_dag.py
[2025-09-09T00:13:00.052+0000] {logging_mixin.py:188} INFO - [2025-09-09T00:13:00.052+0000] {dag.py:3036} INFO - Sync 1 DAGs
[2025-09-09T00:13:00.064+0000] {logging_mixin.py:188} INFO - [2025-09-09T00:13:00.064+0000] {dag.py:3823} INFO - Setting next_dagrun for update_car_data to 2025-09-07 15:00:00+00:00, run_after=2025-09-08 15:00:00+00:00
[2025-09-09T00:13:00.074+0000] {processor.py:183} INFO - Processing /opt/airflow/dags/update_car_data_dag.py took 0.215 seconds
[2025-09-09T00:13:30.217+0000] {processor.py:161} INFO - Started process (PID=306) to work on /opt/airflow/dags/update_car_data_dag.py
[2025-09-09T00:13:30.218+0000] {processor.py:830} INFO - Processing file /opt/airflow/dags/update_car_data_dag.py for tasks to queue
[2025-09-09T00:13:30.219+0000] {logging_mixin.py:188} INFO - [2025-09-09T00:13:30.219+0000] {dagbag.py:538} INFO - Filling up the DagBag from /opt/airflow/dags/update_car_data_dag.py
[2025-09-09T00:13:30.236+0000] {processor.py:840} INFO - DAG(s) 'update_car_data' retrieved from /opt/airflow/dags/update_car_data_dag.py
[2025-09-09T00:13:30.265+0000] {logging_mixin.py:188} INFO - [2025-09-09T00:13:30.264+0000] {dag.py:3036} INFO - Sync 1 DAGs
[2025-09-09T00:13:30.280+0000] {logging_mixin.py:188} INFO - [2025-09-09T00:13:30.280+0000] {dag.py:3823} INFO - Setting next_dagrun for update_car_data to 2025-09-07 15:00:00+00:00, run_after=2025-09-08 15:00:00+00:00
[2025-09-09T00:13:30.291+0000] {processor.py:183} INFO - Processing /opt/airflow/dags/update_car_data_dag.py took 0.080 seconds
[2025-09-09T00:13:31.239+0000] {processor.py:161} INFO - Started process (PID=311) to work on /opt/airflow/dags/update_car_data_dag.py
[2025-09-09T00:13:31.240+0000] {processor.py:830} INFO - Processing file /opt/airflow/dags/update_car_data_dag.py for tasks to queue
[2025-09-09T00:13:31.241+0000] {logging_mixin.py:188} INFO - [2025-09-09T00:13:31.241+0000] {dagbag.py:538} INFO - Filling up the DagBag from /opt/airflow/dags/update_car_data_dag.py
[2025-09-09T00:13:31.255+0000] {processor.py:840} INFO - DAG(s) 'update_car_data' retrieved from /opt/airflow/dags/update_car_data_dag.py
[2025-09-09T00:13:31.276+0000] {logging_mixin.py:188} INFO - [2025-09-09T00:13:31.276+0000] {dag.py:3036} INFO - Sync 1 DAGs
[2025-09-09T00:13:31.293+0000] {logging_mixin.py:188} INFO - [2025-09-09T00:13:31.293+0000] {dag.py:3823} INFO - Setting next_dagrun for update_car_data to 2025-09-07 15:00:00+00:00, run_after=2025-09-08 15:00:00+00:00
[2025-09-09T00:13:31.303+0000] {processor.py:183} INFO - Processing /opt/airflow/dags/update_car_data_dag.py took 0.067 seconds
[2025-09-09T00:14:01.660+0000] {processor.py:161} INFO - Started process (PID=316) to work on /opt/airflow/dags/update_car_data_dag.py
[2025-09-09T00:14:01.662+0000] {processor.py:830} INFO - Processing file /opt/airflow/dags/update_car_data_dag.py for tasks to queue
[2025-09-09T00:14:01.663+0000] {logging_mixin.py:188} INFO - [2025-09-09T00:14:01.662+0000] {dagbag.py:538} INFO - Filling up the DagBag from /opt/airflow/dags/update_car_data_dag.py
[2025-09-09T00:14:01.683+0000] {processor.py:840} INFO - DAG(s) 'update_car_data' retrieved from /opt/airflow/dags/update_car_data_dag.py
[2025-09-09T00:14:01.724+0000] {logging_mixin.py:188} INFO - [2025-09-09T00:14:01.724+0000] {dag.py:3036} INFO - Sync 1 DAGs
[2025-09-09T00:14:01.750+0000] {logging_mixin.py:188} INFO - [2025-09-09T00:14:01.750+0000] {dag.py:3823} INFO - Setting next_dagrun for update_car_data to 2025-09-07 15:00:00+00:00, run_after=2025-09-08 15:00:00+00:00
[2025-09-09T00:14:01.763+0000] {processor.py:183} INFO - Processing /opt/airflow/dags/update_car_data_dag.py took 0.109 seconds
[2025-09-09T00:14:31.971+0000] {processor.py:161} INFO - Started process (PID=321) to work on /opt/airflow/dags/update_car_data_dag.py
[2025-09-09T00:14:31.973+0000] {processor.py:830} INFO - Processing file /opt/airflow/dags/update_car_data_dag.py for tasks to queue
[2025-09-09T00:14:31.974+0000] {logging_mixin.py:188} INFO - [2025-09-09T00:14:31.974+0000] {dagbag.py:538} INFO - Filling up the DagBag from /opt/airflow/dags/update_car_data_dag.py
[2025-09-09T00:14:31.996+0000] {processor.py:840} INFO - DAG(s) 'update_car_data' retrieved from /opt/airflow/dags/update_car_data_dag.py
[2025-09-09T00:14:32.033+0000] {logging_mixin.py:188} INFO - [2025-09-09T00:14:32.032+0000] {dag.py:3036} INFO - Sync 1 DAGs
[2025-09-09T00:14:32.052+0000] {logging_mixin.py:188} INFO - [2025-09-09T00:14:32.052+0000] {dag.py:3823} INFO - Setting next_dagrun for update_car_data to 2025-09-07 15:00:00+00:00, run_after=2025-09-08 15:00:00+00:00
[2025-09-09T00:14:32.074+0000] {processor.py:183} INFO - Processing /opt/airflow/dags/update_car_data_dag.py took 0.106 seconds
[2025-09-09T00:15:02.257+0000] {processor.py:161} INFO - Started process (PID=326) to work on /opt/airflow/dags/update_car_data_dag.py
[2025-09-09T00:15:02.258+0000] {processor.py:830} INFO - Processing file /opt/airflow/dags/update_car_data_dag.py for tasks to queue
[2025-09-09T00:15:02.259+0000] {logging_mixin.py:188} INFO - [2025-09-09T00:15:02.259+0000] {dagbag.py:538} INFO - Filling up the DagBag from /opt/airflow/dags/update_car_data_dag.py
[2025-09-09T00:15:02.286+0000] {processor.py:840} INFO - DAG(s) 'update_car_data' retrieved from /opt/airflow/dags/update_car_data_dag.py
[2025-09-09T00:15:02.324+0000] {logging_mixin.py:188} INFO - [2025-09-09T00:15:02.324+0000] {dag.py:3036} INFO - Sync 1 DAGs
[2025-09-09T00:15:02.345+0000] {logging_mixin.py:188} INFO - [2025-09-09T00:15:02.345+0000] {dag.py:3823} INFO - Setting next_dagrun for update_car_data to 2025-09-07 15:00:00+00:00, run_after=2025-09-08 15:00:00+00:00
[2025-09-09T00:15:02.362+0000] {processor.py:183} INFO - Processing /opt/airflow/dags/update_car_data_dag.py took 0.111 seconds
[2025-09-09T00:15:06.429+0000] {processor.py:161} INFO - Started process (PID=331) to work on /opt/airflow/dags/update_car_data_dag.py
[2025-09-09T00:15:06.432+0000] {processor.py:830} INFO - Processing file /opt/airflow/dags/update_car_data_dag.py for tasks to queue
[2025-09-09T00:15:06.433+0000] {logging_mixin.py:188} INFO - [2025-09-09T00:15:06.433+0000] {dagbag.py:538} INFO - Filling up the DagBag from /opt/airflow/dags/update_car_data_dag.py
[2025-09-09T00:15:06.463+0000] {processor.py:840} INFO - DAG(s) 'update_car_data' retrieved from /opt/airflow/dags/update_car_data_dag.py
[2025-09-09T00:15:06.494+0000] {logging_mixin.py:188} INFO - [2025-09-09T00:15:06.494+0000] {dag.py:3036} INFO - Sync 1 DAGs
[2025-09-09T00:15:06.511+0000] {logging_mixin.py:188} INFO - [2025-09-09T00:15:06.511+0000] {dag.py:3823} INFO - Setting next_dagrun for update_car_data to 2025-09-07 15:00:00+00:00, run_after=2025-09-08 15:00:00+00:00
[2025-09-09T00:15:06.526+0000] {processor.py:183} INFO - Processing /opt/airflow/dags/update_car_data_dag.py took 0.104 seconds
[2025-09-09T00:15:36.808+0000] {processor.py:161} INFO - Started process (PID=336) to work on /opt/airflow/dags/update_car_data_dag.py
[2025-09-09T00:15:36.809+0000] {processor.py:830} INFO - Processing file /opt/airflow/dags/update_car_data_dag.py for tasks to queue
[2025-09-09T00:15:36.810+0000] {logging_mixin.py:188} INFO - [2025-09-09T00:15:36.809+0000] {dagbag.py:538} INFO - Filling up the DagBag from /opt/airflow/dags/update_car_data_dag.py
[2025-09-09T00:15:36.829+0000] {processor.py:840} INFO - DAG(s) 'update_car_data' retrieved from /opt/airflow/dags/update_car_data_dag.py
[2025-09-09T00:15:36.853+0000] {logging_mixin.py:188} INFO - [2025-09-09T00:15:36.853+0000] {dag.py:3036} INFO - Sync 1 DAGs
[2025-09-09T00:15:36.868+0000] {logging_mixin.py:188} INFO - [2025-09-09T00:15:36.868+0000] {dag.py:3823} INFO - Setting next_dagrun for update_car_data to 2025-09-07 15:00:00+00:00, run_after=2025-09-08 15:00:00+00:00
[2025-09-09T00:15:36.876+0000] {processor.py:183} INFO - Processing /opt/airflow/dags/update_car_data_dag.py took 0.076 seconds
[2025-09-09T00:16:07.187+0000] {processor.py:161} INFO - Started process (PID=341) to work on /opt/airflow/dags/update_car_data_dag.py
[2025-09-09T00:16:07.191+0000] {processor.py:830} INFO - Processing file /opt/airflow/dags/update_car_data_dag.py for tasks to queue
[2025-09-09T00:16:07.194+0000] {logging_mixin.py:188} INFO - [2025-09-09T00:16:07.193+0000] {dagbag.py:538} INFO - Filling up the DagBag from /opt/airflow/dags/update_car_data_dag.py
[2025-09-09T00:16:07.220+0000] {processor.py:840} INFO - DAG(s) 'update_car_data' retrieved from /opt/airflow/dags/update_car_data_dag.py
[2025-09-09T00:16:07.254+0000] {logging_mixin.py:188} INFO - [2025-09-09T00:16:07.254+0000] {dag.py:3036} INFO - Sync 1 DAGs
[2025-09-09T00:16:07.268+0000] {logging_mixin.py:188} INFO - [2025-09-09T00:16:07.268+0000] {dag.py:3823} INFO - Setting next_dagrun for update_car_data to 2025-09-07 15:00:00+00:00, run_after=2025-09-08 15:00:00+00:00
[2025-09-09T00:16:07.281+0000] {processor.py:183} INFO - Processing /opt/airflow/dags/update_car_data_dag.py took 0.101 seconds
[2025-09-09T00:16:37.548+0000] {processor.py:161} INFO - Started process (PID=346) to work on /opt/airflow/dags/update_car_data_dag.py
[2025-09-09T00:16:37.550+0000] {processor.py:830} INFO - Processing file /opt/airflow/dags/update_car_data_dag.py for tasks to queue
[2025-09-09T00:16:37.551+0000] {logging_mixin.py:188} INFO - [2025-09-09T00:16:37.551+0000] {dagbag.py:538} INFO - Filling up the DagBag from /opt/airflow/dags/update_car_data_dag.py
[2025-09-09T00:16:37.573+0000] {processor.py:840} INFO - DAG(s) 'update_car_data' retrieved from /opt/airflow/dags/update_car_data_dag.py
[2025-09-09T00:16:37.629+0000] {logging_mixin.py:188} INFO - [2025-09-09T00:16:37.629+0000] {dag.py:3036} INFO - Sync 1 DAGs
[2025-09-09T00:16:37.645+0000] {logging_mixin.py:188} INFO - [2025-09-09T00:16:37.645+0000] {dag.py:3823} INFO - Setting next_dagrun for update_car_data to 2025-09-07 15:00:00+00:00, run_after=2025-09-08 15:00:00+00:00
[2025-09-09T00:16:37.658+0000] {processor.py:183} INFO - Processing /opt/airflow/dags/update_car_data_dag.py took 0.118 seconds
[2025-09-09T00:17:07.992+0000] {processor.py:161} INFO - Started process (PID=351) to work on /opt/airflow/dags/update_car_data_dag.py
[2025-09-09T00:17:07.994+0000] {processor.py:830} INFO - Processing file /opt/airflow/dags/update_car_data_dag.py for tasks to queue
[2025-09-09T00:17:07.995+0000] {logging_mixin.py:188} INFO - [2025-09-09T00:17:07.995+0000] {dagbag.py:538} INFO - Filling up the DagBag from /opt/airflow/dags/update_car_data_dag.py
[2025-09-09T00:17:08.016+0000] {processor.py:840} INFO - DAG(s) 'update_car_data' retrieved from /opt/airflow/dags/update_car_data_dag.py
[2025-09-09T00:17:08.050+0000] {logging_mixin.py:188} INFO - [2025-09-09T00:17:08.050+0000] {dag.py:3036} INFO - Sync 1 DAGs
[2025-09-09T00:17:08.070+0000] {logging_mixin.py:188} INFO - [2025-09-09T00:17:08.070+0000] {dag.py:3823} INFO - Setting next_dagrun for update_car_data to 2025-09-07 15:00:00+00:00, run_after=2025-09-08 15:00:00+00:00
[2025-09-09T00:17:08.080+0000] {processor.py:183} INFO - Processing /opt/airflow/dags/update_car_data_dag.py took 0.095 seconds
[2025-09-09T00:17:38.390+0000] {processor.py:161} INFO - Started process (PID=356) to work on /opt/airflow/dags/update_car_data_dag.py
[2025-09-09T00:17:38.391+0000] {processor.py:830} INFO - Processing file /opt/airflow/dags/update_car_data_dag.py for tasks to queue
[2025-09-09T00:17:38.392+0000] {logging_mixin.py:188} INFO - [2025-09-09T00:17:38.392+0000] {dagbag.py:538} INFO - Filling up the DagBag from /opt/airflow/dags/update_car_data_dag.py
[2025-09-09T00:17:38.407+0000] {processor.py:840} INFO - DAG(s) 'update_car_data' retrieved from /opt/airflow/dags/update_car_data_dag.py
[2025-09-09T00:17:38.430+0000] {logging_mixin.py:188} INFO - [2025-09-09T00:17:38.429+0000] {dag.py:3036} INFO - Sync 1 DAGs
[2025-09-09T00:17:38.449+0000] {logging_mixin.py:188} INFO - [2025-09-09T00:17:38.449+0000] {dag.py:3823} INFO - Setting next_dagrun for update_car_data to 2025-09-07 15:00:00+00:00, run_after=2025-09-08 15:00:00+00:00
[2025-09-09T00:17:38.459+0000] {processor.py:183} INFO - Processing /opt/airflow/dags/update_car_data_dag.py took 0.073 seconds
[2025-09-09T00:18:08.745+0000] {processor.py:161} INFO - Started process (PID=361) to work on /opt/airflow/dags/update_car_data_dag.py
[2025-09-09T00:18:08.747+0000] {processor.py:830} INFO - Processing file /opt/airflow/dags/update_car_data_dag.py for tasks to queue
[2025-09-09T00:18:08.748+0000] {logging_mixin.py:188} INFO - [2025-09-09T00:18:08.748+0000] {dagbag.py:538} INFO - Filling up the DagBag from /opt/airflow/dags/update_car_data_dag.py
[2025-09-09T00:18:08.767+0000] {processor.py:840} INFO - DAG(s) 'update_car_data' retrieved from /opt/airflow/dags/update_car_data_dag.py
[2025-09-09T00:18:08.792+0000] {logging_mixin.py:188} INFO - [2025-09-09T00:18:08.791+0000] {dag.py:3036} INFO - Sync 1 DAGs
[2025-09-09T00:18:08.807+0000] {logging_mixin.py:188} INFO - [2025-09-09T00:18:08.807+0000] {dag.py:3823} INFO - Setting next_dagrun for update_car_data to 2025-09-07 15:00:00+00:00, run_after=2025-09-08 15:00:00+00:00
[2025-09-09T00:18:08.816+0000] {processor.py:183} INFO - Processing /opt/airflow/dags/update_car_data_dag.py took 0.079 seconds
[2025-09-09T00:18:18.849+0000] {processor.py:161} INFO - Started process (PID=366) to work on /opt/airflow/dags/update_car_data_dag.py
[2025-09-09T00:18:18.851+0000] {processor.py:830} INFO - Processing file /opt/airflow/dags/update_car_data_dag.py for tasks to queue
[2025-09-09T00:18:18.852+0000] {logging_mixin.py:188} INFO - [2025-09-09T00:18:18.852+0000] {dagbag.py:538} INFO - Filling up the DagBag from /opt/airflow/dags/update_car_data_dag.py
[2025-09-09T00:18:18.869+0000] {processor.py:840} INFO - DAG(s) 'update_car_data' retrieved from /opt/airflow/dags/update_car_data_dag.py
[2025-09-09T00:18:18.968+0000] {logging_mixin.py:188} INFO - [2025-09-09T00:18:18.968+0000] {dag.py:3036} INFO - Sync 1 DAGs
[2025-09-09T00:18:18.979+0000] {logging_mixin.py:188} INFO - [2025-09-09T00:18:18.979+0000] {dag.py:3823} INFO - Setting next_dagrun for update_car_data to 2025-09-07 15:00:00+00:00, run_after=2025-09-08 15:00:00+00:00
[2025-09-09T00:18:18.990+0000] {processor.py:183} INFO - Processing /opt/airflow/dags/update_car_data_dag.py took 0.146 seconds
[2025-09-09T00:18:22.956+0000] {processor.py:161} INFO - Started process (PID=371) to work on /opt/airflow/dags/update_car_data_dag.py
[2025-09-09T00:18:22.957+0000] {processor.py:830} INFO - Processing file /opt/airflow/dags/update_car_data_dag.py for tasks to queue
[2025-09-09T00:18:22.958+0000] {logging_mixin.py:188} INFO - [2025-09-09T00:18:22.957+0000] {dagbag.py:538} INFO - Filling up the DagBag from /opt/airflow/dags/update_car_data_dag.py
[2025-09-09T00:18:22.970+0000] {processor.py:840} INFO - DAG(s) 'update_car_data' retrieved from /opt/airflow/dags/update_car_data_dag.py
[2025-09-09T00:18:22.981+0000] {logging_mixin.py:188} INFO - [2025-09-09T00:18:22.981+0000] {dag.py:3036} INFO - Sync 1 DAGs
[2025-09-09T00:18:22.998+0000] {logging_mixin.py:188} INFO - [2025-09-09T00:18:22.998+0000] {dag.py:3823} INFO - Setting next_dagrun for update_car_data to 2025-09-07 15:00:00+00:00, run_after=2025-09-08 15:00:00+00:00
[2025-09-09T00:18:23.008+0000] {processor.py:183} INFO - Processing /opt/airflow/dags/update_car_data_dag.py took 0.056 seconds
[2025-09-09T00:18:34.061+0000] {processor.py:161} INFO - Started process (PID=376) to work on /opt/airflow/dags/update_car_data_dag.py
[2025-09-09T00:18:34.062+0000] {processor.py:830} INFO - Processing file /opt/airflow/dags/update_car_data_dag.py for tasks to queue
[2025-09-09T00:18:34.063+0000] {logging_mixin.py:188} INFO - [2025-09-09T00:18:34.063+0000] {dagbag.py:538} INFO - Filling up the DagBag from /opt/airflow/dags/update_car_data_dag.py
[2025-09-09T00:18:34.087+0000] {processor.py:840} INFO - DAG(s) 'update_car_data' retrieved from /opt/airflow/dags/update_car_data_dag.py
[2025-09-09T00:18:34.108+0000] {logging_mixin.py:188} INFO - [2025-09-09T00:18:34.107+0000] {dag.py:3036} INFO - Sync 1 DAGs
[2025-09-09T00:18:34.133+0000] {logging_mixin.py:188} INFO - [2025-09-09T00:18:34.133+0000] {dag.py:3823} INFO - Setting next_dagrun for update_car_data to 2025-09-07 15:00:00+00:00, run_after=2025-09-08 15:00:00+00:00
[2025-09-09T00:18:34.144+0000] {processor.py:183} INFO - Processing /opt/airflow/dags/update_car_data_dag.py took 0.089 seconds
[2025-09-09T00:18:57.368+0000] {processor.py:161} INFO - Started process (PID=381) to work on /opt/airflow/dags/update_car_data_dag.py
[2025-09-09T00:18:57.370+0000] {processor.py:830} INFO - Processing file /opt/airflow/dags/update_car_data_dag.py for tasks to queue
[2025-09-09T00:18:57.372+0000] {logging_mixin.py:188} INFO - [2025-09-09T00:18:57.372+0000] {dagbag.py:538} INFO - Filling up the DagBag from /opt/airflow/dags/update_car_data_dag.py
[2025-09-09T00:18:57.400+0000] {processor.py:840} INFO - DAG(s) 'update_car_data' retrieved from /opt/airflow/dags/update_car_data_dag.py
[2025-09-09T00:18:57.447+0000] {logging_mixin.py:188} INFO - [2025-09-09T00:18:57.447+0000] {dag.py:3036} INFO - Sync 1 DAGs
[2025-09-09T00:18:57.512+0000] {logging_mixin.py:188} INFO - [2025-09-09T00:18:57.512+0000] {dag.py:3823} INFO - Setting next_dagrun for update_car_data to 2025-09-07 15:00:00+00:00, run_after=2025-09-08 15:00:00+00:00
[2025-09-09T00:18:57.543+0000] {processor.py:183} INFO - Processing /opt/airflow/dags/update_car_data_dag.py took 0.182 seconds
[2025-09-09T00:19:27.719+0000] {processor.py:161} INFO - Started process (PID=386) to work on /opt/airflow/dags/update_car_data_dag.py
[2025-09-09T00:19:27.721+0000] {processor.py:830} INFO - Processing file /opt/airflow/dags/update_car_data_dag.py for tasks to queue
[2025-09-09T00:19:27.722+0000] {logging_mixin.py:188} INFO - [2025-09-09T00:19:27.721+0000] {dagbag.py:538} INFO - Filling up the DagBag from /opt/airflow/dags/update_car_data_dag.py
[2025-09-09T00:19:27.745+0000] {processor.py:840} INFO - DAG(s) 'update_car_data' retrieved from /opt/airflow/dags/update_car_data_dag.py
[2025-09-09T00:19:27.788+0000] {logging_mixin.py:188} INFO - [2025-09-09T00:19:27.788+0000] {dag.py:3036} INFO - Sync 1 DAGs
[2025-09-09T00:19:27.811+0000] {logging_mixin.py:188} INFO - [2025-09-09T00:19:27.811+0000] {dag.py:3823} INFO - Setting next_dagrun for update_car_data to 2025-09-07 15:00:00+00:00, run_after=2025-09-08 15:00:00+00:00
[2025-09-09T00:19:27.823+0000] {processor.py:183} INFO - Processing /opt/airflow/dags/update_car_data_dag.py took 0.111 seconds
[2025-09-09T00:19:58.224+0000] {processor.py:161} INFO - Started process (PID=391) to work on /opt/airflow/dags/update_car_data_dag.py
[2025-09-09T00:19:58.226+0000] {processor.py:830} INFO - Processing file /opt/airflow/dags/update_car_data_dag.py for tasks to queue
[2025-09-09T00:19:58.227+0000] {logging_mixin.py:188} INFO - [2025-09-09T00:19:58.226+0000] {dagbag.py:538} INFO - Filling up the DagBag from /opt/airflow/dags/update_car_data_dag.py
[2025-09-09T00:19:58.250+0000] {processor.py:840} INFO - DAG(s) 'update_car_data' retrieved from /opt/airflow/dags/update_car_data_dag.py
[2025-09-09T00:19:58.281+0000] {logging_mixin.py:188} INFO - [2025-09-09T00:19:58.281+0000] {dag.py:3036} INFO - Sync 1 DAGs
[2025-09-09T00:19:58.300+0000] {logging_mixin.py:188} INFO - [2025-09-09T00:19:58.300+0000] {dag.py:3823} INFO - Setting next_dagrun for update_car_data to 2025-09-07 15:00:00+00:00, run_after=2025-09-08 15:00:00+00:00
[2025-09-09T00:19:58.310+0000] {processor.py:183} INFO - Processing /opt/airflow/dags/update_car_data_dag.py took 0.092 seconds
[2025-09-09T00:20:28.746+0000] {processor.py:161} INFO - Started process (PID=396) to work on /opt/airflow/dags/update_car_data_dag.py
[2025-09-09T00:20:28.749+0000] {processor.py:830} INFO - Processing file /opt/airflow/dags/update_car_data_dag.py for tasks to queue
[2025-09-09T00:20:28.750+0000] {logging_mixin.py:188} INFO - [2025-09-09T00:20:28.750+0000] {dagbag.py:538} INFO - Filling up the DagBag from /opt/airflow/dags/update_car_data_dag.py
[2025-09-09T00:20:28.782+0000] {processor.py:840} INFO - DAG(s) 'update_car_data' retrieved from /opt/airflow/dags/update_car_data_dag.py
[2025-09-09T00:20:28.811+0000] {logging_mixin.py:188} INFO - [2025-09-09T00:20:28.811+0000] {dag.py:3036} INFO - Sync 1 DAGs
[2025-09-09T00:20:28.827+0000] {logging_mixin.py:188} INFO - [2025-09-09T00:20:28.827+0000] {dag.py:3823} INFO - Setting next_dagrun for update_car_data to 2025-09-07 15:00:00+00:00, run_after=2025-09-08 15:00:00+00:00
[2025-09-09T00:20:28.836+0000] {processor.py:183} INFO - Processing /opt/airflow/dags/update_car_data_dag.py took 0.097 seconds
[2025-09-09T00:20:59.126+0000] {processor.py:161} INFO - Started process (PID=401) to work on /opt/airflow/dags/update_car_data_dag.py
[2025-09-09T00:20:59.127+0000] {processor.py:830} INFO - Processing file /opt/airflow/dags/update_car_data_dag.py for tasks to queue
[2025-09-09T00:20:59.128+0000] {logging_mixin.py:188} INFO - [2025-09-09T00:20:59.128+0000] {dagbag.py:538} INFO - Filling up the DagBag from /opt/airflow/dags/update_car_data_dag.py
[2025-09-09T00:20:59.149+0000] {processor.py:840} INFO - DAG(s) 'update_car_data' retrieved from /opt/airflow/dags/update_car_data_dag.py
[2025-09-09T00:20:59.176+0000] {logging_mixin.py:188} INFO - [2025-09-09T00:20:59.176+0000] {dag.py:3036} INFO - Sync 1 DAGs
[2025-09-09T00:20:59.198+0000] {logging_mixin.py:188} INFO - [2025-09-09T00:20:59.198+0000] {dag.py:3823} INFO - Setting next_dagrun for update_car_data to 2025-09-07 15:00:00+00:00, run_after=2025-09-08 15:00:00+00:00
[2025-09-09T00:20:59.207+0000] {processor.py:183} INFO - Processing /opt/airflow/dags/update_car_data_dag.py took 0.086 seconds
[2025-09-09T00:21:29.550+0000] {processor.py:161} INFO - Started process (PID=406) to work on /opt/airflow/dags/update_car_data_dag.py
[2025-09-09T00:21:29.553+0000] {processor.py:830} INFO - Processing file /opt/airflow/dags/update_car_data_dag.py for tasks to queue
[2025-09-09T00:21:29.554+0000] {logging_mixin.py:188} INFO - [2025-09-09T00:21:29.554+0000] {dagbag.py:538} INFO - Filling up the DagBag from /opt/airflow/dags/update_car_data_dag.py
[2025-09-09T00:21:29.595+0000] {processor.py:840} INFO - DAG(s) 'update_car_data' retrieved from /opt/airflow/dags/update_car_data_dag.py
[2025-09-09T00:21:29.647+0000] {logging_mixin.py:188} INFO - [2025-09-09T00:21:29.647+0000] {dag.py:3036} INFO - Sync 1 DAGs
[2025-09-09T00:21:29.697+0000] {logging_mixin.py:188} INFO - [2025-09-09T00:21:29.697+0000] {dag.py:3823} INFO - Setting next_dagrun for update_car_data to 2025-09-07 15:00:00+00:00, run_after=2025-09-08 15:00:00+00:00
[2025-09-09T00:21:29.713+0000] {processor.py:183} INFO - Processing /opt/airflow/dags/update_car_data_dag.py took 0.174 seconds
[2025-09-09T00:21:59.902+0000] {processor.py:161} INFO - Started process (PID=411) to work on /opt/airflow/dags/update_car_data_dag.py
[2025-09-09T00:21:59.904+0000] {processor.py:830} INFO - Processing file /opt/airflow/dags/update_car_data_dag.py for tasks to queue
[2025-09-09T00:21:59.906+0000] {logging_mixin.py:188} INFO - [2025-09-09T00:21:59.905+0000] {dagbag.py:538} INFO - Filling up the DagBag from /opt/airflow/dags/update_car_data_dag.py
[2025-09-09T00:21:59.938+0000] {processor.py:840} INFO - DAG(s) 'update_car_data' retrieved from /opt/airflow/dags/update_car_data_dag.py
[2025-09-09T00:21:59.969+0000] {logging_mixin.py:188} INFO - [2025-09-09T00:21:59.968+0000] {dag.py:3036} INFO - Sync 1 DAGs
[2025-09-09T00:21:59.987+0000] {logging_mixin.py:188} INFO - [2025-09-09T00:21:59.987+0000] {dag.py:3823} INFO - Setting next_dagrun for update_car_data to 2025-09-07 15:00:00+00:00, run_after=2025-09-08 15:00:00+00:00
[2025-09-09T00:21:59.997+0000] {processor.py:183} INFO - Processing /opt/airflow/dags/update_car_data_dag.py took 0.103 seconds
[2025-09-09T00:22:30.318+0000] {processor.py:161} INFO - Started process (PID=416) to work on /opt/airflow/dags/update_car_data_dag.py
[2025-09-09T00:22:30.320+0000] {processor.py:830} INFO - Processing file /opt/airflow/dags/update_car_data_dag.py for tasks to queue
[2025-09-09T00:22:30.321+0000] {logging_mixin.py:188} INFO - [2025-09-09T00:22:30.320+0000] {dagbag.py:538} INFO - Filling up the DagBag from /opt/airflow/dags/update_car_data_dag.py
[2025-09-09T00:22:30.340+0000] {processor.py:840} INFO - DAG(s) 'update_car_data' retrieved from /opt/airflow/dags/update_car_data_dag.py
[2025-09-09T00:22:30.373+0000] {logging_mixin.py:188} INFO - [2025-09-09T00:22:30.373+0000] {dag.py:3036} INFO - Sync 1 DAGs
[2025-09-09T00:22:30.390+0000] {logging_mixin.py:188} INFO - [2025-09-09T00:22:30.390+0000] {dag.py:3823} INFO - Setting next_dagrun for update_car_data to 2025-09-07 15:00:00+00:00, run_after=2025-09-08 15:00:00+00:00
[2025-09-09T00:22:30.402+0000] {processor.py:183} INFO - Processing /opt/airflow/dags/update_car_data_dag.py took 0.094 seconds
[2025-09-09T00:23:00.669+0000] {processor.py:161} INFO - Started process (PID=421) to work on /opt/airflow/dags/update_car_data_dag.py
[2025-09-09T00:23:00.671+0000] {processor.py:830} INFO - Processing file /opt/airflow/dags/update_car_data_dag.py for tasks to queue
[2025-09-09T00:23:00.672+0000] {logging_mixin.py:188} INFO - [2025-09-09T00:23:00.672+0000] {dagbag.py:538} INFO - Filling up the DagBag from /opt/airflow/dags/update_car_data_dag.py
[2025-09-09T00:23:00.699+0000] {processor.py:840} INFO - DAG(s) 'update_car_data' retrieved from /opt/airflow/dags/update_car_data_dag.py
[2025-09-09T00:23:00.735+0000] {logging_mixin.py:188} INFO - [2025-09-09T00:23:00.735+0000] {dag.py:3036} INFO - Sync 1 DAGs
[2025-09-09T00:23:00.753+0000] {logging_mixin.py:188} INFO - [2025-09-09T00:23:00.753+0000] {dag.py:3823} INFO - Setting next_dagrun for update_car_data to 2025-09-07 15:00:00+00:00, run_after=2025-09-08 15:00:00+00:00
[2025-09-09T00:23:00.762+0000] {processor.py:183} INFO - Processing /opt/airflow/dags/update_car_data_dag.py took 0.108 seconds
[2025-09-09T00:23:31.113+0000] {processor.py:161} INFO - Started process (PID=426) to work on /opt/airflow/dags/update_car_data_dag.py
[2025-09-09T00:23:31.117+0000] {processor.py:830} INFO - Processing file /opt/airflow/dags/update_car_data_dag.py for tasks to queue
[2025-09-09T00:23:31.118+0000] {logging_mixin.py:188} INFO - [2025-09-09T00:23:31.118+0000] {dagbag.py:538} INFO - Filling up the DagBag from /opt/airflow/dags/update_car_data_dag.py
[2025-09-09T00:23:31.145+0000] {processor.py:840} INFO - DAG(s) 'update_car_data' retrieved from /opt/airflow/dags/update_car_data_dag.py
[2025-09-09T00:23:31.182+0000] {logging_mixin.py:188} INFO - [2025-09-09T00:23:31.182+0000] {dag.py:3036} INFO - Sync 1 DAGs
[2025-09-09T00:23:31.201+0000] {logging_mixin.py:188} INFO - [2025-09-09T00:23:31.200+0000] {dag.py:3823} INFO - Setting next_dagrun for update_car_data to 2025-09-07 15:00:00+00:00, run_after=2025-09-08 15:00:00+00:00
[2025-09-09T00:23:31.210+0000] {processor.py:183} INFO - Processing /opt/airflow/dags/update_car_data_dag.py took 0.107 seconds
[2025-09-09T00:24:01.533+0000] {processor.py:161} INFO - Started process (PID=431) to work on /opt/airflow/dags/update_car_data_dag.py
[2025-09-09T00:24:01.535+0000] {processor.py:830} INFO - Processing file /opt/airflow/dags/update_car_data_dag.py for tasks to queue
[2025-09-09T00:24:01.536+0000] {logging_mixin.py:188} INFO - [2025-09-09T00:24:01.535+0000] {dagbag.py:538} INFO - Filling up the DagBag from /opt/airflow/dags/update_car_data_dag.py
[2025-09-09T00:24:01.555+0000] {processor.py:840} INFO - DAG(s) 'update_car_data' retrieved from /opt/airflow/dags/update_car_data_dag.py
[2025-09-09T00:24:01.586+0000] {logging_mixin.py:188} INFO - [2025-09-09T00:24:01.586+0000] {dag.py:3036} INFO - Sync 1 DAGs
[2025-09-09T00:24:01.607+0000] {logging_mixin.py:188} INFO - [2025-09-09T00:24:01.607+0000] {dag.py:3823} INFO - Setting next_dagrun for update_car_data to 2025-09-07 15:00:00+00:00, run_after=2025-09-08 15:00:00+00:00
[2025-09-09T00:24:01.616+0000] {processor.py:183} INFO - Processing /opt/airflow/dags/update_car_data_dag.py took 0.090 seconds
[2025-09-09T00:24:31.923+0000] {processor.py:161} INFO - Started process (PID=436) to work on /opt/airflow/dags/update_car_data_dag.py
[2025-09-09T00:24:31.924+0000] {processor.py:830} INFO - Processing file /opt/airflow/dags/update_car_data_dag.py for tasks to queue
[2025-09-09T00:24:31.925+0000] {logging_mixin.py:188} INFO - [2025-09-09T00:24:31.925+0000] {dagbag.py:538} INFO - Filling up the DagBag from /opt/airflow/dags/update_car_data_dag.py
[2025-09-09T00:24:31.948+0000] {processor.py:840} INFO - DAG(s) 'update_car_data' retrieved from /opt/airflow/dags/update_car_data_dag.py
[2025-09-09T00:24:31.986+0000] {logging_mixin.py:188} INFO - [2025-09-09T00:24:31.986+0000] {dag.py:3036} INFO - Sync 1 DAGs
[2025-09-09T00:24:32.007+0000] {logging_mixin.py:188} INFO - [2025-09-09T00:24:32.006+0000] {dag.py:3823} INFO - Setting next_dagrun for update_car_data to 2025-09-07 15:00:00+00:00, run_after=2025-09-08 15:00:00+00:00
[2025-09-09T00:24:32.017+0000] {processor.py:183} INFO - Processing /opt/airflow/dags/update_car_data_dag.py took 0.102 seconds
[2025-09-09T00:25:02.251+0000] {processor.py:161} INFO - Started process (PID=441) to work on /opt/airflow/dags/update_car_data_dag.py
[2025-09-09T00:25:02.252+0000] {processor.py:830} INFO - Processing file /opt/airflow/dags/update_car_data_dag.py for tasks to queue
[2025-09-09T00:25:02.255+0000] {logging_mixin.py:188} INFO - [2025-09-09T00:25:02.254+0000] {dagbag.py:538} INFO - Filling up the DagBag from /opt/airflow/dags/update_car_data_dag.py
[2025-09-09T00:25:02.273+0000] {processor.py:840} INFO - DAG(s) 'update_car_data' retrieved from /opt/airflow/dags/update_car_data_dag.py
[2025-09-09T00:25:02.326+0000] {logging_mixin.py:188} INFO - [2025-09-09T00:25:02.326+0000] {dag.py:3036} INFO - Sync 1 DAGs
[2025-09-09T00:25:02.342+0000] {logging_mixin.py:188} INFO - [2025-09-09T00:25:02.342+0000] {dag.py:3823} INFO - Setting next_dagrun for update_car_data to 2025-09-07 15:00:00+00:00, run_after=2025-09-08 15:00:00+00:00
[2025-09-09T00:25:02.353+0000] {processor.py:183} INFO - Processing /opt/airflow/dags/update_car_data_dag.py took 0.083 seconds
[2025-09-09T00:25:32.640+0000] {processor.py:161} INFO - Started process (PID=446) to work on /opt/airflow/dags/update_car_data_dag.py
[2025-09-09T00:25:32.642+0000] {processor.py:830} INFO - Processing file /opt/airflow/dags/update_car_data_dag.py for tasks to queue
[2025-09-09T00:25:32.643+0000] {logging_mixin.py:188} INFO - [2025-09-09T00:25:32.642+0000] {dagbag.py:538} INFO - Filling up the DagBag from /opt/airflow/dags/update_car_data_dag.py
[2025-09-09T00:25:32.659+0000] {processor.py:840} INFO - DAG(s) 'update_car_data' retrieved from /opt/airflow/dags/update_car_data_dag.py
[2025-09-09T00:25:32.690+0000] {logging_mixin.py:188} INFO - [2025-09-09T00:25:32.690+0000] {dag.py:3036} INFO - Sync 1 DAGs
[2025-09-09T00:25:32.706+0000] {logging_mixin.py:188} INFO - [2025-09-09T00:25:32.706+0000] {dag.py:3823} INFO - Setting next_dagrun for update_car_data to 2025-09-07 15:00:00+00:00, run_after=2025-09-08 15:00:00+00:00
[2025-09-09T00:25:32.719+0000] {processor.py:183} INFO - Processing /opt/airflow/dags/update_car_data_dag.py took 0.082 seconds
[2025-09-09T00:26:03.103+0000] {processor.py:161} INFO - Started process (PID=451) to work on /opt/airflow/dags/update_car_data_dag.py
[2025-09-09T00:26:03.106+0000] {processor.py:830} INFO - Processing file /opt/airflow/dags/update_car_data_dag.py for tasks to queue
[2025-09-09T00:26:03.107+0000] {logging_mixin.py:188} INFO - [2025-09-09T00:26:03.107+0000] {dagbag.py:538} INFO - Filling up the DagBag from /opt/airflow/dags/update_car_data_dag.py
[2025-09-09T00:26:03.124+0000] {processor.py:840} INFO - DAG(s) 'update_car_data' retrieved from /opt/airflow/dags/update_car_data_dag.py
[2025-09-09T00:26:03.154+0000] {logging_mixin.py:188} INFO - [2025-09-09T00:26:03.154+0000] {dag.py:3036} INFO - Sync 1 DAGs
[2025-09-09T00:26:03.170+0000] {logging_mixin.py:188} INFO - [2025-09-09T00:26:03.170+0000] {dag.py:3823} INFO - Setting next_dagrun for update_car_data to 2025-09-07 15:00:00+00:00, run_after=2025-09-08 15:00:00+00:00
[2025-09-09T00:26:03.183+0000] {processor.py:183} INFO - Processing /opt/airflow/dags/update_car_data_dag.py took 0.086 seconds
[2025-09-09T00:26:33.497+0000] {processor.py:161} INFO - Started process (PID=456) to work on /opt/airflow/dags/update_car_data_dag.py
[2025-09-09T00:26:33.498+0000] {processor.py:830} INFO - Processing file /opt/airflow/dags/update_car_data_dag.py for tasks to queue
[2025-09-09T00:26:33.500+0000] {logging_mixin.py:188} INFO - [2025-09-09T00:26:33.499+0000] {dagbag.py:538} INFO - Filling up the DagBag from /opt/airflow/dags/update_car_data_dag.py
[2025-09-09T00:26:33.517+0000] {processor.py:840} INFO - DAG(s) 'update_car_data' retrieved from /opt/airflow/dags/update_car_data_dag.py
[2025-09-09T00:26:33.555+0000] {logging_mixin.py:188} INFO - [2025-09-09T00:26:33.555+0000] {dag.py:3036} INFO - Sync 1 DAGs
[2025-09-09T00:26:33.571+0000] {logging_mixin.py:188} INFO - [2025-09-09T00:26:33.571+0000] {dag.py:3823} INFO - Setting next_dagrun for update_car_data to 2025-09-07 15:00:00+00:00, run_after=2025-09-08 15:00:00+00:00
[2025-09-09T00:26:33.580+0000] {processor.py:183} INFO - Processing /opt/airflow/dags/update_car_data_dag.py took 0.091 seconds
[2025-09-09T00:27:03.958+0000] {processor.py:161} INFO - Started process (PID=461) to work on /opt/airflow/dags/update_car_data_dag.py
[2025-09-09T00:27:03.960+0000] {processor.py:830} INFO - Processing file /opt/airflow/dags/update_car_data_dag.py for tasks to queue
[2025-09-09T00:27:03.961+0000] {logging_mixin.py:188} INFO - [2025-09-09T00:27:03.961+0000] {dagbag.py:538} INFO - Filling up the DagBag from /opt/airflow/dags/update_car_data_dag.py
[2025-09-09T00:27:03.980+0000] {processor.py:840} INFO - DAG(s) 'update_car_data' retrieved from /opt/airflow/dags/update_car_data_dag.py
[2025-09-09T00:27:04.012+0000] {logging_mixin.py:188} INFO - [2025-09-09T00:27:04.012+0000] {dag.py:3036} INFO - Sync 1 DAGs
[2025-09-09T00:27:04.030+0000] {logging_mixin.py:188} INFO - [2025-09-09T00:27:04.030+0000] {dag.py:3823} INFO - Setting next_dagrun for update_car_data to 2025-09-07 15:00:00+00:00, run_after=2025-09-08 15:00:00+00:00
[2025-09-09T00:27:04.041+0000] {processor.py:183} INFO - Processing /opt/airflow/dags/update_car_data_dag.py took 0.089 seconds
[2025-09-09T00:27:34.437+0000] {processor.py:161} INFO - Started process (PID=466) to work on /opt/airflow/dags/update_car_data_dag.py
[2025-09-09T00:27:34.439+0000] {processor.py:830} INFO - Processing file /opt/airflow/dags/update_car_data_dag.py for tasks to queue
[2025-09-09T00:27:34.440+0000] {logging_mixin.py:188} INFO - [2025-09-09T00:27:34.439+0000] {dagbag.py:538} INFO - Filling up the DagBag from /opt/airflow/dags/update_car_data_dag.py
[2025-09-09T00:27:34.459+0000] {processor.py:840} INFO - DAG(s) 'update_car_data' retrieved from /opt/airflow/dags/update_car_data_dag.py
[2025-09-09T00:27:34.487+0000] {logging_mixin.py:188} INFO - [2025-09-09T00:27:34.487+0000] {dag.py:3036} INFO - Sync 1 DAGs
[2025-09-09T00:27:34.503+0000] {logging_mixin.py:188} INFO - [2025-09-09T00:27:34.502+0000] {dag.py:3823} INFO - Setting next_dagrun for update_car_data to 2025-09-07 15:00:00+00:00, run_after=2025-09-08 15:00:00+00:00
[2025-09-09T00:27:34.513+0000] {processor.py:183} INFO - Processing /opt/airflow/dags/update_car_data_dag.py took 0.082 seconds
[2025-09-09T00:28:04.758+0000] {processor.py:161} INFO - Started process (PID=471) to work on /opt/airflow/dags/update_car_data_dag.py
[2025-09-09T00:28:04.760+0000] {processor.py:830} INFO - Processing file /opt/airflow/dags/update_car_data_dag.py for tasks to queue
[2025-09-09T00:28:04.761+0000] {logging_mixin.py:188} INFO - [2025-09-09T00:28:04.761+0000] {dagbag.py:538} INFO - Filling up the DagBag from /opt/airflow/dags/update_car_data_dag.py
[2025-09-09T00:28:04.778+0000] {processor.py:840} INFO - DAG(s) 'update_car_data' retrieved from /opt/airflow/dags/update_car_data_dag.py
[2025-09-09T00:28:04.809+0000] {logging_mixin.py:188} INFO - [2025-09-09T00:28:04.809+0000] {dag.py:3036} INFO - Sync 1 DAGs
[2025-09-09T00:28:04.828+0000] {logging_mixin.py:188} INFO - [2025-09-09T00:28:04.828+0000] {dag.py:3823} INFO - Setting next_dagrun for update_car_data to 2025-09-07 15:00:00+00:00, run_after=2025-09-08 15:00:00+00:00
[2025-09-09T00:28:04.838+0000] {processor.py:183} INFO - Processing /opt/airflow/dags/update_car_data_dag.py took 0.084 seconds
[2025-09-09T00:28:35.088+0000] {processor.py:161} INFO - Started process (PID=476) to work on /opt/airflow/dags/update_car_data_dag.py
[2025-09-09T00:28:35.090+0000] {processor.py:830} INFO - Processing file /opt/airflow/dags/update_car_data_dag.py for tasks to queue
[2025-09-09T00:28:35.091+0000] {logging_mixin.py:188} INFO - [2025-09-09T00:28:35.090+0000] {dagbag.py:538} INFO - Filling up the DagBag from /opt/airflow/dags/update_car_data_dag.py
[2025-09-09T00:28:35.109+0000] {processor.py:840} INFO - DAG(s) 'update_car_data' retrieved from /opt/airflow/dags/update_car_data_dag.py
[2025-09-09T00:28:35.144+0000] {logging_mixin.py:188} INFO - [2025-09-09T00:28:35.144+0000] {dag.py:3036} INFO - Sync 1 DAGs
[2025-09-09T00:28:35.160+0000] {logging_mixin.py:188} INFO - [2025-09-09T00:28:35.160+0000] {dag.py:3823} INFO - Setting next_dagrun for update_car_data to 2025-09-07 15:00:00+00:00, run_after=2025-09-08 15:00:00+00:00
[2025-09-09T00:28:35.171+0000] {processor.py:183} INFO - Processing /opt/airflow/dags/update_car_data_dag.py took 0.093 seconds
[2025-09-09T00:29:05.540+0000] {processor.py:161} INFO - Started process (PID=481) to work on /opt/airflow/dags/update_car_data_dag.py
[2025-09-09T00:29:05.542+0000] {processor.py:830} INFO - Processing file /opt/airflow/dags/update_car_data_dag.py for tasks to queue
[2025-09-09T00:29:05.543+0000] {logging_mixin.py:188} INFO - [2025-09-09T00:29:05.542+0000] {dagbag.py:538} INFO - Filling up the DagBag from /opt/airflow/dags/update_car_data_dag.py
[2025-09-09T00:29:05.560+0000] {processor.py:840} INFO - DAG(s) 'update_car_data' retrieved from /opt/airflow/dags/update_car_data_dag.py
[2025-09-09T00:29:05.596+0000] {logging_mixin.py:188} INFO - [2025-09-09T00:29:05.595+0000] {dag.py:3036} INFO - Sync 1 DAGs
[2025-09-09T00:29:05.612+0000] {logging_mixin.py:188} INFO - [2025-09-09T00:29:05.612+0000] {dag.py:3823} INFO - Setting next_dagrun for update_car_data to 2025-09-07 15:00:00+00:00, run_after=2025-09-08 15:00:00+00:00
[2025-09-09T00:29:05.621+0000] {processor.py:183} INFO - Processing /opt/airflow/dags/update_car_data_dag.py took 0.086 seconds
[2025-09-09T00:29:35.871+0000] {processor.py:161} INFO - Started process (PID=486) to work on /opt/airflow/dags/update_car_data_dag.py
[2025-09-09T00:29:35.873+0000] {processor.py:830} INFO - Processing file /opt/airflow/dags/update_car_data_dag.py for tasks to queue
[2025-09-09T00:29:35.874+0000] {logging_mixin.py:188} INFO - [2025-09-09T00:29:35.874+0000] {dagbag.py:538} INFO - Filling up the DagBag from /opt/airflow/dags/update_car_data_dag.py
[2025-09-09T00:29:35.891+0000] {processor.py:840} INFO - DAG(s) 'update_car_data' retrieved from /opt/airflow/dags/update_car_data_dag.py
[2025-09-09T00:29:35.923+0000] {logging_mixin.py:188} INFO - [2025-09-09T00:29:35.923+0000] {dag.py:3036} INFO - Sync 1 DAGs
[2025-09-09T00:29:35.941+0000] {logging_mixin.py:188} INFO - [2025-09-09T00:29:35.940+0000] {dag.py:3823} INFO - Setting next_dagrun for update_car_data to 2025-09-07 15:00:00+00:00, run_after=2025-09-08 15:00:00+00:00
[2025-09-09T00:29:35.952+0000] {processor.py:183} INFO - Processing /opt/airflow/dags/update_car_data_dag.py took 0.089 seconds
[2025-09-09T00:30:06.216+0000] {processor.py:161} INFO - Started process (PID=491) to work on /opt/airflow/dags/update_car_data_dag.py
[2025-09-09T00:30:06.217+0000] {processor.py:830} INFO - Processing file /opt/airflow/dags/update_car_data_dag.py for tasks to queue
[2025-09-09T00:30:06.219+0000] {logging_mixin.py:188} INFO - [2025-09-09T00:30:06.218+0000] {dagbag.py:538} INFO - Filling up the DagBag from /opt/airflow/dags/update_car_data_dag.py
[2025-09-09T00:30:06.233+0000] {processor.py:840} INFO - DAG(s) 'update_car_data' retrieved from /opt/airflow/dags/update_car_data_dag.py
[2025-09-09T00:30:06.260+0000] {logging_mixin.py:188} INFO - [2025-09-09T00:30:06.260+0000] {dag.py:3036} INFO - Sync 1 DAGs
[2025-09-09T00:30:06.275+0000] {logging_mixin.py:188} INFO - [2025-09-09T00:30:06.275+0000] {dag.py:3823} INFO - Setting next_dagrun for update_car_data to 2025-09-07 15:00:00+00:00, run_after=2025-09-08 15:00:00+00:00
[2025-09-09T00:30:06.284+0000] {processor.py:183} INFO - Processing /opt/airflow/dags/update_car_data_dag.py took 0.074 seconds
[2025-09-09T00:30:36.538+0000] {processor.py:161} INFO - Started process (PID=496) to work on /opt/airflow/dags/update_car_data_dag.py
[2025-09-09T00:30:36.540+0000] {processor.py:830} INFO - Processing file /opt/airflow/dags/update_car_data_dag.py for tasks to queue
[2025-09-09T00:30:36.541+0000] {logging_mixin.py:188} INFO - [2025-09-09T00:30:36.540+0000] {dagbag.py:538} INFO - Filling up the DagBag from /opt/airflow/dags/update_car_data_dag.py
[2025-09-09T00:30:36.567+0000] {processor.py:840} INFO - DAG(s) 'update_car_data' retrieved from /opt/airflow/dags/update_car_data_dag.py
[2025-09-09T00:30:36.602+0000] {logging_mixin.py:188} INFO - [2025-09-09T00:30:36.602+0000] {dag.py:3036} INFO - Sync 1 DAGs
[2025-09-09T00:30:36.620+0000] {logging_mixin.py:188} INFO - [2025-09-09T00:30:36.620+0000] {dag.py:3823} INFO - Setting next_dagrun for update_car_data to 2025-09-07 15:00:00+00:00, run_after=2025-09-08 15:00:00+00:00
[2025-09-09T00:30:36.629+0000] {processor.py:183} INFO - Processing /opt/airflow/dags/update_car_data_dag.py took 0.096 seconds
[2025-09-09T00:31:06.834+0000] {processor.py:161} INFO - Started process (PID=501) to work on /opt/airflow/dags/update_car_data_dag.py
[2025-09-09T00:31:06.836+0000] {processor.py:830} INFO - Processing file /opt/airflow/dags/update_car_data_dag.py for tasks to queue
[2025-09-09T00:31:06.837+0000] {logging_mixin.py:188} INFO - [2025-09-09T00:31:06.837+0000] {dagbag.py:538} INFO - Filling up the DagBag from /opt/airflow/dags/update_car_data_dag.py
[2025-09-09T00:31:06.859+0000] {processor.py:840} INFO - DAG(s) 'update_car_data' retrieved from /opt/airflow/dags/update_car_data_dag.py
[2025-09-09T00:31:06.897+0000] {logging_mixin.py:188} INFO - [2025-09-09T00:31:06.897+0000] {dag.py:3036} INFO - Sync 1 DAGs
[2025-09-09T00:31:06.916+0000] {logging_mixin.py:188} INFO - [2025-09-09T00:31:06.916+0000] {dag.py:3823} INFO - Setting next_dagrun for update_car_data to 2025-09-07 15:00:00+00:00, run_after=2025-09-08 15:00:00+00:00
[2025-09-09T00:31:06.928+0000] {processor.py:183} INFO - Processing /opt/airflow/dags/update_car_data_dag.py took 0.099 seconds
[2025-09-09T00:31:37.175+0000] {processor.py:161} INFO - Started process (PID=506) to work on /opt/airflow/dags/update_car_data_dag.py
[2025-09-09T00:31:37.177+0000] {processor.py:830} INFO - Processing file /opt/airflow/dags/update_car_data_dag.py for tasks to queue
[2025-09-09T00:31:37.179+0000] {logging_mixin.py:188} INFO - [2025-09-09T00:31:37.178+0000] {dagbag.py:538} INFO - Filling up the DagBag from /opt/airflow/dags/update_car_data_dag.py
[2025-09-09T00:31:37.196+0000] {processor.py:840} INFO - DAG(s) 'update_car_data' retrieved from /opt/airflow/dags/update_car_data_dag.py
[2025-09-09T00:31:37.231+0000] {logging_mixin.py:188} INFO - [2025-09-09T00:31:37.231+0000] {dag.py:3036} INFO - Sync 1 DAGs
[2025-09-09T00:31:37.248+0000] {logging_mixin.py:188} INFO - [2025-09-09T00:31:37.248+0000] {dag.py:3823} INFO - Setting next_dagrun for update_car_data to 2025-09-07 15:00:00+00:00, run_after=2025-09-08 15:00:00+00:00
[2025-09-09T00:31:37.259+0000] {processor.py:183} INFO - Processing /opt/airflow/dags/update_car_data_dag.py took 0.097 seconds
[2025-09-09T00:32:07.509+0000] {processor.py:161} INFO - Started process (PID=511) to work on /opt/airflow/dags/update_car_data_dag.py
[2025-09-09T00:32:07.512+0000] {processor.py:830} INFO - Processing file /opt/airflow/dags/update_car_data_dag.py for tasks to queue
[2025-09-09T00:32:07.514+0000] {logging_mixin.py:188} INFO - [2025-09-09T00:32:07.513+0000] {dagbag.py:538} INFO - Filling up the DagBag from /opt/airflow/dags/update_car_data_dag.py
[2025-09-09T00:32:07.539+0000] {processor.py:840} INFO - DAG(s) 'update_car_data' retrieved from /opt/airflow/dags/update_car_data_dag.py
[2025-09-09T00:32:07.572+0000] {logging_mixin.py:188} INFO - [2025-09-09T00:32:07.571+0000] {dag.py:3036} INFO - Sync 1 DAGs
[2025-09-09T00:32:07.605+0000] {logging_mixin.py:188} INFO - [2025-09-09T00:32:07.605+0000] {dag.py:3823} INFO - Setting next_dagrun for update_car_data to 2025-09-07 15:00:00+00:00, run_after=2025-09-08 15:00:00+00:00
[2025-09-09T00:32:07.619+0000] {processor.py:183} INFO - Processing /opt/airflow/dags/update_car_data_dag.py took 0.114 seconds
[2025-09-09T00:32:37.886+0000] {processor.py:161} INFO - Started process (PID=516) to work on /opt/airflow/dags/update_car_data_dag.py
[2025-09-09T00:32:37.888+0000] {processor.py:830} INFO - Processing file /opt/airflow/dags/update_car_data_dag.py for tasks to queue
[2025-09-09T00:32:37.889+0000] {logging_mixin.py:188} INFO - [2025-09-09T00:32:37.888+0000] {dagbag.py:538} INFO - Filling up the DagBag from /opt/airflow/dags/update_car_data_dag.py
[2025-09-09T00:32:37.906+0000] {processor.py:840} INFO - DAG(s) 'update_car_data' retrieved from /opt/airflow/dags/update_car_data_dag.py
[2025-09-09T00:32:37.949+0000] {logging_mixin.py:188} INFO - [2025-09-09T00:32:37.949+0000] {dag.py:3036} INFO - Sync 1 DAGs
[2025-09-09T00:32:37.982+0000] {logging_mixin.py:188} INFO - [2025-09-09T00:32:37.982+0000] {dag.py:3823} INFO - Setting next_dagrun for update_car_data to 2025-09-07 15:00:00+00:00, run_after=2025-09-08 15:00:00+00:00
[2025-09-09T00:32:38.000+0000] {processor.py:183} INFO - Processing /opt/airflow/dags/update_car_data_dag.py took 0.118 seconds
[2025-09-09T00:33:08.254+0000] {processor.py:161} INFO - Started process (PID=521) to work on /opt/airflow/dags/update_car_data_dag.py
[2025-09-09T00:33:08.255+0000] {processor.py:830} INFO - Processing file /opt/airflow/dags/update_car_data_dag.py for tasks to queue
[2025-09-09T00:33:08.256+0000] {logging_mixin.py:188} INFO - [2025-09-09T00:33:08.256+0000] {dagbag.py:538} INFO - Filling up the DagBag from /opt/airflow/dags/update_car_data_dag.py
[2025-09-09T00:33:08.273+0000] {processor.py:840} INFO - DAG(s) 'update_car_data' retrieved from /opt/airflow/dags/update_car_data_dag.py
[2025-09-09T00:33:08.306+0000] {logging_mixin.py:188} INFO - [2025-09-09T00:33:08.306+0000] {dag.py:3036} INFO - Sync 1 DAGs
[2025-09-09T00:33:08.324+0000] {logging_mixin.py:188} INFO - [2025-09-09T00:33:08.324+0000] {dag.py:3823} INFO - Setting next_dagrun for update_car_data to 2025-09-07 15:00:00+00:00, run_after=2025-09-08 15:00:00+00:00
[2025-09-09T00:33:08.333+0000] {processor.py:183} INFO - Processing /opt/airflow/dags/update_car_data_dag.py took 0.088 seconds
[2025-09-09T00:33:38.663+0000] {processor.py:161} INFO - Started process (PID=526) to work on /opt/airflow/dags/update_car_data_dag.py
[2025-09-09T00:33:38.664+0000] {processor.py:830} INFO - Processing file /opt/airflow/dags/update_car_data_dag.py for tasks to queue
[2025-09-09T00:33:38.665+0000] {logging_mixin.py:188} INFO - [2025-09-09T00:33:38.665+0000] {dagbag.py:538} INFO - Filling up the DagBag from /opt/airflow/dags/update_car_data_dag.py
[2025-09-09T00:33:38.680+0000] {processor.py:840} INFO - DAG(s) 'update_car_data' retrieved from /opt/airflow/dags/update_car_data_dag.py
[2025-09-09T00:33:38.721+0000] {logging_mixin.py:188} INFO - [2025-09-09T00:33:38.721+0000] {dag.py:3036} INFO - Sync 1 DAGs
[2025-09-09T00:33:38.746+0000] {logging_mixin.py:188} INFO - [2025-09-09T00:33:38.746+0000] {dag.py:3823} INFO - Setting next_dagrun for update_car_data to 2025-09-07 15:00:00+00:00, run_after=2025-09-08 15:00:00+00:00
[2025-09-09T00:33:38.759+0000] {processor.py:183} INFO - Processing /opt/airflow/dags/update_car_data_dag.py took 0.100 seconds
[2025-09-09T00:34:09.109+0000] {processor.py:161} INFO - Started process (PID=531) to work on /opt/airflow/dags/update_car_data_dag.py
[2025-09-09T00:34:09.111+0000] {processor.py:830} INFO - Processing file /opt/airflow/dags/update_car_data_dag.py for tasks to queue
[2025-09-09T00:34:09.112+0000] {logging_mixin.py:188} INFO - [2025-09-09T00:34:09.112+0000] {dagbag.py:538} INFO - Filling up the DagBag from /opt/airflow/dags/update_car_data_dag.py
[2025-09-09T00:34:09.134+0000] {processor.py:840} INFO - DAG(s) 'update_car_data' retrieved from /opt/airflow/dags/update_car_data_dag.py
[2025-09-09T00:34:09.163+0000] {logging_mixin.py:188} INFO - [2025-09-09T00:34:09.163+0000] {dag.py:3036} INFO - Sync 1 DAGs
[2025-09-09T00:34:09.184+0000] {logging_mixin.py:188} INFO - [2025-09-09T00:34:09.184+0000] {dag.py:3823} INFO - Setting next_dagrun for update_car_data to 2025-09-07 15:00:00+00:00, run_after=2025-09-08 15:00:00+00:00
[2025-09-09T00:34:09.195+0000] {processor.py:183} INFO - Processing /opt/airflow/dags/update_car_data_dag.py took 0.092 seconds
[2025-09-09T00:34:39.632+0000] {processor.py:161} INFO - Started process (PID=536) to work on /opt/airflow/dags/update_car_data_dag.py
[2025-09-09T00:34:39.634+0000] {processor.py:830} INFO - Processing file /opt/airflow/dags/update_car_data_dag.py for tasks to queue
[2025-09-09T00:34:39.636+0000] {logging_mixin.py:188} INFO - [2025-09-09T00:34:39.635+0000] {dagbag.py:538} INFO - Filling up the DagBag from /opt/airflow/dags/update_car_data_dag.py
[2025-09-09T00:34:39.655+0000] {processor.py:840} INFO - DAG(s) 'update_car_data' retrieved from /opt/airflow/dags/update_car_data_dag.py
[2025-09-09T00:34:39.679+0000] {logging_mixin.py:188} INFO - [2025-09-09T00:34:39.679+0000] {dag.py:3036} INFO - Sync 1 DAGs
[2025-09-09T00:34:39.694+0000] {logging_mixin.py:188} INFO - [2025-09-09T00:34:39.694+0000] {dag.py:3823} INFO - Setting next_dagrun for update_car_data to 2025-09-07 15:00:00+00:00, run_after=2025-09-08 15:00:00+00:00
[2025-09-09T00:34:39.704+0000] {processor.py:183} INFO - Processing /opt/airflow/dags/update_car_data_dag.py took 0.078 seconds
[2025-09-09T00:35:09.977+0000] {processor.py:161} INFO - Started process (PID=541) to work on /opt/airflow/dags/update_car_data_dag.py
[2025-09-09T00:35:09.979+0000] {processor.py:830} INFO - Processing file /opt/airflow/dags/update_car_data_dag.py for tasks to queue
[2025-09-09T00:35:09.980+0000] {logging_mixin.py:188} INFO - [2025-09-09T00:35:09.979+0000] {dagbag.py:538} INFO - Filling up the DagBag from /opt/airflow/dags/update_car_data_dag.py
[2025-09-09T00:35:09.996+0000] {processor.py:840} INFO - DAG(s) 'update_car_data' retrieved from /opt/airflow/dags/update_car_data_dag.py
[2025-09-09T00:35:10.020+0000] {logging_mixin.py:188} INFO - [2025-09-09T00:35:10.020+0000] {dag.py:3036} INFO - Sync 1 DAGs
[2025-09-09T00:35:10.034+0000] {logging_mixin.py:188} INFO - [2025-09-09T00:35:10.034+0000] {dag.py:3823} INFO - Setting next_dagrun for update_car_data to 2025-09-07 15:00:00+00:00, run_after=2025-09-08 15:00:00+00:00
[2025-09-09T00:35:10.043+0000] {processor.py:183} INFO - Processing /opt/airflow/dags/update_car_data_dag.py took 0.071 seconds
[2025-09-09T01:10:04.828+0000] {processor.py:161} INFO - Started process (PID=166) to work on /opt/airflow/dags/update_car_data_dag.py
[2025-09-09T01:10:04.830+0000] {processor.py:830} INFO - Processing file /opt/airflow/dags/update_car_data_dag.py for tasks to queue
[2025-09-09T01:10:04.833+0000] {logging_mixin.py:188} INFO - [2025-09-09T01:10:04.832+0000] {dagbag.py:538} INFO - Filling up the DagBag from /opt/airflow/dags/update_car_data_dag.py
[2025-09-09T01:10:04.847+0000] {processor.py:840} INFO - DAG(s) 'update_car_data' retrieved from /opt/airflow/dags/update_car_data_dag.py
[2025-09-09T01:10:04.884+0000] {logging_mixin.py:188} INFO - [2025-09-09T01:10:04.884+0000] {dag.py:3036} INFO - Sync 1 DAGs
[2025-09-09T01:10:04.897+0000] {logging_mixin.py:188} INFO - [2025-09-09T01:10:04.897+0000] {dag.py:3823} INFO - Setting next_dagrun for update_car_data to 2025-09-07 15:00:00+00:00, run_after=2025-09-08 15:00:00+00:00
[2025-09-09T01:10:04.906+0000] {processor.py:183} INFO - Processing /opt/airflow/dags/update_car_data_dag.py took 0.080 seconds
[2025-09-09T01:10:35.144+0000] {processor.py:161} INFO - Started process (PID=172) to work on /opt/airflow/dags/update_car_data_dag.py
[2025-09-09T01:10:35.145+0000] {processor.py:830} INFO - Processing file /opt/airflow/dags/update_car_data_dag.py for tasks to queue
[2025-09-09T01:10:35.147+0000] {logging_mixin.py:188} INFO - [2025-09-09T01:10:35.146+0000] {dagbag.py:538} INFO - Filling up the DagBag from /opt/airflow/dags/update_car_data_dag.py
[2025-09-09T01:10:35.168+0000] {processor.py:840} INFO - DAG(s) 'update_car_data' retrieved from /opt/airflow/dags/update_car_data_dag.py
[2025-09-09T01:10:35.210+0000] {logging_mixin.py:188} INFO - [2025-09-09T01:10:35.209+0000] {dag.py:3036} INFO - Sync 1 DAGs
[2025-09-09T01:10:35.241+0000] {logging_mixin.py:188} INFO - [2025-09-09T01:10:35.241+0000] {dag.py:3823} INFO - Setting next_dagrun for update_car_data to 2025-09-07 15:00:00+00:00, run_after=2025-09-08 15:00:00+00:00
[2025-09-09T01:10:35.256+0000] {processor.py:183} INFO - Processing /opt/airflow/dags/update_car_data_dag.py took 0.118 seconds
[2025-09-09T01:12:37.304+0000] {processor.py:161} INFO - Started process (PID=165) to work on /opt/airflow/dags/update_car_data_dag.py
[2025-09-09T01:12:37.305+0000] {processor.py:830} INFO - Processing file /opt/airflow/dags/update_car_data_dag.py for tasks to queue
[2025-09-09T01:12:37.307+0000] {logging_mixin.py:188} INFO - [2025-09-09T01:12:37.307+0000] {dagbag.py:538} INFO - Filling up the DagBag from /opt/airflow/dags/update_car_data_dag.py
[2025-09-09T01:12:37.336+0000] {processor.py:840} INFO - DAG(s) 'update_car_data' retrieved from /opt/airflow/dags/update_car_data_dag.py
[2025-09-09T01:12:37.383+0000] {logging_mixin.py:188} INFO - [2025-09-09T01:12:37.383+0000] {dag.py:3036} INFO - Sync 1 DAGs
[2025-09-09T01:12:37.399+0000] {logging_mixin.py:188} INFO - [2025-09-09T01:12:37.399+0000] {dag.py:3823} INFO - Setting next_dagrun for update_car_data to 2025-09-07 15:00:00+00:00, run_after=2025-09-08 15:00:00+00:00
[2025-09-09T01:12:37.409+0000] {processor.py:183} INFO - Processing /opt/airflow/dags/update_car_data_dag.py took 0.110 seconds
[2025-09-09T01:13:07.610+0000] {processor.py:161} INFO - Started process (PID=171) to work on /opt/airflow/dags/update_car_data_dag.py
[2025-09-09T01:13:07.611+0000] {processor.py:830} INFO - Processing file /opt/airflow/dags/update_car_data_dag.py for tasks to queue
[2025-09-09T01:13:07.612+0000] {logging_mixin.py:188} INFO - [2025-09-09T01:13:07.611+0000] {dagbag.py:538} INFO - Filling up the DagBag from /opt/airflow/dags/update_car_data_dag.py
[2025-09-09T01:13:07.635+0000] {processor.py:840} INFO - DAG(s) 'update_car_data' retrieved from /opt/airflow/dags/update_car_data_dag.py
[2025-09-09T01:13:07.670+0000] {logging_mixin.py:188} INFO - [2025-09-09T01:13:07.670+0000] {dag.py:3036} INFO - Sync 1 DAGs
[2025-09-09T01:13:07.696+0000] {logging_mixin.py:188} INFO - [2025-09-09T01:13:07.696+0000] {dag.py:3823} INFO - Setting next_dagrun for update_car_data to 2025-09-07 15:00:00+00:00, run_after=2025-09-08 15:00:00+00:00
[2025-09-09T01:13:07.705+0000] {processor.py:183} INFO - Processing /opt/airflow/dags/update_car_data_dag.py took 0.099 seconds
[2025-09-09T01:13:37.903+0000] {processor.py:161} INFO - Started process (PID=176) to work on /opt/airflow/dags/update_car_data_dag.py
[2025-09-09T01:13:37.904+0000] {processor.py:830} INFO - Processing file /opt/airflow/dags/update_car_data_dag.py for tasks to queue
[2025-09-09T01:13:37.906+0000] {logging_mixin.py:188} INFO - [2025-09-09T01:13:37.905+0000] {dagbag.py:538} INFO - Filling up the DagBag from /opt/airflow/dags/update_car_data_dag.py
[2025-09-09T01:13:37.927+0000] {processor.py:840} INFO - DAG(s) 'update_car_data' retrieved from /opt/airflow/dags/update_car_data_dag.py
[2025-09-09T01:13:37.956+0000] {logging_mixin.py:188} INFO - [2025-09-09T01:13:37.956+0000] {dag.py:3036} INFO - Sync 1 DAGs
[2025-09-09T01:13:37.980+0000] {logging_mixin.py:188} INFO - [2025-09-09T01:13:37.979+0000] {dag.py:3823} INFO - Setting next_dagrun for update_car_data to 2025-09-07 15:00:00+00:00, run_after=2025-09-08 15:00:00+00:00
[2025-09-09T01:13:37.993+0000] {processor.py:183} INFO - Processing /opt/airflow/dags/update_car_data_dag.py took 0.096 seconds
[2025-09-09T01:14:08.215+0000] {processor.py:161} INFO - Started process (PID=181) to work on /opt/airflow/dags/update_car_data_dag.py
[2025-09-09T01:14:08.216+0000] {processor.py:830} INFO - Processing file /opt/airflow/dags/update_car_data_dag.py for tasks to queue
[2025-09-09T01:14:08.217+0000] {logging_mixin.py:188} INFO - [2025-09-09T01:14:08.216+0000] {dagbag.py:538} INFO - Filling up the DagBag from /opt/airflow/dags/update_car_data_dag.py
[2025-09-09T01:14:08.239+0000] {processor.py:840} INFO - DAG(s) 'update_car_data' retrieved from /opt/airflow/dags/update_car_data_dag.py
[2025-09-09T01:14:08.266+0000] {logging_mixin.py:188} INFO - [2025-09-09T01:14:08.265+0000] {dag.py:3036} INFO - Sync 1 DAGs
[2025-09-09T01:14:08.283+0000] {logging_mixin.py:188} INFO - [2025-09-09T01:14:08.283+0000] {dag.py:3823} INFO - Setting next_dagrun for update_car_data to 2025-09-07 15:00:00+00:00, run_after=2025-09-08 15:00:00+00:00
[2025-09-09T01:14:08.293+0000] {processor.py:183} INFO - Processing /opt/airflow/dags/update_car_data_dag.py took 0.086 seconds
[2025-09-09T01:14:38.598+0000] {processor.py:161} INFO - Started process (PID=186) to work on /opt/airflow/dags/update_car_data_dag.py
[2025-09-09T01:14:38.599+0000] {processor.py:830} INFO - Processing file /opt/airflow/dags/update_car_data_dag.py for tasks to queue
[2025-09-09T01:14:38.600+0000] {logging_mixin.py:188} INFO - [2025-09-09T01:14:38.600+0000] {dagbag.py:538} INFO - Filling up the DagBag from /opt/airflow/dags/update_car_data_dag.py
[2025-09-09T01:14:38.617+0000] {processor.py:840} INFO - DAG(s) 'update_car_data' retrieved from /opt/airflow/dags/update_car_data_dag.py
[2025-09-09T01:14:38.643+0000] {logging_mixin.py:188} INFO - [2025-09-09T01:14:38.643+0000] {dag.py:3036} INFO - Sync 1 DAGs
[2025-09-09T01:14:38.658+0000] {logging_mixin.py:188} INFO - [2025-09-09T01:14:38.658+0000] {dag.py:3823} INFO - Setting next_dagrun for update_car_data to 2025-09-07 15:00:00+00:00, run_after=2025-09-08 15:00:00+00:00
[2025-09-09T01:14:38.666+0000] {processor.py:183} INFO - Processing /opt/airflow/dags/update_car_data_dag.py took 0.072 seconds
[2025-09-09T01:15:08.928+0000] {processor.py:161} INFO - Started process (PID=191) to work on /opt/airflow/dags/update_car_data_dag.py
[2025-09-09T01:15:08.930+0000] {processor.py:830} INFO - Processing file /opt/airflow/dags/update_car_data_dag.py for tasks to queue
[2025-09-09T01:15:08.931+0000] {logging_mixin.py:188} INFO - [2025-09-09T01:15:08.930+0000] {dagbag.py:538} INFO - Filling up the DagBag from /opt/airflow/dags/update_car_data_dag.py
[2025-09-09T01:15:08.958+0000] {processor.py:840} INFO - DAG(s) 'update_car_data' retrieved from /opt/airflow/dags/update_car_data_dag.py
[2025-09-09T01:15:08.983+0000] {logging_mixin.py:188} INFO - [2025-09-09T01:15:08.983+0000] {dag.py:3036} INFO - Sync 1 DAGs
[2025-09-09T01:15:08.997+0000] {logging_mixin.py:188} INFO - [2025-09-09T01:15:08.997+0000] {dag.py:3823} INFO - Setting next_dagrun for update_car_data to 2025-09-07 15:00:00+00:00, run_after=2025-09-08 15:00:00+00:00
[2025-09-09T01:15:09.006+0000] {processor.py:183} INFO - Processing /opt/airflow/dags/update_car_data_dag.py took 0.083 seconds
[2025-09-09T01:15:39.238+0000] {processor.py:161} INFO - Started process (PID=196) to work on /opt/airflow/dags/update_car_data_dag.py
[2025-09-09T01:15:39.239+0000] {processor.py:830} INFO - Processing file /opt/airflow/dags/update_car_data_dag.py for tasks to queue
[2025-09-09T01:15:39.240+0000] {logging_mixin.py:188} INFO - [2025-09-09T01:15:39.240+0000] {dagbag.py:538} INFO - Filling up the DagBag from /opt/airflow/dags/update_car_data_dag.py
[2025-09-09T01:15:39.255+0000] {processor.py:840} INFO - DAG(s) 'update_car_data' retrieved from /opt/airflow/dags/update_car_data_dag.py
[2025-09-09T01:15:39.279+0000] {logging_mixin.py:188} INFO - [2025-09-09T01:15:39.279+0000] {dag.py:3036} INFO - Sync 1 DAGs
[2025-09-09T01:15:39.294+0000] {logging_mixin.py:188} INFO - [2025-09-09T01:15:39.294+0000] {dag.py:3823} INFO - Setting next_dagrun for update_car_data to 2025-09-07 15:00:00+00:00, run_after=2025-09-08 15:00:00+00:00
[2025-09-09T01:15:39.304+0000] {processor.py:183} INFO - Processing /opt/airflow/dags/update_car_data_dag.py took 0.071 seconds
[2025-09-09T01:16:09.610+0000] {processor.py:161} INFO - Started process (PID=201) to work on /opt/airflow/dags/update_car_data_dag.py
[2025-09-09T01:16:09.611+0000] {processor.py:830} INFO - Processing file /opt/airflow/dags/update_car_data_dag.py for tasks to queue
[2025-09-09T01:16:09.612+0000] {logging_mixin.py:188} INFO - [2025-09-09T01:16:09.612+0000] {dagbag.py:538} INFO - Filling up the DagBag from /opt/airflow/dags/update_car_data_dag.py
[2025-09-09T01:16:09.627+0000] {processor.py:840} INFO - DAG(s) 'update_car_data' retrieved from /opt/airflow/dags/update_car_data_dag.py
[2025-09-09T01:16:09.650+0000] {logging_mixin.py:188} INFO - [2025-09-09T01:16:09.650+0000] {dag.py:3036} INFO - Sync 1 DAGs
[2025-09-09T01:16:09.665+0000] {logging_mixin.py:188} INFO - [2025-09-09T01:16:09.665+0000] {dag.py:3823} INFO - Setting next_dagrun for update_car_data to 2025-09-07 15:00:00+00:00, run_after=2025-09-08 15:00:00+00:00
[2025-09-09T01:16:09.673+0000] {processor.py:183} INFO - Processing /opt/airflow/dags/update_car_data_dag.py took 0.067 seconds
[2025-09-09T01:16:40.043+0000] {processor.py:161} INFO - Started process (PID=206) to work on /opt/airflow/dags/update_car_data_dag.py
[2025-09-09T01:16:40.046+0000] {processor.py:830} INFO - Processing file /opt/airflow/dags/update_car_data_dag.py for tasks to queue
[2025-09-09T01:16:40.049+0000] {logging_mixin.py:188} INFO - [2025-09-09T01:16:40.048+0000] {dagbag.py:538} INFO - Filling up the DagBag from /opt/airflow/dags/update_car_data_dag.py
[2025-09-09T01:16:40.106+0000] {processor.py:840} INFO - DAG(s) 'update_car_data' retrieved from /opt/airflow/dags/update_car_data_dag.py
[2025-09-09T01:16:40.208+0000] {logging_mixin.py:188} INFO - [2025-09-09T01:16:40.207+0000] {dag.py:3036} INFO - Sync 1 DAGs
[2025-09-09T01:16:40.268+0000] {logging_mixin.py:188} INFO - [2025-09-09T01:16:40.267+0000] {dag.py:3823} INFO - Setting next_dagrun for update_car_data to 2025-09-07 15:00:00+00:00, run_after=2025-09-08 15:00:00+00:00
[2025-09-09T01:16:40.306+0000] {processor.py:183} INFO - Processing /opt/airflow/dags/update_car_data_dag.py took 0.273 seconds
