[2025-09-11T07:16:29.076+0000] {taskinstance.py:1956} INFO - Dependencies all met for dep_context=non-requeueable deps ti=<TaskInstance: update_car_data.import_car_data manual__2025-09-11T07:16:07.599622+00:00 [queued]>
[2025-09-11T07:16:29.085+0000] {taskinstance.py:1956} INFO - Dependencies all met for dep_context=requeueable deps ti=<TaskInstance: update_car_data.import_car_data manual__2025-09-11T07:16:07.599622+00:00 [queued]>
[2025-09-11T07:16:29.086+0000] {taskinstance.py:2170} INFO - Starting attempt 1 of 1
[2025-09-11T07:16:29.102+0000] {taskinstance.py:2191} INFO - Executing <Task(BashOperator): import_car_data> on 2025-09-11 07:16:07.599622+00:00
[2025-09-11T07:16:29.109+0000] {standard_task_runner.py:60} INFO - Started process 458 to run task
[2025-09-11T07:16:29.113+0000] {standard_task_runner.py:87} INFO - Running: ['airflow', 'tasks', 'run', 'update_car_data', 'import_car_data', 'manual__2025-09-11T07:16:07.599622+00:00', '--job-id', '24', '--raw', '--subdir', 'DAGS_FOLDER/update_car_data_dag.py', '--cfg-path', '/tmp/tmpl7rncizn']
[2025-09-11T07:16:29.115+0000] {standard_task_runner.py:88} INFO - Job 24: Subtask import_car_data
[2025-09-11T07:16:29.197+0000] {task_command.py:423} INFO - Running <TaskInstance: update_car_data.import_car_data manual__2025-09-11T07:16:07.599622+00:00 [running]> on host 6b06f525b846
[2025-09-11T07:16:29.320+0000] {taskinstance.py:2480} INFO - Exporting env vars: AIRFLOW_CTX_DAG_OWNER='airflow' AIRFLOW_CTX_DAG_ID='update_car_data' AIRFLOW_CTX_TASK_ID='import_car_data' AIRFLOW_CTX_EXECUTION_DATE='2025-09-11T07:16:07.599622+00:00' AIRFLOW_CTX_TRY_NUMBER='1' AIRFLOW_CTX_DAG_RUN_ID='manual__2025-09-11T07:16:07.599622+00:00'
[2025-09-11T07:16:29.322+0000] {subprocess.py:63} INFO - Tmp dir root location: /tmp
[2025-09-11T07:16:29.322+0000] {subprocess.py:75} INFO - Running command: ['/usr/bin/bash', '-c', 'docker exec babsim-django_gunicorn-1 python manage.py import_data']
[2025-09-11T07:16:29.338+0000] {subprocess.py:86} INFO - Output:
[2025-09-11T07:16:29.352+0000] {subprocess.py:93} INFO - permission denied while trying to connect to the Docker daemon socket at unix:///var/run/docker.sock: Get "http://%2Fvar%2Frun%2Fdocker.sock/v1.24/containers/babsim-django_gunicorn-1/json": dial unix /var/run/docker.sock: connect: permission denied
[2025-09-11T07:16:29.354+0000] {subprocess.py:97} INFO - Command exited with return code 1
[2025-09-11T07:16:29.375+0000] {taskinstance.py:2698} ERROR - Task failed with exception
Traceback (most recent call last):
  File "/home/airflow/.local/lib/python3.8/site-packages/airflow/models/taskinstance.py", line 433, in _execute_task
    result = execute_callable(context=context, **execute_callable_kwargs)
  File "/home/airflow/.local/lib/python3.8/site-packages/airflow/operators/bash.py", line 212, in execute
    raise AirflowException(
airflow.exceptions.AirflowException: Bash command failed. The command returned a non-zero exit code 1.
[2025-09-11T07:16:29.379+0000] {taskinstance.py:1138} INFO - Marking task as FAILED. dag_id=update_car_data, task_id=import_car_data, execution_date=20250911T071607, start_date=20250911T071629, end_date=20250911T071629
[2025-09-11T07:16:29.392+0000] {standard_task_runner.py:107} ERROR - Failed to execute job 24 for task import_car_data (Bash command failed. The command returned a non-zero exit code 1.; 458)
[2025-09-11T07:16:29.406+0000] {local_task_job_runner.py:234} INFO - Task exited with return code 1
[2025-09-11T07:16:29.434+0000] {taskinstance.py:3280} INFO - 0 downstream tasks scheduled from follow-on schedule check
