[2025-09-15T00:00:00.293+0000] {processor.py:161} INFO - Started process (PID=198) to work on /opt/airflow/dags/update_car_data_dag.py
[2025-09-15T00:00:00.314+0000] {processor.py:830} INFO - Processing file /opt/airflow/dags/update_car_data_dag.py for tasks to queue
[2025-09-15T00:00:00.316+0000] {logging_mixin.py:188} INFO - [2025-09-15T00:00:00.316+0000] {dagbag.py:538} INFO - Filling up the DagBag from /opt/airflow/dags/update_car_data_dag.py
[2025-09-15T00:00:00.342+0000] {processor.py:840} INFO - DAG(s) 'update_car_data' retrieved from /opt/airflow/dags/update_car_data_dag.py
[2025-09-15T00:00:00.423+0000] {logging_mixin.py:188} INFO - [2025-09-15T00:00:00.422+0000] {dag.py:3036} INFO - Sync 1 DAGs
[2025-09-15T00:00:00.476+0000] {logging_mixin.py:188} INFO - [2025-09-15T00:00:00.475+0000] {dag.py:3823} INFO - Setting next_dagrun for update_car_data to 2025-09-14 15:00:00+00:00, run_after=2025-09-15 15:00:00+00:00
[2025-09-15T00:00:00.536+0000] {processor.py:183} INFO - Processing /opt/airflow/dags/update_car_data_dag.py took 0.251 seconds
[2025-09-15T00:00:30.788+0000] {processor.py:161} INFO - Started process (PID=203) to work on /opt/airflow/dags/update_car_data_dag.py
[2025-09-15T00:00:30.789+0000] {processor.py:830} INFO - Processing file /opt/airflow/dags/update_car_data_dag.py for tasks to queue
[2025-09-15T00:00:30.791+0000] {logging_mixin.py:188} INFO - [2025-09-15T00:00:30.790+0000] {dagbag.py:538} INFO - Filling up the DagBag from /opt/airflow/dags/update_car_data_dag.py
[2025-09-15T00:00:30.806+0000] {processor.py:840} INFO - DAG(s) 'update_car_data' retrieved from /opt/airflow/dags/update_car_data_dag.py
[2025-09-15T00:00:30.855+0000] {logging_mixin.py:188} INFO - [2025-09-15T00:00:30.855+0000] {dag.py:3036} INFO - Sync 1 DAGs
[2025-09-15T00:00:30.885+0000] {logging_mixin.py:188} INFO - [2025-09-15T00:00:30.884+0000] {dag.py:3823} INFO - Setting next_dagrun for update_car_data to 2025-09-14 15:00:00+00:00, run_after=2025-09-15 15:00:00+00:00
[2025-09-15T00:00:30.913+0000] {processor.py:183} INFO - Processing /opt/airflow/dags/update_car_data_dag.py took 0.129 seconds
[2025-09-15T00:01:00.953+0000] {processor.py:161} INFO - Started process (PID=208) to work on /opt/airflow/dags/update_car_data_dag.py
[2025-09-15T00:01:00.955+0000] {processor.py:830} INFO - Processing file /opt/airflow/dags/update_car_data_dag.py for tasks to queue
[2025-09-15T00:01:00.956+0000] {logging_mixin.py:188} INFO - [2025-09-15T00:01:00.955+0000] {dagbag.py:538} INFO - Filling up the DagBag from /opt/airflow/dags/update_car_data_dag.py
[2025-09-15T00:01:00.971+0000] {processor.py:840} INFO - DAG(s) 'update_car_data' retrieved from /opt/airflow/dags/update_car_data_dag.py
[2025-09-15T00:01:01.032+0000] {logging_mixin.py:188} INFO - [2025-09-15T00:01:01.031+0000] {dag.py:3036} INFO - Sync 1 DAGs
[2025-09-15T00:01:01.068+0000] {logging_mixin.py:188} INFO - [2025-09-15T00:01:01.068+0000] {dag.py:3823} INFO - Setting next_dagrun for update_car_data to 2025-09-14 15:00:00+00:00, run_after=2025-09-15 15:00:00+00:00
[2025-09-15T00:01:01.139+0000] {processor.py:183} INFO - Processing /opt/airflow/dags/update_car_data_dag.py took 0.190 seconds
[2025-09-15T00:01:31.267+0000] {processor.py:161} INFO - Started process (PID=213) to work on /opt/airflow/dags/update_car_data_dag.py
[2025-09-15T00:01:31.268+0000] {processor.py:830} INFO - Processing file /opt/airflow/dags/update_car_data_dag.py for tasks to queue
[2025-09-15T00:01:31.269+0000] {logging_mixin.py:188} INFO - [2025-09-15T00:01:31.268+0000] {dagbag.py:538} INFO - Filling up the DagBag from /opt/airflow/dags/update_car_data_dag.py
[2025-09-15T00:01:31.283+0000] {processor.py:840} INFO - DAG(s) 'update_car_data' retrieved from /opt/airflow/dags/update_car_data_dag.py
[2025-09-15T00:01:31.329+0000] {logging_mixin.py:188} INFO - [2025-09-15T00:01:31.328+0000] {dag.py:3036} INFO - Sync 1 DAGs
[2025-09-15T00:01:31.358+0000] {logging_mixin.py:188} INFO - [2025-09-15T00:01:31.358+0000] {dag.py:3823} INFO - Setting next_dagrun for update_car_data to 2025-09-14 15:00:00+00:00, run_after=2025-09-15 15:00:00+00:00
[2025-09-15T00:01:31.383+0000] {processor.py:183} INFO - Processing /opt/airflow/dags/update_car_data_dag.py took 0.120 seconds
[2025-09-15T00:02:01.494+0000] {processor.py:161} INFO - Started process (PID=218) to work on /opt/airflow/dags/update_car_data_dag.py
[2025-09-15T00:02:01.496+0000] {processor.py:830} INFO - Processing file /opt/airflow/dags/update_car_data_dag.py for tasks to queue
[2025-09-15T00:02:01.499+0000] {logging_mixin.py:188} INFO - [2025-09-15T00:02:01.498+0000] {dagbag.py:538} INFO - Filling up the DagBag from /opt/airflow/dags/update_car_data_dag.py
[2025-09-15T00:02:01.514+0000] {processor.py:840} INFO - DAG(s) 'update_car_data' retrieved from /opt/airflow/dags/update_car_data_dag.py
[2025-09-15T00:02:01.562+0000] {logging_mixin.py:188} INFO - [2025-09-15T00:02:01.561+0000] {dag.py:3036} INFO - Sync 1 DAGs
[2025-09-15T00:02:01.590+0000] {logging_mixin.py:188} INFO - [2025-09-15T00:02:01.590+0000] {dag.py:3823} INFO - Setting next_dagrun for update_car_data to 2025-09-14 15:00:00+00:00, run_after=2025-09-15 15:00:00+00:00
[2025-09-15T00:02:01.617+0000] {processor.py:183} INFO - Processing /opt/airflow/dags/update_car_data_dag.py took 0.126 seconds
[2025-09-15T00:02:31.712+0000] {processor.py:161} INFO - Started process (PID=223) to work on /opt/airflow/dags/update_car_data_dag.py
[2025-09-15T00:02:31.713+0000] {processor.py:830} INFO - Processing file /opt/airflow/dags/update_car_data_dag.py for tasks to queue
[2025-09-15T00:02:31.714+0000] {logging_mixin.py:188} INFO - [2025-09-15T00:02:31.714+0000] {dagbag.py:538} INFO - Filling up the DagBag from /opt/airflow/dags/update_car_data_dag.py
[2025-09-15T00:02:31.729+0000] {processor.py:840} INFO - DAG(s) 'update_car_data' retrieved from /opt/airflow/dags/update_car_data_dag.py
[2025-09-15T00:02:31.775+0000] {logging_mixin.py:188} INFO - [2025-09-15T00:02:31.775+0000] {dag.py:3036} INFO - Sync 1 DAGs
[2025-09-15T00:02:31.804+0000] {logging_mixin.py:188} INFO - [2025-09-15T00:02:31.804+0000] {dag.py:3823} INFO - Setting next_dagrun for update_car_data to 2025-09-14 15:00:00+00:00, run_after=2025-09-15 15:00:00+00:00
[2025-09-15T00:02:31.828+0000] {processor.py:183} INFO - Processing /opt/airflow/dags/update_car_data_dag.py took 0.120 seconds
[2025-09-15T00:03:01.946+0000] {processor.py:161} INFO - Started process (PID=228) to work on /opt/airflow/dags/update_car_data_dag.py
[2025-09-15T00:03:01.948+0000] {processor.py:830} INFO - Processing file /opt/airflow/dags/update_car_data_dag.py for tasks to queue
[2025-09-15T00:03:01.949+0000] {logging_mixin.py:188} INFO - [2025-09-15T00:03:01.949+0000] {dagbag.py:538} INFO - Filling up the DagBag from /opt/airflow/dags/update_car_data_dag.py
[2025-09-15T00:03:01.964+0000] {processor.py:840} INFO - DAG(s) 'update_car_data' retrieved from /opt/airflow/dags/update_car_data_dag.py
[2025-09-15T00:03:02.014+0000] {logging_mixin.py:188} INFO - [2025-09-15T00:03:02.014+0000] {dag.py:3036} INFO - Sync 1 DAGs
[2025-09-15T00:03:02.046+0000] {logging_mixin.py:188} INFO - [2025-09-15T00:03:02.046+0000] {dag.py:3823} INFO - Setting next_dagrun for update_car_data to 2025-09-14 15:00:00+00:00, run_after=2025-09-15 15:00:00+00:00
[2025-09-15T00:03:02.078+0000] {processor.py:183} INFO - Processing /opt/airflow/dags/update_car_data_dag.py took 0.137 seconds
[2025-09-15T00:03:32.171+0000] {processor.py:161} INFO - Started process (PID=233) to work on /opt/airflow/dags/update_car_data_dag.py
[2025-09-15T00:03:32.172+0000] {processor.py:830} INFO - Processing file /opt/airflow/dags/update_car_data_dag.py for tasks to queue
[2025-09-15T00:03:32.173+0000] {logging_mixin.py:188} INFO - [2025-09-15T00:03:32.172+0000] {dagbag.py:538} INFO - Filling up the DagBag from /opt/airflow/dags/update_car_data_dag.py
[2025-09-15T00:03:32.187+0000] {processor.py:840} INFO - DAG(s) 'update_car_data' retrieved from /opt/airflow/dags/update_car_data_dag.py
[2025-09-15T00:03:32.235+0000] {logging_mixin.py:188} INFO - [2025-09-15T00:03:32.235+0000] {dag.py:3036} INFO - Sync 1 DAGs
[2025-09-15T00:03:32.264+0000] {logging_mixin.py:188} INFO - [2025-09-15T00:03:32.264+0000] {dag.py:3823} INFO - Setting next_dagrun for update_car_data to 2025-09-14 15:00:00+00:00, run_after=2025-09-15 15:00:00+00:00
[2025-09-15T00:03:32.292+0000] {processor.py:183} INFO - Processing /opt/airflow/dags/update_car_data_dag.py took 0.125 seconds
[2025-09-15T00:04:02.426+0000] {processor.py:161} INFO - Started process (PID=238) to work on /opt/airflow/dags/update_car_data_dag.py
[2025-09-15T00:04:02.428+0000] {processor.py:830} INFO - Processing file /opt/airflow/dags/update_car_data_dag.py for tasks to queue
[2025-09-15T00:04:02.429+0000] {logging_mixin.py:188} INFO - [2025-09-15T00:04:02.429+0000] {dagbag.py:538} INFO - Filling up the DagBag from /opt/airflow/dags/update_car_data_dag.py
[2025-09-15T00:04:02.445+0000] {processor.py:840} INFO - DAG(s) 'update_car_data' retrieved from /opt/airflow/dags/update_car_data_dag.py
[2025-09-15T00:04:02.493+0000] {logging_mixin.py:188} INFO - [2025-09-15T00:04:02.493+0000] {dag.py:3036} INFO - Sync 1 DAGs
[2025-09-15T00:04:02.523+0000] {logging_mixin.py:188} INFO - [2025-09-15T00:04:02.522+0000] {dag.py:3823} INFO - Setting next_dagrun for update_car_data to 2025-09-14 15:00:00+00:00, run_after=2025-09-15 15:00:00+00:00
[2025-09-15T00:04:02.552+0000] {processor.py:183} INFO - Processing /opt/airflow/dags/update_car_data_dag.py took 0.130 seconds
[2025-09-15T00:04:32.637+0000] {processor.py:161} INFO - Started process (PID=243) to work on /opt/airflow/dags/update_car_data_dag.py
[2025-09-15T00:04:32.638+0000] {processor.py:830} INFO - Processing file /opt/airflow/dags/update_car_data_dag.py for tasks to queue
[2025-09-15T00:04:32.639+0000] {logging_mixin.py:188} INFO - [2025-09-15T00:04:32.639+0000] {dagbag.py:538} INFO - Filling up the DagBag from /opt/airflow/dags/update_car_data_dag.py
[2025-09-15T00:04:32.656+0000] {processor.py:840} INFO - DAG(s) 'update_car_data' retrieved from /opt/airflow/dags/update_car_data_dag.py
[2025-09-15T00:04:32.705+0000] {logging_mixin.py:188} INFO - [2025-09-15T00:04:32.705+0000] {dag.py:3036} INFO - Sync 1 DAGs
[2025-09-15T00:04:32.737+0000] {logging_mixin.py:188} INFO - [2025-09-15T00:04:32.736+0000] {dag.py:3823} INFO - Setting next_dagrun for update_car_data to 2025-09-14 15:00:00+00:00, run_after=2025-09-15 15:00:00+00:00
[2025-09-15T00:04:32.764+0000] {processor.py:183} INFO - Processing /opt/airflow/dags/update_car_data_dag.py took 0.131 seconds
[2025-09-15T00:05:02.899+0000] {processor.py:161} INFO - Started process (PID=248) to work on /opt/airflow/dags/update_car_data_dag.py
[2025-09-15T00:05:02.901+0000] {processor.py:830} INFO - Processing file /opt/airflow/dags/update_car_data_dag.py for tasks to queue
[2025-09-15T00:05:02.902+0000] {logging_mixin.py:188} INFO - [2025-09-15T00:05:02.902+0000] {dagbag.py:538} INFO - Filling up the DagBag from /opt/airflow/dags/update_car_data_dag.py
[2025-09-15T00:05:02.918+0000] {processor.py:840} INFO - DAG(s) 'update_car_data' retrieved from /opt/airflow/dags/update_car_data_dag.py
[2025-09-15T00:05:02.980+0000] {logging_mixin.py:188} INFO - [2025-09-15T00:05:02.980+0000] {dag.py:3036} INFO - Sync 1 DAGs
[2025-09-15T00:05:03.015+0000] {logging_mixin.py:188} INFO - [2025-09-15T00:05:03.015+0000] {dag.py:3823} INFO - Setting next_dagrun for update_car_data to 2025-09-14 15:00:00+00:00, run_after=2025-09-15 15:00:00+00:00
[2025-09-15T00:05:03.048+0000] {processor.py:183} INFO - Processing /opt/airflow/dags/update_car_data_dag.py took 0.154 seconds
[2025-09-15T00:05:33.132+0000] {processor.py:161} INFO - Started process (PID=253) to work on /opt/airflow/dags/update_car_data_dag.py
[2025-09-15T00:05:33.133+0000] {processor.py:830} INFO - Processing file /opt/airflow/dags/update_car_data_dag.py for tasks to queue
[2025-09-15T00:05:33.134+0000] {logging_mixin.py:188} INFO - [2025-09-15T00:05:33.133+0000] {dagbag.py:538} INFO - Filling up the DagBag from /opt/airflow/dags/update_car_data_dag.py
[2025-09-15T00:05:33.149+0000] {processor.py:840} INFO - DAG(s) 'update_car_data' retrieved from /opt/airflow/dags/update_car_data_dag.py
[2025-09-15T00:05:33.199+0000] {logging_mixin.py:188} INFO - [2025-09-15T00:05:33.198+0000] {dag.py:3036} INFO - Sync 1 DAGs
[2025-09-15T00:05:33.234+0000] {logging_mixin.py:188} INFO - [2025-09-15T00:05:33.234+0000] {dag.py:3823} INFO - Setting next_dagrun for update_car_data to 2025-09-14 15:00:00+00:00, run_after=2025-09-15 15:00:00+00:00
[2025-09-15T00:05:33.262+0000] {processor.py:183} INFO - Processing /opt/airflow/dags/update_car_data_dag.py took 0.135 seconds
[2025-09-15T00:06:03.399+0000] {processor.py:161} INFO - Started process (PID=258) to work on /opt/airflow/dags/update_car_data_dag.py
[2025-09-15T00:06:03.401+0000] {processor.py:830} INFO - Processing file /opt/airflow/dags/update_car_data_dag.py for tasks to queue
[2025-09-15T00:06:03.402+0000] {logging_mixin.py:188} INFO - [2025-09-15T00:06:03.402+0000] {dagbag.py:538} INFO - Filling up the DagBag from /opt/airflow/dags/update_car_data_dag.py
[2025-09-15T00:06:03.420+0000] {processor.py:840} INFO - DAG(s) 'update_car_data' retrieved from /opt/airflow/dags/update_car_data_dag.py
[2025-09-15T00:06:03.466+0000] {logging_mixin.py:188} INFO - [2025-09-15T00:06:03.465+0000] {dag.py:3036} INFO - Sync 1 DAGs
[2025-09-15T00:06:03.499+0000] {logging_mixin.py:188} INFO - [2025-09-15T00:06:03.499+0000] {dag.py:3823} INFO - Setting next_dagrun for update_car_data to 2025-09-14 15:00:00+00:00, run_after=2025-09-15 15:00:00+00:00
[2025-09-15T00:06:03.533+0000] {processor.py:183} INFO - Processing /opt/airflow/dags/update_car_data_dag.py took 0.137 seconds
[2025-09-15T00:06:33.613+0000] {processor.py:161} INFO - Started process (PID=263) to work on /opt/airflow/dags/update_car_data_dag.py
[2025-09-15T00:06:33.614+0000] {processor.py:830} INFO - Processing file /opt/airflow/dags/update_car_data_dag.py for tasks to queue
[2025-09-15T00:06:33.615+0000] {logging_mixin.py:188} INFO - [2025-09-15T00:06:33.615+0000] {dagbag.py:538} INFO - Filling up the DagBag from /opt/airflow/dags/update_car_data_dag.py
[2025-09-15T00:06:33.630+0000] {processor.py:840} INFO - DAG(s) 'update_car_data' retrieved from /opt/airflow/dags/update_car_data_dag.py
[2025-09-15T00:06:33.678+0000] {logging_mixin.py:188} INFO - [2025-09-15T00:06:33.677+0000] {dag.py:3036} INFO - Sync 1 DAGs
[2025-09-15T00:06:33.705+0000] {logging_mixin.py:188} INFO - [2025-09-15T00:06:33.705+0000] {dag.py:3823} INFO - Setting next_dagrun for update_car_data to 2025-09-14 15:00:00+00:00, run_after=2025-09-15 15:00:00+00:00
[2025-09-15T00:06:33.730+0000] {processor.py:183} INFO - Processing /opt/airflow/dags/update_car_data_dag.py took 0.122 seconds
[2025-09-15T00:07:03.875+0000] {processor.py:161} INFO - Started process (PID=268) to work on /opt/airflow/dags/update_car_data_dag.py
[2025-09-15T00:07:03.876+0000] {processor.py:830} INFO - Processing file /opt/airflow/dags/update_car_data_dag.py for tasks to queue
[2025-09-15T00:07:03.877+0000] {logging_mixin.py:188} INFO - [2025-09-15T00:07:03.877+0000] {dagbag.py:538} INFO - Filling up the DagBag from /opt/airflow/dags/update_car_data_dag.py
[2025-09-15T00:07:03.893+0000] {processor.py:840} INFO - DAG(s) 'update_car_data' retrieved from /opt/airflow/dags/update_car_data_dag.py
[2025-09-15T00:07:03.938+0000] {logging_mixin.py:188} INFO - [2025-09-15T00:07:03.937+0000] {dag.py:3036} INFO - Sync 1 DAGs
[2025-09-15T00:07:03.966+0000] {logging_mixin.py:188} INFO - [2025-09-15T00:07:03.966+0000] {dag.py:3823} INFO - Setting next_dagrun for update_car_data to 2025-09-14 15:00:00+00:00, run_after=2025-09-15 15:00:00+00:00
[2025-09-15T00:07:03.991+0000] {processor.py:183} INFO - Processing /opt/airflow/dags/update_car_data_dag.py took 0.121 seconds
[2025-09-15T00:07:34.066+0000] {processor.py:161} INFO - Started process (PID=273) to work on /opt/airflow/dags/update_car_data_dag.py
[2025-09-15T00:07:34.067+0000] {processor.py:830} INFO - Processing file /opt/airflow/dags/update_car_data_dag.py for tasks to queue
[2025-09-15T00:07:34.068+0000] {logging_mixin.py:188} INFO - [2025-09-15T00:07:34.067+0000] {dagbag.py:538} INFO - Filling up the DagBag from /opt/airflow/dags/update_car_data_dag.py
[2025-09-15T00:07:34.083+0000] {processor.py:840} INFO - DAG(s) 'update_car_data' retrieved from /opt/airflow/dags/update_car_data_dag.py
[2025-09-15T00:07:34.130+0000] {logging_mixin.py:188} INFO - [2025-09-15T00:07:34.129+0000] {dag.py:3036} INFO - Sync 1 DAGs
[2025-09-15T00:07:34.159+0000] {logging_mixin.py:188} INFO - [2025-09-15T00:07:34.159+0000] {dag.py:3823} INFO - Setting next_dagrun for update_car_data to 2025-09-14 15:00:00+00:00, run_after=2025-09-15 15:00:00+00:00
[2025-09-15T00:07:34.183+0000] {processor.py:183} INFO - Processing /opt/airflow/dags/update_car_data_dag.py took 0.121 seconds
[2025-09-15T00:08:04.341+0000] {processor.py:161} INFO - Started process (PID=278) to work on /opt/airflow/dags/update_car_data_dag.py
[2025-09-15T00:08:04.342+0000] {processor.py:830} INFO - Processing file /opt/airflow/dags/update_car_data_dag.py for tasks to queue
[2025-09-15T00:08:04.344+0000] {logging_mixin.py:188} INFO - [2025-09-15T00:08:04.343+0000] {dagbag.py:538} INFO - Filling up the DagBag from /opt/airflow/dags/update_car_data_dag.py
[2025-09-15T00:08:04.361+0000] {processor.py:840} INFO - DAG(s) 'update_car_data' retrieved from /opt/airflow/dags/update_car_data_dag.py
[2025-09-15T00:08:04.414+0000] {logging_mixin.py:188} INFO - [2025-09-15T00:08:04.414+0000] {dag.py:3036} INFO - Sync 1 DAGs
[2025-09-15T00:08:04.446+0000] {logging_mixin.py:188} INFO - [2025-09-15T00:08:04.446+0000] {dag.py:3823} INFO - Setting next_dagrun for update_car_data to 2025-09-14 15:00:00+00:00, run_after=2025-09-15 15:00:00+00:00
[2025-09-15T00:08:04.476+0000] {processor.py:183} INFO - Processing /opt/airflow/dags/update_car_data_dag.py took 0.139 seconds
[2025-09-15T00:08:34.526+0000] {processor.py:161} INFO - Started process (PID=283) to work on /opt/airflow/dags/update_car_data_dag.py
[2025-09-15T00:08:34.527+0000] {processor.py:830} INFO - Processing file /opt/airflow/dags/update_car_data_dag.py for tasks to queue
[2025-09-15T00:08:34.529+0000] {logging_mixin.py:188} INFO - [2025-09-15T00:08:34.528+0000] {dagbag.py:538} INFO - Filling up the DagBag from /opt/airflow/dags/update_car_data_dag.py
[2025-09-15T00:08:34.544+0000] {processor.py:840} INFO - DAG(s) 'update_car_data' retrieved from /opt/airflow/dags/update_car_data_dag.py
[2025-09-15T00:08:34.590+0000] {logging_mixin.py:188} INFO - [2025-09-15T00:08:34.589+0000] {dag.py:3036} INFO - Sync 1 DAGs
[2025-09-15T00:08:34.618+0000] {logging_mixin.py:188} INFO - [2025-09-15T00:08:34.618+0000] {dag.py:3823} INFO - Setting next_dagrun for update_car_data to 2025-09-14 15:00:00+00:00, run_after=2025-09-15 15:00:00+00:00
[2025-09-15T00:08:34.642+0000] {processor.py:183} INFO - Processing /opt/airflow/dags/update_car_data_dag.py took 0.119 seconds
[2025-09-15T00:09:04.811+0000] {processor.py:161} INFO - Started process (PID=288) to work on /opt/airflow/dags/update_car_data_dag.py
[2025-09-15T00:09:04.813+0000] {processor.py:830} INFO - Processing file /opt/airflow/dags/update_car_data_dag.py for tasks to queue
[2025-09-15T00:09:04.814+0000] {logging_mixin.py:188} INFO - [2025-09-15T00:09:04.813+0000] {dagbag.py:538} INFO - Filling up the DagBag from /opt/airflow/dags/update_car_data_dag.py
[2025-09-15T00:09:04.829+0000] {processor.py:840} INFO - DAG(s) 'update_car_data' retrieved from /opt/airflow/dags/update_car_data_dag.py
[2025-09-15T00:09:04.874+0000] {logging_mixin.py:188} INFO - [2025-09-15T00:09:04.873+0000] {dag.py:3036} INFO - Sync 1 DAGs
[2025-09-15T00:09:04.904+0000] {logging_mixin.py:188} INFO - [2025-09-15T00:09:04.904+0000] {dag.py:3823} INFO - Setting next_dagrun for update_car_data to 2025-09-14 15:00:00+00:00, run_after=2025-09-15 15:00:00+00:00
[2025-09-15T00:09:04.932+0000] {processor.py:183} INFO - Processing /opt/airflow/dags/update_car_data_dag.py took 0.126 seconds
[2025-09-15T00:09:34.991+0000] {processor.py:161} INFO - Started process (PID=293) to work on /opt/airflow/dags/update_car_data_dag.py
[2025-09-15T00:09:34.992+0000] {processor.py:830} INFO - Processing file /opt/airflow/dags/update_car_data_dag.py for tasks to queue
[2025-09-15T00:09:34.993+0000] {logging_mixin.py:188} INFO - [2025-09-15T00:09:34.992+0000] {dagbag.py:538} INFO - Filling up the DagBag from /opt/airflow/dags/update_car_data_dag.py
[2025-09-15T00:09:35.008+0000] {processor.py:840} INFO - DAG(s) 'update_car_data' retrieved from /opt/airflow/dags/update_car_data_dag.py
[2025-09-15T00:09:35.062+0000] {logging_mixin.py:188} INFO - [2025-09-15T00:09:35.061+0000] {dag.py:3036} INFO - Sync 1 DAGs
[2025-09-15T00:09:35.096+0000] {logging_mixin.py:188} INFO - [2025-09-15T00:09:35.095+0000] {dag.py:3823} INFO - Setting next_dagrun for update_car_data to 2025-09-14 15:00:00+00:00, run_after=2025-09-15 15:00:00+00:00
[2025-09-15T00:09:35.125+0000] {processor.py:183} INFO - Processing /opt/airflow/dags/update_car_data_dag.py took 0.139 seconds
[2025-09-15T00:10:05.281+0000] {processor.py:161} INFO - Started process (PID=298) to work on /opt/airflow/dags/update_car_data_dag.py
[2025-09-15T00:10:05.283+0000] {processor.py:830} INFO - Processing file /opt/airflow/dags/update_car_data_dag.py for tasks to queue
[2025-09-15T00:10:05.284+0000] {logging_mixin.py:188} INFO - [2025-09-15T00:10:05.284+0000] {dagbag.py:538} INFO - Filling up the DagBag from /opt/airflow/dags/update_car_data_dag.py
[2025-09-15T00:10:05.300+0000] {processor.py:840} INFO - DAG(s) 'update_car_data' retrieved from /opt/airflow/dags/update_car_data_dag.py
[2025-09-15T00:10:05.347+0000] {logging_mixin.py:188} INFO - [2025-09-15T00:10:05.346+0000] {dag.py:3036} INFO - Sync 1 DAGs
[2025-09-15T00:10:05.376+0000] {logging_mixin.py:188} INFO - [2025-09-15T00:10:05.375+0000] {dag.py:3823} INFO - Setting next_dagrun for update_car_data to 2025-09-14 15:00:00+00:00, run_after=2025-09-15 15:00:00+00:00
[2025-09-15T00:10:05.401+0000] {processor.py:183} INFO - Processing /opt/airflow/dags/update_car_data_dag.py took 0.124 seconds
[2025-09-15T00:10:35.476+0000] {processor.py:161} INFO - Started process (PID=303) to work on /opt/airflow/dags/update_car_data_dag.py
[2025-09-15T00:10:35.477+0000] {processor.py:830} INFO - Processing file /opt/airflow/dags/update_car_data_dag.py for tasks to queue
[2025-09-15T00:10:35.478+0000] {logging_mixin.py:188} INFO - [2025-09-15T00:10:35.478+0000] {dagbag.py:538} INFO - Filling up the DagBag from /opt/airflow/dags/update_car_data_dag.py
[2025-09-15T00:10:35.495+0000] {processor.py:840} INFO - DAG(s) 'update_car_data' retrieved from /opt/airflow/dags/update_car_data_dag.py
[2025-09-15T00:10:35.542+0000] {logging_mixin.py:188} INFO - [2025-09-15T00:10:35.542+0000] {dag.py:3036} INFO - Sync 1 DAGs
[2025-09-15T00:10:35.571+0000] {logging_mixin.py:188} INFO - [2025-09-15T00:10:35.571+0000] {dag.py:3823} INFO - Setting next_dagrun for update_car_data to 2025-09-14 15:00:00+00:00, run_after=2025-09-15 15:00:00+00:00
[2025-09-15T00:10:35.595+0000] {processor.py:183} INFO - Processing /opt/airflow/dags/update_car_data_dag.py took 0.123 seconds
[2025-09-15T00:11:05.750+0000] {processor.py:161} INFO - Started process (PID=308) to work on /opt/airflow/dags/update_car_data_dag.py
[2025-09-15T00:11:05.752+0000] {processor.py:830} INFO - Processing file /opt/airflow/dags/update_car_data_dag.py for tasks to queue
[2025-09-15T00:11:05.754+0000] {logging_mixin.py:188} INFO - [2025-09-15T00:11:05.754+0000] {dagbag.py:538} INFO - Filling up the DagBag from /opt/airflow/dags/update_car_data_dag.py
[2025-09-15T00:11:05.769+0000] {processor.py:840} INFO - DAG(s) 'update_car_data' retrieved from /opt/airflow/dags/update_car_data_dag.py
[2025-09-15T00:11:05.816+0000] {logging_mixin.py:188} INFO - [2025-09-15T00:11:05.816+0000] {dag.py:3036} INFO - Sync 1 DAGs
[2025-09-15T00:11:05.846+0000] {logging_mixin.py:188} INFO - [2025-09-15T00:11:05.846+0000] {dag.py:3823} INFO - Setting next_dagrun for update_car_data to 2025-09-14 15:00:00+00:00, run_after=2025-09-15 15:00:00+00:00
[2025-09-15T00:11:05.875+0000] {processor.py:183} INFO - Processing /opt/airflow/dags/update_car_data_dag.py took 0.129 seconds
[2025-09-15T00:11:35.952+0000] {processor.py:161} INFO - Started process (PID=313) to work on /opt/airflow/dags/update_car_data_dag.py
[2025-09-15T00:11:35.953+0000] {processor.py:830} INFO - Processing file /opt/airflow/dags/update_car_data_dag.py for tasks to queue
[2025-09-15T00:11:35.954+0000] {logging_mixin.py:188} INFO - [2025-09-15T00:11:35.953+0000] {dagbag.py:538} INFO - Filling up the DagBag from /opt/airflow/dags/update_car_data_dag.py
[2025-09-15T00:11:35.968+0000] {processor.py:840} INFO - DAG(s) 'update_car_data' retrieved from /opt/airflow/dags/update_car_data_dag.py
[2025-09-15T00:11:36.016+0000] {logging_mixin.py:188} INFO - [2025-09-15T00:11:36.016+0000] {dag.py:3036} INFO - Sync 1 DAGs
[2025-09-15T00:11:36.046+0000] {logging_mixin.py:188} INFO - [2025-09-15T00:11:36.045+0000] {dag.py:3823} INFO - Setting next_dagrun for update_car_data to 2025-09-14 15:00:00+00:00, run_after=2025-09-15 15:00:00+00:00
[2025-09-15T00:11:36.069+0000] {processor.py:183} INFO - Processing /opt/airflow/dags/update_car_data_dag.py took 0.122 seconds
[2025-09-15T00:12:06.232+0000] {processor.py:161} INFO - Started process (PID=318) to work on /opt/airflow/dags/update_car_data_dag.py
[2025-09-15T00:12:06.233+0000] {processor.py:830} INFO - Processing file /opt/airflow/dags/update_car_data_dag.py for tasks to queue
[2025-09-15T00:12:06.235+0000] {logging_mixin.py:188} INFO - [2025-09-15T00:12:06.234+0000] {dagbag.py:538} INFO - Filling up the DagBag from /opt/airflow/dags/update_car_data_dag.py
[2025-09-15T00:12:06.250+0000] {processor.py:840} INFO - DAG(s) 'update_car_data' retrieved from /opt/airflow/dags/update_car_data_dag.py
[2025-09-15T00:12:06.297+0000] {logging_mixin.py:188} INFO - [2025-09-15T00:12:06.297+0000] {dag.py:3036} INFO - Sync 1 DAGs
[2025-09-15T00:12:06.327+0000] {logging_mixin.py:188} INFO - [2025-09-15T00:12:06.326+0000] {dag.py:3823} INFO - Setting next_dagrun for update_car_data to 2025-09-14 15:00:00+00:00, run_after=2025-09-15 15:00:00+00:00
[2025-09-15T00:12:06.353+0000] {processor.py:183} INFO - Processing /opt/airflow/dags/update_car_data_dag.py took 0.125 seconds
[2025-09-15T00:12:36.412+0000] {processor.py:161} INFO - Started process (PID=323) to work on /opt/airflow/dags/update_car_data_dag.py
[2025-09-15T00:12:36.413+0000] {processor.py:830} INFO - Processing file /opt/airflow/dags/update_car_data_dag.py for tasks to queue
[2025-09-15T00:12:36.414+0000] {logging_mixin.py:188} INFO - [2025-09-15T00:12:36.413+0000] {dagbag.py:538} INFO - Filling up the DagBag from /opt/airflow/dags/update_car_data_dag.py
[2025-09-15T00:12:36.429+0000] {processor.py:840} INFO - DAG(s) 'update_car_data' retrieved from /opt/airflow/dags/update_car_data_dag.py
[2025-09-15T00:12:36.476+0000] {logging_mixin.py:188} INFO - [2025-09-15T00:12:36.476+0000] {dag.py:3036} INFO - Sync 1 DAGs
[2025-09-15T00:12:36.506+0000] {logging_mixin.py:188} INFO - [2025-09-15T00:12:36.505+0000] {dag.py:3823} INFO - Setting next_dagrun for update_car_data to 2025-09-14 15:00:00+00:00, run_after=2025-09-15 15:00:00+00:00
[2025-09-15T00:12:36.531+0000] {processor.py:183} INFO - Processing /opt/airflow/dags/update_car_data_dag.py took 0.124 seconds
[2025-09-15T00:13:06.707+0000] {processor.py:161} INFO - Started process (PID=328) to work on /opt/airflow/dags/update_car_data_dag.py
[2025-09-15T00:13:06.709+0000] {processor.py:830} INFO - Processing file /opt/airflow/dags/update_car_data_dag.py for tasks to queue
[2025-09-15T00:13:06.710+0000] {logging_mixin.py:188} INFO - [2025-09-15T00:13:06.710+0000] {dagbag.py:538} INFO - Filling up the DagBag from /opt/airflow/dags/update_car_data_dag.py
[2025-09-15T00:13:06.724+0000] {processor.py:840} INFO - DAG(s) 'update_car_data' retrieved from /opt/airflow/dags/update_car_data_dag.py
[2025-09-15T00:13:06.775+0000] {logging_mixin.py:188} INFO - [2025-09-15T00:13:06.775+0000] {dag.py:3036} INFO - Sync 1 DAGs
[2025-09-15T00:13:06.810+0000] {logging_mixin.py:188} INFO - [2025-09-15T00:13:06.809+0000] {dag.py:3823} INFO - Setting next_dagrun for update_car_data to 2025-09-14 15:00:00+00:00, run_after=2025-09-15 15:00:00+00:00
[2025-09-15T00:13:06.849+0000] {processor.py:183} INFO - Processing /opt/airflow/dags/update_car_data_dag.py took 0.145 seconds
[2025-09-15T00:13:36.889+0000] {processor.py:161} INFO - Started process (PID=333) to work on /opt/airflow/dags/update_car_data_dag.py
[2025-09-15T00:13:36.890+0000] {processor.py:830} INFO - Processing file /opt/airflow/dags/update_car_data_dag.py for tasks to queue
[2025-09-15T00:13:36.891+0000] {logging_mixin.py:188} INFO - [2025-09-15T00:13:36.891+0000] {dagbag.py:538} INFO - Filling up the DagBag from /opt/airflow/dags/update_car_data_dag.py
[2025-09-15T00:13:36.906+0000] {processor.py:840} INFO - DAG(s) 'update_car_data' retrieved from /opt/airflow/dags/update_car_data_dag.py
[2025-09-15T00:13:36.955+0000] {logging_mixin.py:188} INFO - [2025-09-15T00:13:36.955+0000] {dag.py:3036} INFO - Sync 1 DAGs
[2025-09-15T00:13:36.983+0000] {logging_mixin.py:188} INFO - [2025-09-15T00:13:36.983+0000] {dag.py:3823} INFO - Setting next_dagrun for update_car_data to 2025-09-14 15:00:00+00:00, run_after=2025-09-15 15:00:00+00:00
[2025-09-15T00:13:37.011+0000] {processor.py:183} INFO - Processing /opt/airflow/dags/update_car_data_dag.py took 0.126 seconds
[2025-09-15T00:14:07.200+0000] {processor.py:161} INFO - Started process (PID=338) to work on /opt/airflow/dags/update_car_data_dag.py
[2025-09-15T00:14:07.201+0000] {processor.py:830} INFO - Processing file /opt/airflow/dags/update_car_data_dag.py for tasks to queue
[2025-09-15T00:14:07.202+0000] {logging_mixin.py:188} INFO - [2025-09-15T00:14:07.202+0000] {dagbag.py:538} INFO - Filling up the DagBag from /opt/airflow/dags/update_car_data_dag.py
[2025-09-15T00:14:07.218+0000] {processor.py:840} INFO - DAG(s) 'update_car_data' retrieved from /opt/airflow/dags/update_car_data_dag.py
[2025-09-15T00:14:07.266+0000] {logging_mixin.py:188} INFO - [2025-09-15T00:14:07.265+0000] {dag.py:3036} INFO - Sync 1 DAGs
[2025-09-15T00:14:07.293+0000] {logging_mixin.py:188} INFO - [2025-09-15T00:14:07.293+0000] {dag.py:3823} INFO - Setting next_dagrun for update_car_data to 2025-09-14 15:00:00+00:00, run_after=2025-09-15 15:00:00+00:00
[2025-09-15T00:14:07.324+0000] {processor.py:183} INFO - Processing /opt/airflow/dags/update_car_data_dag.py took 0.128 seconds
[2025-09-15T00:14:37.377+0000] {processor.py:161} INFO - Started process (PID=343) to work on /opt/airflow/dags/update_car_data_dag.py
[2025-09-15T00:14:37.378+0000] {processor.py:830} INFO - Processing file /opt/airflow/dags/update_car_data_dag.py for tasks to queue
[2025-09-15T00:14:37.379+0000] {logging_mixin.py:188} INFO - [2025-09-15T00:14:37.379+0000] {dagbag.py:538} INFO - Filling up the DagBag from /opt/airflow/dags/update_car_data_dag.py
[2025-09-15T00:14:37.394+0000] {processor.py:840} INFO - DAG(s) 'update_car_data' retrieved from /opt/airflow/dags/update_car_data_dag.py
[2025-09-15T00:14:37.440+0000] {logging_mixin.py:188} INFO - [2025-09-15T00:14:37.439+0000] {dag.py:3036} INFO - Sync 1 DAGs
[2025-09-15T00:14:37.470+0000] {logging_mixin.py:188} INFO - [2025-09-15T00:14:37.469+0000] {dag.py:3823} INFO - Setting next_dagrun for update_car_data to 2025-09-14 15:00:00+00:00, run_after=2025-09-15 15:00:00+00:00
[2025-09-15T00:14:37.499+0000] {processor.py:183} INFO - Processing /opt/airflow/dags/update_car_data_dag.py took 0.126 seconds
[2025-09-15T00:15:07.669+0000] {processor.py:161} INFO - Started process (PID=348) to work on /opt/airflow/dags/update_car_data_dag.py
[2025-09-15T00:15:07.671+0000] {processor.py:830} INFO - Processing file /opt/airflow/dags/update_car_data_dag.py for tasks to queue
[2025-09-15T00:15:07.672+0000] {logging_mixin.py:188} INFO - [2025-09-15T00:15:07.671+0000] {dagbag.py:538} INFO - Filling up the DagBag from /opt/airflow/dags/update_car_data_dag.py
[2025-09-15T00:15:07.688+0000] {processor.py:840} INFO - DAG(s) 'update_car_data' retrieved from /opt/airflow/dags/update_car_data_dag.py
[2025-09-15T00:15:07.755+0000] {logging_mixin.py:188} INFO - [2025-09-15T00:15:07.755+0000] {dag.py:3036} INFO - Sync 1 DAGs
[2025-09-15T00:15:07.792+0000] {logging_mixin.py:188} INFO - [2025-09-15T00:15:07.792+0000] {dag.py:3823} INFO - Setting next_dagrun for update_car_data to 2025-09-14 15:00:00+00:00, run_after=2025-09-15 15:00:00+00:00
[2025-09-15T00:15:07.842+0000] {processor.py:183} INFO - Processing /opt/airflow/dags/update_car_data_dag.py took 0.178 seconds
[2025-09-15T00:15:38.021+0000] {processor.py:161} INFO - Started process (PID=353) to work on /opt/airflow/dags/update_car_data_dag.py
[2025-09-15T00:15:38.023+0000] {processor.py:830} INFO - Processing file /opt/airflow/dags/update_car_data_dag.py for tasks to queue
[2025-09-15T00:15:38.024+0000] {logging_mixin.py:188} INFO - [2025-09-15T00:15:38.023+0000] {dagbag.py:538} INFO - Filling up the DagBag from /opt/airflow/dags/update_car_data_dag.py
[2025-09-15T00:15:38.038+0000] {processor.py:840} INFO - DAG(s) 'update_car_data' retrieved from /opt/airflow/dags/update_car_data_dag.py
[2025-09-15T00:15:38.086+0000] {logging_mixin.py:188} INFO - [2025-09-15T00:15:38.086+0000] {dag.py:3036} INFO - Sync 1 DAGs
[2025-09-15T00:15:38.113+0000] {logging_mixin.py:188} INFO - [2025-09-15T00:15:38.113+0000] {dag.py:3823} INFO - Setting next_dagrun for update_car_data to 2025-09-14 15:00:00+00:00, run_after=2025-09-15 15:00:00+00:00
[2025-09-15T00:15:38.138+0000] {processor.py:183} INFO - Processing /opt/airflow/dags/update_car_data_dag.py took 0.120 seconds
[2025-09-15T00:16:08.192+0000] {processor.py:161} INFO - Started process (PID=358) to work on /opt/airflow/dags/update_car_data_dag.py
[2025-09-15T00:16:08.194+0000] {processor.py:830} INFO - Processing file /opt/airflow/dags/update_car_data_dag.py for tasks to queue
[2025-09-15T00:16:08.195+0000] {logging_mixin.py:188} INFO - [2025-09-15T00:16:08.194+0000] {dagbag.py:538} INFO - Filling up the DagBag from /opt/airflow/dags/update_car_data_dag.py
[2025-09-15T00:16:08.211+0000] {processor.py:840} INFO - DAG(s) 'update_car_data' retrieved from /opt/airflow/dags/update_car_data_dag.py
[2025-09-15T00:16:08.258+0000] {logging_mixin.py:188} INFO - [2025-09-15T00:16:08.258+0000] {dag.py:3036} INFO - Sync 1 DAGs
[2025-09-15T00:16:08.287+0000] {logging_mixin.py:188} INFO - [2025-09-15T00:16:08.286+0000] {dag.py:3823} INFO - Setting next_dagrun for update_car_data to 2025-09-14 15:00:00+00:00, run_after=2025-09-15 15:00:00+00:00
[2025-09-15T00:16:08.315+0000] {processor.py:183} INFO - Processing /opt/airflow/dags/update_car_data_dag.py took 0.127 seconds
[2025-09-15T00:16:38.492+0000] {processor.py:161} INFO - Started process (PID=363) to work on /opt/airflow/dags/update_car_data_dag.py
[2025-09-15T00:16:38.493+0000] {processor.py:830} INFO - Processing file /opt/airflow/dags/update_car_data_dag.py for tasks to queue
[2025-09-15T00:16:38.495+0000] {logging_mixin.py:188} INFO - [2025-09-15T00:16:38.494+0000] {dagbag.py:538} INFO - Filling up the DagBag from /opt/airflow/dags/update_car_data_dag.py
[2025-09-15T00:16:38.512+0000] {processor.py:840} INFO - DAG(s) 'update_car_data' retrieved from /opt/airflow/dags/update_car_data_dag.py
[2025-09-15T00:16:38.561+0000] {logging_mixin.py:188} INFO - [2025-09-15T00:16:38.561+0000] {dag.py:3036} INFO - Sync 1 DAGs
[2025-09-15T00:16:38.592+0000] {logging_mixin.py:188} INFO - [2025-09-15T00:16:38.591+0000] {dag.py:3823} INFO - Setting next_dagrun for update_car_data to 2025-09-14 15:00:00+00:00, run_after=2025-09-15 15:00:00+00:00
[2025-09-15T00:16:38.621+0000] {processor.py:183} INFO - Processing /opt/airflow/dags/update_car_data_dag.py took 0.134 seconds
[2025-09-15T00:17:08.673+0000] {processor.py:161} INFO - Started process (PID=368) to work on /opt/airflow/dags/update_car_data_dag.py
[2025-09-15T00:17:08.675+0000] {processor.py:830} INFO - Processing file /opt/airflow/dags/update_car_data_dag.py for tasks to queue
[2025-09-15T00:17:08.676+0000] {logging_mixin.py:188} INFO - [2025-09-15T00:17:08.676+0000] {dagbag.py:538} INFO - Filling up the DagBag from /opt/airflow/dags/update_car_data_dag.py
[2025-09-15T00:17:08.695+0000] {processor.py:840} INFO - DAG(s) 'update_car_data' retrieved from /opt/airflow/dags/update_car_data_dag.py
[2025-09-15T00:17:08.742+0000] {logging_mixin.py:188} INFO - [2025-09-15T00:17:08.742+0000] {dag.py:3036} INFO - Sync 1 DAGs
[2025-09-15T00:17:08.778+0000] {logging_mixin.py:188} INFO - [2025-09-15T00:17:08.777+0000] {dag.py:3823} INFO - Setting next_dagrun for update_car_data to 2025-09-14 15:00:00+00:00, run_after=2025-09-15 15:00:00+00:00
[2025-09-15T00:17:08.828+0000] {processor.py:183} INFO - Processing /opt/airflow/dags/update_car_data_dag.py took 0.159 seconds
[2025-09-15T00:17:38.962+0000] {processor.py:161} INFO - Started process (PID=373) to work on /opt/airflow/dags/update_car_data_dag.py
[2025-09-15T00:17:38.963+0000] {processor.py:830} INFO - Processing file /opt/airflow/dags/update_car_data_dag.py for tasks to queue
[2025-09-15T00:17:38.964+0000] {logging_mixin.py:188} INFO - [2025-09-15T00:17:38.963+0000] {dagbag.py:538} INFO - Filling up the DagBag from /opt/airflow/dags/update_car_data_dag.py
[2025-09-15T00:17:38.979+0000] {processor.py:840} INFO - DAG(s) 'update_car_data' retrieved from /opt/airflow/dags/update_car_data_dag.py
[2025-09-15T00:17:39.025+0000] {logging_mixin.py:188} INFO - [2025-09-15T00:17:39.025+0000] {dag.py:3036} INFO - Sync 1 DAGs
[2025-09-15T00:17:39.055+0000] {logging_mixin.py:188} INFO - [2025-09-15T00:17:39.055+0000] {dag.py:3823} INFO - Setting next_dagrun for update_car_data to 2025-09-14 15:00:00+00:00, run_after=2025-09-15 15:00:00+00:00
[2025-09-15T00:17:39.080+0000] {processor.py:183} INFO - Processing /opt/airflow/dags/update_car_data_dag.py took 0.123 seconds
[2025-09-15T00:18:09.161+0000] {processor.py:161} INFO - Started process (PID=378) to work on /opt/airflow/dags/update_car_data_dag.py
[2025-09-15T00:18:09.162+0000] {processor.py:830} INFO - Processing file /opt/airflow/dags/update_car_data_dag.py for tasks to queue
[2025-09-15T00:18:09.164+0000] {logging_mixin.py:188} INFO - [2025-09-15T00:18:09.163+0000] {dagbag.py:538} INFO - Filling up the DagBag from /opt/airflow/dags/update_car_data_dag.py
[2025-09-15T00:18:09.180+0000] {processor.py:840} INFO - DAG(s) 'update_car_data' retrieved from /opt/airflow/dags/update_car_data_dag.py
[2025-09-15T00:18:09.228+0000] {logging_mixin.py:188} INFO - [2025-09-15T00:18:09.228+0000] {dag.py:3036} INFO - Sync 1 DAGs
[2025-09-15T00:18:09.276+0000] {logging_mixin.py:188} INFO - [2025-09-15T00:18:09.276+0000] {dag.py:3823} INFO - Setting next_dagrun for update_car_data to 2025-09-14 15:00:00+00:00, run_after=2025-09-15 15:00:00+00:00
[2025-09-15T00:18:09.304+0000] {processor.py:183} INFO - Processing /opt/airflow/dags/update_car_data_dag.py took 0.147 seconds
[2025-09-15T00:18:39.428+0000] {processor.py:161} INFO - Started process (PID=383) to work on /opt/airflow/dags/update_car_data_dag.py
[2025-09-15T00:18:39.429+0000] {processor.py:830} INFO - Processing file /opt/airflow/dags/update_car_data_dag.py for tasks to queue
[2025-09-15T00:18:39.430+0000] {logging_mixin.py:188} INFO - [2025-09-15T00:18:39.430+0000] {dagbag.py:538} INFO - Filling up the DagBag from /opt/airflow/dags/update_car_data_dag.py
[2025-09-15T00:18:39.445+0000] {processor.py:840} INFO - DAG(s) 'update_car_data' retrieved from /opt/airflow/dags/update_car_data_dag.py
[2025-09-15T00:18:39.497+0000] {logging_mixin.py:188} INFO - [2025-09-15T00:18:39.496+0000] {dag.py:3036} INFO - Sync 1 DAGs
[2025-09-15T00:18:39.526+0000] {logging_mixin.py:188} INFO - [2025-09-15T00:18:39.526+0000] {dag.py:3823} INFO - Setting next_dagrun for update_car_data to 2025-09-14 15:00:00+00:00, run_after=2025-09-15 15:00:00+00:00
[2025-09-15T00:18:39.552+0000] {processor.py:183} INFO - Processing /opt/airflow/dags/update_car_data_dag.py took 0.128 seconds
[2025-09-15T00:19:09.679+0000] {processor.py:161} INFO - Started process (PID=388) to work on /opt/airflow/dags/update_car_data_dag.py
[2025-09-15T00:19:09.680+0000] {processor.py:830} INFO - Processing file /opt/airflow/dags/update_car_data_dag.py for tasks to queue
[2025-09-15T00:19:09.682+0000] {logging_mixin.py:188} INFO - [2025-09-15T00:19:09.681+0000] {dagbag.py:538} INFO - Filling up the DagBag from /opt/airflow/dags/update_car_data_dag.py
[2025-09-15T00:19:09.697+0000] {processor.py:840} INFO - DAG(s) 'update_car_data' retrieved from /opt/airflow/dags/update_car_data_dag.py
[2025-09-15T00:19:09.747+0000] {logging_mixin.py:188} INFO - [2025-09-15T00:19:09.746+0000] {dag.py:3036} INFO - Sync 1 DAGs
[2025-09-15T00:19:09.777+0000] {logging_mixin.py:188} INFO - [2025-09-15T00:19:09.776+0000] {dag.py:3823} INFO - Setting next_dagrun for update_car_data to 2025-09-14 15:00:00+00:00, run_after=2025-09-15 15:00:00+00:00
[2025-09-15T00:19:09.802+0000] {processor.py:183} INFO - Processing /opt/airflow/dags/update_car_data_dag.py took 0.128 seconds
[2025-09-15T00:19:39.893+0000] {processor.py:161} INFO - Started process (PID=393) to work on /opt/airflow/dags/update_car_data_dag.py
[2025-09-15T00:19:39.894+0000] {processor.py:830} INFO - Processing file /opt/airflow/dags/update_car_data_dag.py for tasks to queue
[2025-09-15T00:19:39.895+0000] {logging_mixin.py:188} INFO - [2025-09-15T00:19:39.895+0000] {dagbag.py:538} INFO - Filling up the DagBag from /opt/airflow/dags/update_car_data_dag.py
[2025-09-15T00:19:39.916+0000] {processor.py:840} INFO - DAG(s) 'update_car_data' retrieved from /opt/airflow/dags/update_car_data_dag.py
[2025-09-15T00:19:39.965+0000] {logging_mixin.py:188} INFO - [2025-09-15T00:19:39.965+0000] {dag.py:3036} INFO - Sync 1 DAGs
[2025-09-15T00:19:39.994+0000] {logging_mixin.py:188} INFO - [2025-09-15T00:19:39.994+0000] {dag.py:3823} INFO - Setting next_dagrun for update_car_data to 2025-09-14 15:00:00+00:00, run_after=2025-09-15 15:00:00+00:00
[2025-09-15T00:19:40.026+0000] {processor.py:183} INFO - Processing /opt/airflow/dags/update_car_data_dag.py took 0.137 seconds
[2025-09-15T00:20:10.167+0000] {processor.py:161} INFO - Started process (PID=398) to work on /opt/airflow/dags/update_car_data_dag.py
[2025-09-15T00:20:10.168+0000] {processor.py:830} INFO - Processing file /opt/airflow/dags/update_car_data_dag.py for tasks to queue
[2025-09-15T00:20:10.170+0000] {logging_mixin.py:188} INFO - [2025-09-15T00:20:10.169+0000] {dagbag.py:538} INFO - Filling up the DagBag from /opt/airflow/dags/update_car_data_dag.py
[2025-09-15T00:20:10.184+0000] {processor.py:840} INFO - DAG(s) 'update_car_data' retrieved from /opt/airflow/dags/update_car_data_dag.py
[2025-09-15T00:20:10.238+0000] {logging_mixin.py:188} INFO - [2025-09-15T00:20:10.238+0000] {dag.py:3036} INFO - Sync 1 DAGs
[2025-09-15T00:20:10.272+0000] {logging_mixin.py:188} INFO - [2025-09-15T00:20:10.272+0000] {dag.py:3823} INFO - Setting next_dagrun for update_car_data to 2025-09-14 15:00:00+00:00, run_after=2025-09-15 15:00:00+00:00
[2025-09-15T00:20:10.299+0000] {processor.py:183} INFO - Processing /opt/airflow/dags/update_car_data_dag.py took 0.136 seconds
[2025-09-15T00:21:36.675+0000] {processor.py:161} INFO - Started process (PID=163) to work on /opt/airflow/dags/update_car_data_dag.py
[2025-09-15T00:21:36.677+0000] {processor.py:830} INFO - Processing file /opt/airflow/dags/update_car_data_dag.py for tasks to queue
[2025-09-15T00:21:36.678+0000] {logging_mixin.py:188} INFO - [2025-09-15T00:21:36.677+0000] {dagbag.py:538} INFO - Filling up the DagBag from /opt/airflow/dags/update_car_data_dag.py
[2025-09-15T00:21:36.718+0000] {processor.py:840} INFO - DAG(s) 'update_car_data' retrieved from /opt/airflow/dags/update_car_data_dag.py
[2025-09-15T00:21:36.808+0000] {logging_mixin.py:188} INFO - [2025-09-15T00:21:36.807+0000] {dag.py:3036} INFO - Sync 1 DAGs
[2025-09-15T00:21:36.836+0000] {logging_mixin.py:188} INFO - [2025-09-15T00:21:36.836+0000] {dag.py:3823} INFO - Setting next_dagrun for update_car_data to 2025-09-14 15:00:00+00:00, run_after=2025-09-15 15:00:00+00:00
[2025-09-15T00:21:36.863+0000] {processor.py:183} INFO - Processing /opt/airflow/dags/update_car_data_dag.py took 0.193 seconds
[2025-09-15T00:22:06.910+0000] {processor.py:161} INFO - Started process (PID=168) to work on /opt/airflow/dags/update_car_data_dag.py
[2025-09-15T00:22:06.911+0000] {processor.py:830} INFO - Processing file /opt/airflow/dags/update_car_data_dag.py for tasks to queue
[2025-09-15T00:22:06.912+0000] {logging_mixin.py:188} INFO - [2025-09-15T00:22:06.912+0000] {dagbag.py:538} INFO - Filling up the DagBag from /opt/airflow/dags/update_car_data_dag.py
[2025-09-15T00:22:06.928+0000] {processor.py:840} INFO - DAG(s) 'update_car_data' retrieved from /opt/airflow/dags/update_car_data_dag.py
[2025-09-15T00:22:06.982+0000] {logging_mixin.py:188} INFO - [2025-09-15T00:22:06.982+0000] {dag.py:3036} INFO - Sync 1 DAGs
[2025-09-15T00:22:07.019+0000] {logging_mixin.py:188} INFO - [2025-09-15T00:22:07.019+0000] {dag.py:3823} INFO - Setting next_dagrun for update_car_data to 2025-09-14 15:00:00+00:00, run_after=2025-09-15 15:00:00+00:00
[2025-09-15T00:22:07.055+0000] {processor.py:183} INFO - Processing /opt/airflow/dags/update_car_data_dag.py took 0.150 seconds
[2025-09-15T00:22:37.215+0000] {processor.py:161} INFO - Started process (PID=173) to work on /opt/airflow/dags/update_car_data_dag.py
[2025-09-15T00:22:37.216+0000] {processor.py:830} INFO - Processing file /opt/airflow/dags/update_car_data_dag.py for tasks to queue
[2025-09-15T00:22:37.217+0000] {logging_mixin.py:188} INFO - [2025-09-15T00:22:37.217+0000] {dagbag.py:538} INFO - Filling up the DagBag from /opt/airflow/dags/update_car_data_dag.py
[2025-09-15T00:22:37.232+0000] {processor.py:840} INFO - DAG(s) 'update_car_data' retrieved from /opt/airflow/dags/update_car_data_dag.py
[2025-09-15T00:22:37.284+0000] {logging_mixin.py:188} INFO - [2025-09-15T00:22:37.283+0000] {dag.py:3036} INFO - Sync 1 DAGs
[2025-09-15T00:22:37.319+0000] {logging_mixin.py:188} INFO - [2025-09-15T00:22:37.319+0000] {dag.py:3823} INFO - Setting next_dagrun for update_car_data to 2025-09-14 15:00:00+00:00, run_after=2025-09-15 15:00:00+00:00
[2025-09-15T00:22:37.344+0000] {processor.py:183} INFO - Processing /opt/airflow/dags/update_car_data_dag.py took 0.134 seconds
[2025-09-15T00:23:07.400+0000] {processor.py:161} INFO - Started process (PID=178) to work on /opt/airflow/dags/update_car_data_dag.py
[2025-09-15T00:23:07.402+0000] {processor.py:830} INFO - Processing file /opt/airflow/dags/update_car_data_dag.py for tasks to queue
[2025-09-15T00:23:07.403+0000] {logging_mixin.py:188} INFO - [2025-09-15T00:23:07.402+0000] {dagbag.py:538} INFO - Filling up the DagBag from /opt/airflow/dags/update_car_data_dag.py
[2025-09-15T00:23:07.417+0000] {processor.py:840} INFO - DAG(s) 'update_car_data' retrieved from /opt/airflow/dags/update_car_data_dag.py
[2025-09-15T00:23:07.467+0000] {logging_mixin.py:188} INFO - [2025-09-15T00:23:07.466+0000] {dag.py:3036} INFO - Sync 1 DAGs
[2025-09-15T00:23:07.500+0000] {logging_mixin.py:188} INFO - [2025-09-15T00:23:07.499+0000] {dag.py:3823} INFO - Setting next_dagrun for update_car_data to 2025-09-14 15:00:00+00:00, run_after=2025-09-15 15:00:00+00:00
[2025-09-15T00:23:07.528+0000] {processor.py:183} INFO - Processing /opt/airflow/dags/update_car_data_dag.py took 0.132 seconds
[2025-09-15T00:23:37.702+0000] {processor.py:161} INFO - Started process (PID=183) to work on /opt/airflow/dags/update_car_data_dag.py
[2025-09-15T00:23:37.703+0000] {processor.py:830} INFO - Processing file /opt/airflow/dags/update_car_data_dag.py for tasks to queue
[2025-09-15T00:23:37.704+0000] {logging_mixin.py:188} INFO - [2025-09-15T00:23:37.704+0000] {dagbag.py:538} INFO - Filling up the DagBag from /opt/airflow/dags/update_car_data_dag.py
[2025-09-15T00:23:37.718+0000] {processor.py:840} INFO - DAG(s) 'update_car_data' retrieved from /opt/airflow/dags/update_car_data_dag.py
[2025-09-15T00:23:37.764+0000] {logging_mixin.py:188} INFO - [2025-09-15T00:23:37.764+0000] {dag.py:3036} INFO - Sync 1 DAGs
[2025-09-15T00:23:37.792+0000] {logging_mixin.py:188} INFO - [2025-09-15T00:23:37.792+0000] {dag.py:3823} INFO - Setting next_dagrun for update_car_data to 2025-09-14 15:00:00+00:00, run_after=2025-09-15 15:00:00+00:00
[2025-09-15T00:23:37.819+0000] {processor.py:183} INFO - Processing /opt/airflow/dags/update_car_data_dag.py took 0.121 seconds
[2025-09-15T00:24:07.886+0000] {processor.py:161} INFO - Started process (PID=188) to work on /opt/airflow/dags/update_car_data_dag.py
[2025-09-15T00:24:07.888+0000] {processor.py:830} INFO - Processing file /opt/airflow/dags/update_car_data_dag.py for tasks to queue
[2025-09-15T00:24:07.889+0000] {logging_mixin.py:188} INFO - [2025-09-15T00:24:07.888+0000] {dagbag.py:538} INFO - Filling up the DagBag from /opt/airflow/dags/update_car_data_dag.py
[2025-09-15T00:24:07.905+0000] {processor.py:840} INFO - DAG(s) 'update_car_data' retrieved from /opt/airflow/dags/update_car_data_dag.py
[2025-09-15T00:24:07.951+0000] {logging_mixin.py:188} INFO - [2025-09-15T00:24:07.951+0000] {dag.py:3036} INFO - Sync 1 DAGs
[2025-09-15T00:24:07.980+0000] {logging_mixin.py:188} INFO - [2025-09-15T00:24:07.979+0000] {dag.py:3823} INFO - Setting next_dagrun for update_car_data to 2025-09-14 15:00:00+00:00, run_after=2025-09-15 15:00:00+00:00
[2025-09-15T00:24:08.007+0000] {processor.py:183} INFO - Processing /opt/airflow/dags/update_car_data_dag.py took 0.125 seconds
[2025-09-15T00:24:38.168+0000] {processor.py:161} INFO - Started process (PID=193) to work on /opt/airflow/dags/update_car_data_dag.py
[2025-09-15T00:24:38.169+0000] {processor.py:830} INFO - Processing file /opt/airflow/dags/update_car_data_dag.py for tasks to queue
[2025-09-15T00:24:38.170+0000] {logging_mixin.py:188} INFO - [2025-09-15T00:24:38.170+0000] {dagbag.py:538} INFO - Filling up the DagBag from /opt/airflow/dags/update_car_data_dag.py
[2025-09-15T00:24:38.184+0000] {processor.py:840} INFO - DAG(s) 'update_car_data' retrieved from /opt/airflow/dags/update_car_data_dag.py
[2025-09-15T00:24:38.229+0000] {logging_mixin.py:188} INFO - [2025-09-15T00:24:38.228+0000] {dag.py:3036} INFO - Sync 1 DAGs
[2025-09-15T00:24:38.257+0000] {logging_mixin.py:188} INFO - [2025-09-15T00:24:38.256+0000] {dag.py:3823} INFO - Setting next_dagrun for update_car_data to 2025-09-14 15:00:00+00:00, run_after=2025-09-15 15:00:00+00:00
[2025-09-15T00:24:38.284+0000] {processor.py:183} INFO - Processing /opt/airflow/dags/update_car_data_dag.py took 0.119 seconds
[2025-09-15T00:25:08.354+0000] {processor.py:161} INFO - Started process (PID=198) to work on /opt/airflow/dags/update_car_data_dag.py
[2025-09-15T00:25:08.355+0000] {processor.py:830} INFO - Processing file /opt/airflow/dags/update_car_data_dag.py for tasks to queue
[2025-09-15T00:25:08.356+0000] {logging_mixin.py:188} INFO - [2025-09-15T00:25:08.355+0000] {dagbag.py:538} INFO - Filling up the DagBag from /opt/airflow/dags/update_car_data_dag.py
[2025-09-15T00:25:08.371+0000] {processor.py:840} INFO - DAG(s) 'update_car_data' retrieved from /opt/airflow/dags/update_car_data_dag.py
[2025-09-15T00:25:08.419+0000] {logging_mixin.py:188} INFO - [2025-09-15T00:25:08.419+0000] {dag.py:3036} INFO - Sync 1 DAGs
[2025-09-15T00:25:08.455+0000] {logging_mixin.py:188} INFO - [2025-09-15T00:25:08.455+0000] {dag.py:3823} INFO - Setting next_dagrun for update_car_data to 2025-09-14 15:00:00+00:00, run_after=2025-09-15 15:00:00+00:00
[2025-09-15T00:25:08.494+0000] {processor.py:183} INFO - Processing /opt/airflow/dags/update_car_data_dag.py took 0.146 seconds
[2025-09-15T00:25:38.641+0000] {processor.py:161} INFO - Started process (PID=203) to work on /opt/airflow/dags/update_car_data_dag.py
[2025-09-15T00:25:38.642+0000] {processor.py:830} INFO - Processing file /opt/airflow/dags/update_car_data_dag.py for tasks to queue
[2025-09-15T00:25:38.643+0000] {logging_mixin.py:188} INFO - [2025-09-15T00:25:38.643+0000] {dagbag.py:538} INFO - Filling up the DagBag from /opt/airflow/dags/update_car_data_dag.py
[2025-09-15T00:25:38.657+0000] {processor.py:840} INFO - DAG(s) 'update_car_data' retrieved from /opt/airflow/dags/update_car_data_dag.py
[2025-09-15T00:25:38.702+0000] {logging_mixin.py:188} INFO - [2025-09-15T00:25:38.702+0000] {dag.py:3036} INFO - Sync 1 DAGs
[2025-09-15T00:25:38.732+0000] {logging_mixin.py:188} INFO - [2025-09-15T00:25:38.732+0000] {dag.py:3823} INFO - Setting next_dagrun for update_car_data to 2025-09-14 15:00:00+00:00, run_after=2025-09-15 15:00:00+00:00
[2025-09-15T00:25:38.757+0000] {processor.py:183} INFO - Processing /opt/airflow/dags/update_car_data_dag.py took 0.121 seconds
[2025-09-15T00:26:08.828+0000] {processor.py:161} INFO - Started process (PID=208) to work on /opt/airflow/dags/update_car_data_dag.py
[2025-09-15T00:26:08.829+0000] {processor.py:830} INFO - Processing file /opt/airflow/dags/update_car_data_dag.py for tasks to queue
[2025-09-15T00:26:08.830+0000] {logging_mixin.py:188} INFO - [2025-09-15T00:26:08.829+0000] {dagbag.py:538} INFO - Filling up the DagBag from /opt/airflow/dags/update_car_data_dag.py
[2025-09-15T00:26:08.845+0000] {processor.py:840} INFO - DAG(s) 'update_car_data' retrieved from /opt/airflow/dags/update_car_data_dag.py
[2025-09-15T00:26:08.895+0000] {logging_mixin.py:188} INFO - [2025-09-15T00:26:08.894+0000] {dag.py:3036} INFO - Sync 1 DAGs
[2025-09-15T00:26:08.925+0000] {logging_mixin.py:188} INFO - [2025-09-15T00:26:08.925+0000] {dag.py:3823} INFO - Setting next_dagrun for update_car_data to 2025-09-14 15:00:00+00:00, run_after=2025-09-15 15:00:00+00:00
[2025-09-15T00:26:08.951+0000] {processor.py:183} INFO - Processing /opt/airflow/dags/update_car_data_dag.py took 0.128 seconds
[2025-09-15T00:26:39.114+0000] {processor.py:161} INFO - Started process (PID=213) to work on /opt/airflow/dags/update_car_data_dag.py
[2025-09-15T00:26:39.115+0000] {processor.py:830} INFO - Processing file /opt/airflow/dags/update_car_data_dag.py for tasks to queue
[2025-09-15T00:26:39.116+0000] {logging_mixin.py:188} INFO - [2025-09-15T00:26:39.115+0000] {dagbag.py:538} INFO - Filling up the DagBag from /opt/airflow/dags/update_car_data_dag.py
[2025-09-15T00:26:39.130+0000] {processor.py:840} INFO - DAG(s) 'update_car_data' retrieved from /opt/airflow/dags/update_car_data_dag.py
[2025-09-15T00:26:39.174+0000] {logging_mixin.py:188} INFO - [2025-09-15T00:26:39.174+0000] {dag.py:3036} INFO - Sync 1 DAGs
[2025-09-15T00:26:39.204+0000] {logging_mixin.py:188} INFO - [2025-09-15T00:26:39.204+0000] {dag.py:3823} INFO - Setting next_dagrun for update_car_data to 2025-09-14 15:00:00+00:00, run_after=2025-09-15 15:00:00+00:00
[2025-09-15T00:26:39.226+0000] {processor.py:183} INFO - Processing /opt/airflow/dags/update_car_data_dag.py took 0.117 seconds
[2025-09-15T00:27:09.295+0000] {processor.py:161} INFO - Started process (PID=218) to work on /opt/airflow/dags/update_car_data_dag.py
[2025-09-15T00:27:09.296+0000] {processor.py:830} INFO - Processing file /opt/airflow/dags/update_car_data_dag.py for tasks to queue
[2025-09-15T00:27:09.297+0000] {logging_mixin.py:188} INFO - [2025-09-15T00:27:09.297+0000] {dagbag.py:538} INFO - Filling up the DagBag from /opt/airflow/dags/update_car_data_dag.py
[2025-09-15T00:27:09.312+0000] {processor.py:840} INFO - DAG(s) 'update_car_data' retrieved from /opt/airflow/dags/update_car_data_dag.py
[2025-09-15T00:27:09.357+0000] {logging_mixin.py:188} INFO - [2025-09-15T00:27:09.357+0000] {dag.py:3036} INFO - Sync 1 DAGs
[2025-09-15T00:27:09.385+0000] {logging_mixin.py:188} INFO - [2025-09-15T00:27:09.384+0000] {dag.py:3823} INFO - Setting next_dagrun for update_car_data to 2025-09-14 15:00:00+00:00, run_after=2025-09-15 15:00:00+00:00
[2025-09-15T00:27:09.408+0000] {processor.py:183} INFO - Processing /opt/airflow/dags/update_car_data_dag.py took 0.117 seconds
[2025-09-15T00:27:39.562+0000] {processor.py:161} INFO - Started process (PID=223) to work on /opt/airflow/dags/update_car_data_dag.py
[2025-09-15T00:27:39.563+0000] {processor.py:830} INFO - Processing file /opt/airflow/dags/update_car_data_dag.py for tasks to queue
[2025-09-15T00:27:39.564+0000] {logging_mixin.py:188} INFO - [2025-09-15T00:27:39.563+0000] {dagbag.py:538} INFO - Filling up the DagBag from /opt/airflow/dags/update_car_data_dag.py
[2025-09-15T00:27:39.578+0000] {processor.py:840} INFO - DAG(s) 'update_car_data' retrieved from /opt/airflow/dags/update_car_data_dag.py
[2025-09-15T00:27:39.625+0000] {logging_mixin.py:188} INFO - [2025-09-15T00:27:39.625+0000] {dag.py:3036} INFO - Sync 1 DAGs
[2025-09-15T00:27:39.657+0000] {logging_mixin.py:188} INFO - [2025-09-15T00:27:39.656+0000] {dag.py:3823} INFO - Setting next_dagrun for update_car_data to 2025-09-14 15:00:00+00:00, run_after=2025-09-15 15:00:00+00:00
[2025-09-15T00:27:39.682+0000] {processor.py:183} INFO - Processing /opt/airflow/dags/update_car_data_dag.py took 0.124 seconds
[2025-09-15T00:28:09.740+0000] {processor.py:161} INFO - Started process (PID=228) to work on /opt/airflow/dags/update_car_data_dag.py
[2025-09-15T00:28:09.741+0000] {processor.py:830} INFO - Processing file /opt/airflow/dags/update_car_data_dag.py for tasks to queue
[2025-09-15T00:28:09.743+0000] {logging_mixin.py:188} INFO - [2025-09-15T00:28:09.742+0000] {dagbag.py:538} INFO - Filling up the DagBag from /opt/airflow/dags/update_car_data_dag.py
[2025-09-15T00:28:09.758+0000] {processor.py:840} INFO - DAG(s) 'update_car_data' retrieved from /opt/airflow/dags/update_car_data_dag.py
[2025-09-15T00:28:09.802+0000] {logging_mixin.py:188} INFO - [2025-09-15T00:28:09.802+0000] {dag.py:3036} INFO - Sync 1 DAGs
[2025-09-15T00:28:09.834+0000] {logging_mixin.py:188} INFO - [2025-09-15T00:28:09.834+0000] {dag.py:3823} INFO - Setting next_dagrun for update_car_data to 2025-09-14 15:00:00+00:00, run_after=2025-09-15 15:00:00+00:00
[2025-09-15T00:28:09.859+0000] {processor.py:183} INFO - Processing /opt/airflow/dags/update_car_data_dag.py took 0.124 seconds
[2025-09-15T00:28:40.029+0000] {processor.py:161} INFO - Started process (PID=233) to work on /opt/airflow/dags/update_car_data_dag.py
[2025-09-15T00:28:40.030+0000] {processor.py:830} INFO - Processing file /opt/airflow/dags/update_car_data_dag.py for tasks to queue
[2025-09-15T00:28:40.031+0000] {logging_mixin.py:188} INFO - [2025-09-15T00:28:40.031+0000] {dagbag.py:538} INFO - Filling up the DagBag from /opt/airflow/dags/update_car_data_dag.py
[2025-09-15T00:28:40.046+0000] {processor.py:840} INFO - DAG(s) 'update_car_data' retrieved from /opt/airflow/dags/update_car_data_dag.py
[2025-09-15T00:28:40.092+0000] {logging_mixin.py:188} INFO - [2025-09-15T00:28:40.092+0000] {dag.py:3036} INFO - Sync 1 DAGs
[2025-09-15T00:28:40.120+0000] {logging_mixin.py:188} INFO - [2025-09-15T00:28:40.120+0000] {dag.py:3823} INFO - Setting next_dagrun for update_car_data to 2025-09-14 15:00:00+00:00, run_after=2025-09-15 15:00:00+00:00
[2025-09-15T00:28:40.146+0000] {processor.py:183} INFO - Processing /opt/airflow/dags/update_car_data_dag.py took 0.121 seconds
[2025-09-15T00:29:10.213+0000] {processor.py:161} INFO - Started process (PID=238) to work on /opt/airflow/dags/update_car_data_dag.py
[2025-09-15T00:29:10.215+0000] {processor.py:830} INFO - Processing file /opt/airflow/dags/update_car_data_dag.py for tasks to queue
[2025-09-15T00:29:10.216+0000] {logging_mixin.py:188} INFO - [2025-09-15T00:29:10.216+0000] {dagbag.py:538} INFO - Filling up the DagBag from /opt/airflow/dags/update_car_data_dag.py
[2025-09-15T00:29:10.232+0000] {processor.py:840} INFO - DAG(s) 'update_car_data' retrieved from /opt/airflow/dags/update_car_data_dag.py
[2025-09-15T00:29:10.278+0000] {logging_mixin.py:188} INFO - [2025-09-15T00:29:10.278+0000] {dag.py:3036} INFO - Sync 1 DAGs
[2025-09-15T00:29:10.310+0000] {logging_mixin.py:188} INFO - [2025-09-15T00:29:10.310+0000] {dag.py:3823} INFO - Setting next_dagrun for update_car_data to 2025-09-14 15:00:00+00:00, run_after=2025-09-15 15:00:00+00:00
[2025-09-15T00:29:10.339+0000] {processor.py:183} INFO - Processing /opt/airflow/dags/update_car_data_dag.py took 0.131 seconds
[2025-09-15T00:29:40.490+0000] {processor.py:161} INFO - Started process (PID=243) to work on /opt/airflow/dags/update_car_data_dag.py
[2025-09-15T00:29:40.490+0000] {processor.py:830} INFO - Processing file /opt/airflow/dags/update_car_data_dag.py for tasks to queue
[2025-09-15T00:29:40.492+0000] {logging_mixin.py:188} INFO - [2025-09-15T00:29:40.491+0000] {dagbag.py:538} INFO - Filling up the DagBag from /opt/airflow/dags/update_car_data_dag.py
[2025-09-15T00:29:40.506+0000] {processor.py:840} INFO - DAG(s) 'update_car_data' retrieved from /opt/airflow/dags/update_car_data_dag.py
[2025-09-15T00:29:40.566+0000] {logging_mixin.py:188} INFO - [2025-09-15T00:29:40.565+0000] {dag.py:3036} INFO - Sync 1 DAGs
[2025-09-15T00:29:40.597+0000] {logging_mixin.py:188} INFO - [2025-09-15T00:29:40.596+0000] {dag.py:3823} INFO - Setting next_dagrun for update_car_data to 2025-09-14 15:00:00+00:00, run_after=2025-09-15 15:00:00+00:00
[2025-09-15T00:29:40.626+0000] {processor.py:183} INFO - Processing /opt/airflow/dags/update_car_data_dag.py took 0.141 seconds
[2025-09-15T00:30:10.715+0000] {processor.py:161} INFO - Started process (PID=248) to work on /opt/airflow/dags/update_car_data_dag.py
[2025-09-15T00:30:10.717+0000] {processor.py:830} INFO - Processing file /opt/airflow/dags/update_car_data_dag.py for tasks to queue
[2025-09-15T00:30:10.718+0000] {logging_mixin.py:188} INFO - [2025-09-15T00:30:10.718+0000] {dagbag.py:538} INFO - Filling up the DagBag from /opt/airflow/dags/update_car_data_dag.py
[2025-09-15T00:30:10.738+0000] {processor.py:840} INFO - DAG(s) 'update_car_data' retrieved from /opt/airflow/dags/update_car_data_dag.py
[2025-09-15T00:30:10.797+0000] {logging_mixin.py:188} INFO - [2025-09-15T00:30:10.797+0000] {dag.py:3036} INFO - Sync 1 DAGs
[2025-09-15T00:30:10.842+0000] {logging_mixin.py:188} INFO - [2025-09-15T00:30:10.842+0000] {dag.py:3823} INFO - Setting next_dagrun for update_car_data to 2025-09-14 15:00:00+00:00, run_after=2025-09-15 15:00:00+00:00
[2025-09-15T00:30:10.876+0000] {processor.py:183} INFO - Processing /opt/airflow/dags/update_car_data_dag.py took 0.174 seconds
[2025-09-15T00:30:40.991+0000] {processor.py:161} INFO - Started process (PID=253) to work on /opt/airflow/dags/update_car_data_dag.py
[2025-09-15T00:30:40.992+0000] {processor.py:830} INFO - Processing file /opt/airflow/dags/update_car_data_dag.py for tasks to queue
[2025-09-15T00:30:40.993+0000] {logging_mixin.py:188} INFO - [2025-09-15T00:30:40.993+0000] {dagbag.py:538} INFO - Filling up the DagBag from /opt/airflow/dags/update_car_data_dag.py
[2025-09-15T00:30:41.008+0000] {processor.py:840} INFO - DAG(s) 'update_car_data' retrieved from /opt/airflow/dags/update_car_data_dag.py
[2025-09-15T00:30:41.059+0000] {logging_mixin.py:188} INFO - [2025-09-15T00:30:41.058+0000] {dag.py:3036} INFO - Sync 1 DAGs
[2025-09-15T00:30:41.088+0000] {logging_mixin.py:188} INFO - [2025-09-15T00:30:41.088+0000] {dag.py:3823} INFO - Setting next_dagrun for update_car_data to 2025-09-14 15:00:00+00:00, run_after=2025-09-15 15:00:00+00:00
[2025-09-15T00:30:41.113+0000] {processor.py:183} INFO - Processing /opt/airflow/dags/update_car_data_dag.py took 0.126 seconds
[2025-09-15T00:31:11.226+0000] {processor.py:161} INFO - Started process (PID=258) to work on /opt/airflow/dags/update_car_data_dag.py
[2025-09-15T00:31:11.228+0000] {processor.py:830} INFO - Processing file /opt/airflow/dags/update_car_data_dag.py for tasks to queue
[2025-09-15T00:31:11.229+0000] {logging_mixin.py:188} INFO - [2025-09-15T00:31:11.229+0000] {dagbag.py:538} INFO - Filling up the DagBag from /opt/airflow/dags/update_car_data_dag.py
[2025-09-15T00:31:11.245+0000] {processor.py:840} INFO - DAG(s) 'update_car_data' retrieved from /opt/airflow/dags/update_car_data_dag.py
[2025-09-15T00:31:11.295+0000] {logging_mixin.py:188} INFO - [2025-09-15T00:31:11.294+0000] {dag.py:3036} INFO - Sync 1 DAGs
[2025-09-15T00:31:11.324+0000] {logging_mixin.py:188} INFO - [2025-09-15T00:31:11.324+0000] {dag.py:3823} INFO - Setting next_dagrun for update_car_data to 2025-09-14 15:00:00+00:00, run_after=2025-09-15 15:00:00+00:00
[2025-09-15T00:31:11.349+0000] {processor.py:183} INFO - Processing /opt/airflow/dags/update_car_data_dag.py took 0.128 seconds
[2025-09-15T00:31:41.456+0000] {processor.py:161} INFO - Started process (PID=263) to work on /opt/airflow/dags/update_car_data_dag.py
[2025-09-15T00:31:41.457+0000] {processor.py:830} INFO - Processing file /opt/airflow/dags/update_car_data_dag.py for tasks to queue
[2025-09-15T00:31:41.458+0000] {logging_mixin.py:188} INFO - [2025-09-15T00:31:41.458+0000] {dagbag.py:538} INFO - Filling up the DagBag from /opt/airflow/dags/update_car_data_dag.py
[2025-09-15T00:31:41.473+0000] {processor.py:840} INFO - DAG(s) 'update_car_data' retrieved from /opt/airflow/dags/update_car_data_dag.py
[2025-09-15T00:31:41.521+0000] {logging_mixin.py:188} INFO - [2025-09-15T00:31:41.521+0000] {dag.py:3036} INFO - Sync 1 DAGs
[2025-09-15T00:31:41.549+0000] {logging_mixin.py:188} INFO - [2025-09-15T00:31:41.548+0000] {dag.py:3823} INFO - Setting next_dagrun for update_car_data to 2025-09-14 15:00:00+00:00, run_after=2025-09-15 15:00:00+00:00
[2025-09-15T00:31:41.574+0000] {processor.py:183} INFO - Processing /opt/airflow/dags/update_car_data_dag.py took 0.122 seconds
[2025-09-15T00:32:11.677+0000] {processor.py:161} INFO - Started process (PID=268) to work on /opt/airflow/dags/update_car_data_dag.py
[2025-09-15T00:32:11.679+0000] {processor.py:830} INFO - Processing file /opt/airflow/dags/update_car_data_dag.py for tasks to queue
[2025-09-15T00:32:11.680+0000] {logging_mixin.py:188} INFO - [2025-09-15T00:32:11.680+0000] {dagbag.py:538} INFO - Filling up the DagBag from /opt/airflow/dags/update_car_data_dag.py
[2025-09-15T00:32:11.696+0000] {processor.py:840} INFO - DAG(s) 'update_car_data' retrieved from /opt/airflow/dags/update_car_data_dag.py
[2025-09-15T00:32:11.741+0000] {logging_mixin.py:188} INFO - [2025-09-15T00:32:11.741+0000] {dag.py:3036} INFO - Sync 1 DAGs
[2025-09-15T00:32:11.768+0000] {logging_mixin.py:188} INFO - [2025-09-15T00:32:11.768+0000] {dag.py:3823} INFO - Setting next_dagrun for update_car_data to 2025-09-14 15:00:00+00:00, run_after=2025-09-15 15:00:00+00:00
[2025-09-15T00:32:11.792+0000] {processor.py:183} INFO - Processing /opt/airflow/dags/update_car_data_dag.py took 0.119 seconds
[2025-09-15T00:32:41.902+0000] {processor.py:161} INFO - Started process (PID=273) to work on /opt/airflow/dags/update_car_data_dag.py
[2025-09-15T00:32:41.903+0000] {processor.py:830} INFO - Processing file /opt/airflow/dags/update_car_data_dag.py for tasks to queue
[2025-09-15T00:32:41.904+0000] {logging_mixin.py:188} INFO - [2025-09-15T00:32:41.904+0000] {dagbag.py:538} INFO - Filling up the DagBag from /opt/airflow/dags/update_car_data_dag.py
[2025-09-15T00:32:41.919+0000] {processor.py:840} INFO - DAG(s) 'update_car_data' retrieved from /opt/airflow/dags/update_car_data_dag.py
[2025-09-15T00:32:41.965+0000] {logging_mixin.py:188} INFO - [2025-09-15T00:32:41.964+0000] {dag.py:3036} INFO - Sync 1 DAGs
[2025-09-15T00:32:41.993+0000] {logging_mixin.py:188} INFO - [2025-09-15T00:32:41.992+0000] {dag.py:3823} INFO - Setting next_dagrun for update_car_data to 2025-09-14 15:00:00+00:00, run_after=2025-09-15 15:00:00+00:00
[2025-09-15T00:32:42.020+0000] {processor.py:183} INFO - Processing /opt/airflow/dags/update_car_data_dag.py took 0.122 seconds
[2025-09-15T00:33:12.111+0000] {processor.py:161} INFO - Started process (PID=278) to work on /opt/airflow/dags/update_car_data_dag.py
[2025-09-15T00:33:12.113+0000] {processor.py:830} INFO - Processing file /opt/airflow/dags/update_car_data_dag.py for tasks to queue
[2025-09-15T00:33:12.114+0000] {logging_mixin.py:188} INFO - [2025-09-15T00:33:12.113+0000] {dagbag.py:538} INFO - Filling up the DagBag from /opt/airflow/dags/update_car_data_dag.py
[2025-09-15T00:33:12.128+0000] {processor.py:840} INFO - DAG(s) 'update_car_data' retrieved from /opt/airflow/dags/update_car_data_dag.py
[2025-09-15T00:33:12.174+0000] {logging_mixin.py:188} INFO - [2025-09-15T00:33:12.174+0000] {dag.py:3036} INFO - Sync 1 DAGs
[2025-09-15T00:33:12.201+0000] {logging_mixin.py:188} INFO - [2025-09-15T00:33:12.201+0000] {dag.py:3823} INFO - Setting next_dagrun for update_car_data to 2025-09-14 15:00:00+00:00, run_after=2025-09-15 15:00:00+00:00
[2025-09-15T00:33:12.227+0000] {processor.py:183} INFO - Processing /opt/airflow/dags/update_car_data_dag.py took 0.119 seconds
