[2025-09-11T06:53:43.900+0000] {taskinstance.py:1956} INFO - Dependencies all met for dep_context=non-requeueable deps ti=<TaskInstance: update_car_data.import_car_data manual__2025-09-11T06:53:19.109788+00:00 [queued]>
[2025-09-11T06:53:43.911+0000] {taskinstance.py:1956} INFO - Dependencies all met for dep_context=requeueable deps ti=<TaskInstance: update_car_data.import_car_data manual__2025-09-11T06:53:19.109788+00:00 [queued]>
[2025-09-11T06:53:43.912+0000] {taskinstance.py:2170} INFO - Starting attempt 1 of 1
[2025-09-11T06:53:43.927+0000] {taskinstance.py:2191} INFO - Executing <Task(BashOperator): import_car_data> on 2025-09-11 06:53:19.109788+00:00
[2025-09-11T06:53:43.935+0000] {standard_task_runner.py:60} INFO - Started process 743 to run task
[2025-09-11T06:53:43.938+0000] {standard_task_runner.py:87} INFO - Running: ['airflow', 'tasks', 'run', 'update_car_data', 'import_car_data', 'manual__2025-09-11T06:53:19.109788+00:00', '--job-id', '17', '--raw', '--subdir', 'DAGS_FOLDER/update_car_data_dag.py', '--cfg-path', '/tmp/tmpw17fh9b0']
[2025-09-11T06:53:43.941+0000] {standard_task_runner.py:88} INFO - Job 17: Subtask import_car_data
[2025-09-11T06:53:44.023+0000] {task_command.py:423} INFO - Running <TaskInstance: update_car_data.import_car_data manual__2025-09-11T06:53:19.109788+00:00 [running]> on host 537766f741af
[2025-09-11T06:53:44.148+0000] {taskinstance.py:2480} INFO - Exporting env vars: AIRFLOW_CTX_DAG_OWNER='airflow' AIRFLOW_CTX_DAG_ID='update_car_data' AIRFLOW_CTX_TASK_ID='import_car_data' AIRFLOW_CTX_EXECUTION_DATE='2025-09-11T06:53:19.109788+00:00' AIRFLOW_CTX_TRY_NUMBER='1' AIRFLOW_CTX_DAG_RUN_ID='manual__2025-09-11T06:53:19.109788+00:00'
[2025-09-11T06:53:44.150+0000] {subprocess.py:63} INFO - Tmp dir root location: /tmp
[2025-09-11T06:53:44.151+0000] {subprocess.py:75} INFO - Running command: ['/usr/bin/bash', '-c', 'docker-compose exec django_gunicorn python manage.py import_data']
[2025-09-11T06:53:44.167+0000] {subprocess.py:86} INFO - Output:
[2025-09-11T06:53:44.169+0000] {subprocess.py:93} INFO - /usr/bin/bash: line 1: docker-compose: command not found
[2025-09-11T06:53:44.170+0000] {subprocess.py:97} INFO - Command exited with return code 127
[2025-09-11T06:53:44.191+0000] {taskinstance.py:2698} ERROR - Task failed with exception
Traceback (most recent call last):
  File "/home/airflow/.local/lib/python3.8/site-packages/airflow/models/taskinstance.py", line 433, in _execute_task
    result = execute_callable(context=context, **execute_callable_kwargs)
  File "/home/airflow/.local/lib/python3.8/site-packages/airflow/operators/bash.py", line 212, in execute
    raise AirflowException(
airflow.exceptions.AirflowException: Bash command failed. The command returned a non-zero exit code 127.
[2025-09-11T06:53:44.195+0000] {taskinstance.py:1138} INFO - Marking task as FAILED. dag_id=update_car_data, task_id=import_car_data, execution_date=20250911T065319, start_date=20250911T065343, end_date=20250911T065344
[2025-09-11T06:53:44.210+0000] {standard_task_runner.py:107} ERROR - Failed to execute job 17 for task import_car_data (Bash command failed. The command returned a non-zero exit code 127.; 743)
[2025-09-11T06:53:44.231+0000] {local_task_job_runner.py:234} INFO - Task exited with return code 1
[2025-09-11T06:53:44.267+0000] {taskinstance.py:3280} INFO - 0 downstream tasks scheduled from follow-on schedule check
