[2025-09-11T07:23:41.681+0000] {taskinstance.py:1956} INFO - Dependencies all met for dep_context=non-requeueable deps ti=<TaskInstance: update_car_data.import_car_data manual__2025-09-11T07:23:19.012252+00:00 [queued]>
[2025-09-11T07:23:41.692+0000] {taskinstance.py:1956} INFO - Dependencies all met for dep_context=requeueable deps ti=<TaskInstance: update_car_data.import_car_data manual__2025-09-11T07:23:19.012252+00:00 [queued]>
[2025-09-11T07:23:41.692+0000] {taskinstance.py:2170} INFO - Starting attempt 1 of 1
[2025-09-11T07:23:41.710+0000] {taskinstance.py:2191} INFO - Executing <Task(BashOperator): import_car_data> on 2025-09-11 07:23:19.012252+00:00
[2025-09-11T07:23:41.717+0000] {standard_task_runner.py:60} INFO - Started process 451 to run task
[2025-09-11T07:23:41.721+0000] {standard_task_runner.py:87} INFO - Running: ['airflow', 'tasks', 'run', 'update_car_data', 'import_car_data', 'manual__2025-09-11T07:23:19.012252+00:00', '--job-id', '27', '--raw', '--subdir', 'DAGS_FOLDER/update_car_data_dag.py', '--cfg-path', '/tmp/tmpk952f001']
[2025-09-11T07:23:41.724+0000] {standard_task_runner.py:88} INFO - Job 27: Subtask import_car_data
[2025-09-11T07:23:41.808+0000] {task_command.py:423} INFO - Running <TaskInstance: update_car_data.import_car_data manual__2025-09-11T07:23:19.012252+00:00 [running]> on host dbf546489794
[2025-09-11T07:23:41.932+0000] {taskinstance.py:2480} INFO - Exporting env vars: AIRFLOW_CTX_DAG_OWNER='airflow' AIRFLOW_CTX_DAG_ID='update_car_data' AIRFLOW_CTX_TASK_ID='import_car_data' AIRFLOW_CTX_EXECUTION_DATE='2025-09-11T07:23:19.012252+00:00' AIRFLOW_CTX_TRY_NUMBER='1' AIRFLOW_CTX_DAG_RUN_ID='manual__2025-09-11T07:23:19.012252+00:00'
[2025-09-11T07:23:41.934+0000] {subprocess.py:63} INFO - Tmp dir root location: /tmp
[2025-09-11T07:23:41.934+0000] {subprocess.py:75} INFO - Running command: ['/usr/bin/bash', '-c', 'docker exec babsim-django_gunicorn-1 python manage.py import_data']
[2025-09-11T07:23:41.950+0000] {subprocess.py:86} INFO - Output:
[2025-09-11T07:23:41.970+0000] {subprocess.py:93} INFO - Error response from daemon: No such container: babsim-django_gunicorn-1
[2025-09-11T07:23:41.972+0000] {subprocess.py:97} INFO - Command exited with return code 1
[2025-09-11T07:23:41.994+0000] {taskinstance.py:2698} ERROR - Task failed with exception
Traceback (most recent call last):
  File "/home/airflow/.local/lib/python3.8/site-packages/airflow/models/taskinstance.py", line 433, in _execute_task
    result = execute_callable(context=context, **execute_callable_kwargs)
  File "/home/airflow/.local/lib/python3.8/site-packages/airflow/operators/bash.py", line 212, in execute
    raise AirflowException(
airflow.exceptions.AirflowException: Bash command failed. The command returned a non-zero exit code 1.
[2025-09-11T07:23:41.998+0000] {taskinstance.py:1138} INFO - Marking task as FAILED. dag_id=update_car_data, task_id=import_car_data, execution_date=20250911T072319, start_date=20250911T072341, end_date=20250911T072341
[2025-09-11T07:23:42.013+0000] {standard_task_runner.py:107} ERROR - Failed to execute job 27 for task import_car_data (Bash command failed. The command returned a non-zero exit code 1.; 451)
[2025-09-11T07:23:42.054+0000] {local_task_job_runner.py:234} INFO - Task exited with return code 1
[2025-09-11T07:23:42.086+0000] {taskinstance.py:3280} INFO - 0 downstream tasks scheduled from follow-on schedule check
