[2025-09-14T15:00:01.060+0000] {taskinstance.py:1956} INFO - Dependencies all met for dep_context=non-requeueable deps ti=<TaskInstance: update_car_data.crawl_car_reviews_incremental scheduled__2025-09-13T15:00:00+00:00 [queued]>
[2025-09-14T15:00:01.071+0000] {taskinstance.py:1956} INFO - Dependencies all met for dep_context=requeueable deps ti=<TaskInstance: update_car_data.crawl_car_reviews_incremental scheduled__2025-09-13T15:00:00+00:00 [queued]>
[2025-09-14T15:00:01.072+0000] {taskinstance.py:2170} INFO - Starting attempt 1 of 1
[2025-09-14T15:00:01.103+0000] {taskinstance.py:2191} INFO - Executing <Task(BashOperator): crawl_car_reviews_incremental> on 2025-09-13 15:00:00+00:00
[2025-09-14T15:00:01.112+0000] {standard_task_runner.py:60} INFO - Started process 169 to run task
[2025-09-14T15:00:01.117+0000] {standard_task_runner.py:87} INFO - Running: ['airflow', 'tasks', 'run', 'update_car_data', 'crawl_car_reviews_incremental', 'scheduled__2025-09-13T15:00:00+00:00', '--job-id', '73', '--raw', '--subdir', 'DAGS_FOLDER/update_car_data_dag.py', '--cfg-path', '/tmp/tmps4whgpvh']
[2025-09-14T15:00:01.120+0000] {standard_task_runner.py:88} INFO - Job 73: Subtask crawl_car_reviews_incremental
[2025-09-14T15:00:01.277+0000] {task_command.py:423} INFO - Running <TaskInstance: update_car_data.crawl_car_reviews_incremental scheduled__2025-09-13T15:00:00+00:00 [running]> on host 65deb096f002
[2025-09-14T15:00:01.507+0000] {taskinstance.py:2480} INFO - Exporting env vars: AIRFLOW_CTX_DAG_OWNER='airflow' AIRFLOW_CTX_DAG_ID='update_car_data' AIRFLOW_CTX_TASK_ID='crawl_car_reviews_incremental' AIRFLOW_CTX_EXECUTION_DATE='2025-09-13T15:00:00+00:00' AIRFLOW_CTX_TRY_NUMBER='1' AIRFLOW_CTX_DAG_RUN_ID='scheduled__2025-09-13T15:00:00+00:00'
[2025-09-14T15:00:01.508+0000] {subprocess.py:63} INFO - Tmp dir root location: /tmp
[2025-09-14T15:00:01.513+0000] {subprocess.py:75} INFO - Running command: ['/usr/bin/bash', '-c', '\n        echo "📅 매일 첫 페이지만 크롤링합니다"\n        python /app/airflow/scripts/incremental_crawling.py 1 1\n        ']
[2025-09-14T15:00:01.546+0000] {subprocess.py:86} INFO - Output:
[2025-09-14T15:00:01.560+0000] {subprocess.py:93} INFO - 📅 매일 첫 페이지만 크롤링합니다
[2025-09-14T15:00:25.838+0000] {subprocess.py:93} INFO - 🚀 증분 크롤링 시작: 페이지 1부터 1까지
[2025-09-14T15:00:25.839+0000] {subprocess.py:93} INFO - 
[2025-09-14T15:00:25.839+0000] {subprocess.py:93} INFO - 📄 현재 페이지: 1
[2025-09-14T15:00:25.840+0000] {subprocess.py:93} INFO - ✅ 1: [5167] 투싼 Hybrid - 5.0★ - "구매를 하기전 타사 차량과 고민을 많이 했지만  선루프와 오디오  옵션을..." | tags: ['성능', '공간', '디자인', '승차감']
[2025-09-14T15:00:25.840+0000] {subprocess.py:93} INFO - ✅ 11: [5156] 코나 Hybrid - 5.0★ - "신차는 첫 차로 구매했습니다.   1.승차감  기존에는 세단을 타다가 코..." | tags: ['성능', '공간', '디자인', '승차감']
[2025-09-14T15:00:25.840+0000] {subprocess.py:93} INFO - ✅ 17: [5114] 디 올 뉴 팰리세이드 - 5.0★ - "기존 투싼과의 9년 동행을 마무리하며 새로운 차량을 고민하던 중에 신형 ..." | tags: ['성능', '공간', '디자인', '승차감']
[2025-09-14T15:00:25.840+0000] {subprocess.py:93} INFO - ✅ 24: [5113] 아이오닉 5 - 5.0★ - "10년 넘게 경유차를 몰다가 처음 전기차로 갈아탔습니다. 처음엔 충전이 ..." | tags: ['성능', '공간', '디자인', '승차감']
[2025-09-14T15:00:25.841+0000] {subprocess.py:93} INFO - ✅ 34: [5088] 그랜저 Hybrid - 5.0★ - "( 새로운 출발을 함께하는 내 '브리즈'와의 첫 만남)   최근에 새로운..." | tags: ['성능', '공간', '디자인', '승차감']
[2025-09-14T15:00:25.841+0000] {subprocess.py:93} INFO - ✅ 40: [5005] 투싼 Hybrid - 5.0★ - "2025 투싼 하이브리드 진짜 만족하면서 타고 있어요. 일단 연비가 너무..." | tags: ['성능', '공간', '디자인', '승차감']
[2025-09-14T15:00:25.841+0000] {subprocess.py:93} INFO - ✅ 46: [4962] 싼타페 - 5.0★ - "나의 두 번째 자동차, 싼타페와의 설레는 동행 나의 첫 자동차였던 올 뉴..." | tags: ['성능', '공간', '디자인', '승차감']
[2025-09-14T15:00:25.841+0000] {subprocess.py:93} INFO - ✅ 54: [4899] 아이오닉 5 - 5.0★ - "오래오래 탈 차로 여러가지 차량을 알아보다가 아이오닉5를 구입하게 되었어..." | tags: ['성능', '공간', '디자인', '승차감']
[2025-09-14T15:00:25.841+0000] {subprocess.py:93} INFO - ✅ 63: [4951] 싼타페 - 5.0★ - "이제 두 달 뒤면 세 식구가 됩니다. 아직 세상에 나오진 않았지만, 벌써..." | tags: ['성능', '공간', '디자인', '승차감']
[2025-09-14T15:00:25.842+0000] {subprocess.py:93} INFO - ✅ 70: [4529] 아이오닉 9 - 5.0★ - "기존에 운행하고 있던 차량은 렉서스NX300h 하이브리드 차량이었는데 차..." | tags: ['성능', '공간', '디자인', '승차감']
[2025-09-14T15:00:25.842+0000] {subprocess.py:93} INFO - 📊 페이지 1 완료: 10개 리뷰 수집
[2025-09-14T15:00:25.842+0000] {subprocess.py:93} INFO - ❌ 크롤링 중 오류 발생: [Errno 13] Permission denied: '/app/text_data/DB/hyundai_car_reviews.json'
[2025-09-14T15:00:25.868+0000] {subprocess.py:97} INFO - Command exited with return code 0
[2025-09-14T15:00:25.923+0000] {taskinstance.py:1138} INFO - Marking task as SUCCESS. dag_id=update_car_data, task_id=crawl_car_reviews_incremental, execution_date=20250913T150000, start_date=20250914T150001, end_date=20250914T150025
[2025-09-14T15:00:25.964+0000] {local_task_job_runner.py:234} INFO - Task exited with return code 0
[2025-09-14T15:00:25.995+0000] {taskinstance.py:3280} INFO - 1 downstream tasks scheduled from follow-on schedule check
