[2025-09-11T06:47:19.452+0000] {processor.py:161} INFO - Started process (PID=163) to work on /opt/airflow/dags/update_car_data_dag.py
[2025-09-11T06:47:19.453+0000] {processor.py:830} INFO - Processing file /opt/airflow/dags/update_car_data_dag.py for tasks to queue
[2025-09-11T06:47:19.454+0000] {logging_mixin.py:188} INFO - [2025-09-11T06:47:19.453+0000] {dagbag.py:538} INFO - Filling up the DagBag from /opt/airflow/dags/update_car_data_dag.py
[2025-09-11T06:47:19.493+0000] {processor.py:840} INFO - DAG(s) 'update_car_data' retrieved from /opt/airflow/dags/update_car_data_dag.py
[2025-09-11T06:47:19.571+0000] {logging_mixin.py:188} INFO - [2025-09-11T06:47:19.570+0000] {dag.py:3036} INFO - Sync 1 DAGs
[2025-09-11T06:47:19.596+0000] {logging_mixin.py:188} INFO - [2025-09-11T06:47:19.596+0000] {dag.py:3823} INFO - Setting next_dagrun for update_car_data to 2025-09-09 15:00:00+00:00, run_after=2025-09-10 15:00:00+00:00
[2025-09-11T06:47:19.620+0000] {processor.py:183} INFO - Processing /opt/airflow/dags/update_car_data_dag.py took 0.172 seconds
[2025-09-11T06:47:49.657+0000] {processor.py:161} INFO - Started process (PID=168) to work on /opt/airflow/dags/update_car_data_dag.py
[2025-09-11T06:47:49.659+0000] {processor.py:830} INFO - Processing file /opt/airflow/dags/update_car_data_dag.py for tasks to queue
[2025-09-11T06:47:49.660+0000] {logging_mixin.py:188} INFO - [2025-09-11T06:47:49.660+0000] {dagbag.py:538} INFO - Filling up the DagBag from /opt/airflow/dags/update_car_data_dag.py
[2025-09-11T06:47:49.674+0000] {processor.py:840} INFO - DAG(s) 'update_car_data' retrieved from /opt/airflow/dags/update_car_data_dag.py
[2025-09-11T06:47:49.719+0000] {logging_mixin.py:188} INFO - [2025-09-11T06:47:49.719+0000] {dag.py:3036} INFO - Sync 1 DAGs
[2025-09-11T06:47:49.748+0000] {logging_mixin.py:188} INFO - [2025-09-11T06:47:49.748+0000] {dag.py:3823} INFO - Setting next_dagrun for update_car_data to 2025-09-09 15:00:00+00:00, run_after=2025-09-10 15:00:00+00:00
[2025-09-11T06:47:49.772+0000] {processor.py:183} INFO - Processing /opt/airflow/dags/update_car_data_dag.py took 0.118 seconds
[2025-09-11T06:48:19.929+0000] {processor.py:161} INFO - Started process (PID=173) to work on /opt/airflow/dags/update_car_data_dag.py
[2025-09-11T06:48:19.930+0000] {processor.py:830} INFO - Processing file /opt/airflow/dags/update_car_data_dag.py for tasks to queue
[2025-09-11T06:48:19.931+0000] {logging_mixin.py:188} INFO - [2025-09-11T06:48:19.930+0000] {dagbag.py:538} INFO - Filling up the DagBag from /opt/airflow/dags/update_car_data_dag.py
[2025-09-11T06:48:19.944+0000] {processor.py:840} INFO - DAG(s) 'update_car_data' retrieved from /opt/airflow/dags/update_car_data_dag.py
[2025-09-11T06:48:19.987+0000] {logging_mixin.py:188} INFO - [2025-09-11T06:48:19.986+0000] {dag.py:3036} INFO - Sync 1 DAGs
[2025-09-11T06:48:20.015+0000] {logging_mixin.py:188} INFO - [2025-09-11T06:48:20.014+0000] {dag.py:3823} INFO - Setting next_dagrun for update_car_data to 2025-09-09 15:00:00+00:00, run_after=2025-09-10 15:00:00+00:00
[2025-09-11T06:48:20.039+0000] {processor.py:183} INFO - Processing /opt/airflow/dags/update_car_data_dag.py took 0.113 seconds
[2025-09-11T06:48:50.097+0000] {processor.py:161} INFO - Started process (PID=178) to work on /opt/airflow/dags/update_car_data_dag.py
[2025-09-11T06:48:50.098+0000] {processor.py:830} INFO - Processing file /opt/airflow/dags/update_car_data_dag.py for tasks to queue
[2025-09-11T06:48:50.099+0000] {logging_mixin.py:188} INFO - [2025-09-11T06:48:50.099+0000] {dagbag.py:538} INFO - Filling up the DagBag from /opt/airflow/dags/update_car_data_dag.py
[2025-09-11T06:48:50.113+0000] {processor.py:840} INFO - DAG(s) 'update_car_data' retrieved from /opt/airflow/dags/update_car_data_dag.py
[2025-09-11T06:48:50.159+0000] {logging_mixin.py:188} INFO - [2025-09-11T06:48:50.158+0000] {dag.py:3036} INFO - Sync 1 DAGs
[2025-09-11T06:48:50.188+0000] {logging_mixin.py:188} INFO - [2025-09-11T06:48:50.187+0000] {dag.py:3823} INFO - Setting next_dagrun for update_car_data to 2025-09-09 15:00:00+00:00, run_after=2025-09-10 15:00:00+00:00
[2025-09-11T06:48:50.210+0000] {processor.py:183} INFO - Processing /opt/airflow/dags/update_car_data_dag.py took 0.118 seconds
[2025-09-11T06:49:20.347+0000] {processor.py:161} INFO - Started process (PID=183) to work on /opt/airflow/dags/update_car_data_dag.py
[2025-09-11T06:49:20.348+0000] {processor.py:830} INFO - Processing file /opt/airflow/dags/update_car_data_dag.py for tasks to queue
[2025-09-11T06:49:20.349+0000] {logging_mixin.py:188} INFO - [2025-09-11T06:49:20.349+0000] {dagbag.py:538} INFO - Filling up the DagBag from /opt/airflow/dags/update_car_data_dag.py
[2025-09-11T06:49:20.364+0000] {processor.py:840} INFO - DAG(s) 'update_car_data' retrieved from /opt/airflow/dags/update_car_data_dag.py
[2025-09-11T06:49:20.411+0000] {logging_mixin.py:188} INFO - [2025-09-11T06:49:20.411+0000] {dag.py:3036} INFO - Sync 1 DAGs
[2025-09-11T06:49:20.438+0000] {logging_mixin.py:188} INFO - [2025-09-11T06:49:20.438+0000] {dag.py:3823} INFO - Setting next_dagrun for update_car_data to 2025-09-09 15:00:00+00:00, run_after=2025-09-10 15:00:00+00:00
[2025-09-11T06:49:20.463+0000] {processor.py:183} INFO - Processing /opt/airflow/dags/update_car_data_dag.py took 0.121 seconds
[2025-09-11T06:49:50.521+0000] {processor.py:161} INFO - Started process (PID=188) to work on /opt/airflow/dags/update_car_data_dag.py
[2025-09-11T06:49:50.523+0000] {processor.py:830} INFO - Processing file /opt/airflow/dags/update_car_data_dag.py for tasks to queue
[2025-09-11T06:49:50.524+0000] {logging_mixin.py:188} INFO - [2025-09-11T06:49:50.523+0000] {dagbag.py:538} INFO - Filling up the DagBag from /opt/airflow/dags/update_car_data_dag.py
[2025-09-11T06:49:50.538+0000] {processor.py:840} INFO - DAG(s) 'update_car_data' retrieved from /opt/airflow/dags/update_car_data_dag.py
[2025-09-11T06:49:50.586+0000] {logging_mixin.py:188} INFO - [2025-09-11T06:49:50.586+0000] {dag.py:3036} INFO - Sync 1 DAGs
[2025-09-11T06:49:50.617+0000] {logging_mixin.py:188} INFO - [2025-09-11T06:49:50.616+0000] {dag.py:3823} INFO - Setting next_dagrun for update_car_data to 2025-09-09 15:00:00+00:00, run_after=2025-09-10 15:00:00+00:00
[2025-09-11T06:49:50.641+0000] {processor.py:183} INFO - Processing /opt/airflow/dags/update_car_data_dag.py took 0.124 seconds
[2025-09-11T06:50:31.292+0000] {processor.py:161} INFO - Started process (PID=162) to work on /opt/airflow/dags/update_car_data_dag.py
[2025-09-11T06:50:31.294+0000] {processor.py:830} INFO - Processing file /opt/airflow/dags/update_car_data_dag.py for tasks to queue
[2025-09-11T06:50:31.295+0000] {logging_mixin.py:188} INFO - [2025-09-11T06:50:31.294+0000] {dagbag.py:538} INFO - Filling up the DagBag from /opt/airflow/dags/update_car_data_dag.py
[2025-09-11T06:50:31.332+0000] {processor.py:840} INFO - DAG(s) 'update_car_data' retrieved from /opt/airflow/dags/update_car_data_dag.py
[2025-09-11T06:50:31.410+0000] {logging_mixin.py:188} INFO - [2025-09-11T06:50:31.409+0000] {dag.py:3036} INFO - Sync 1 DAGs
[2025-09-11T06:50:31.438+0000] {logging_mixin.py:188} INFO - [2025-09-11T06:50:31.438+0000] {dag.py:3823} INFO - Setting next_dagrun for update_car_data to 2025-09-09 15:00:00+00:00, run_after=2025-09-10 15:00:00+00:00
[2025-09-11T06:50:31.462+0000] {processor.py:183} INFO - Processing /opt/airflow/dags/update_car_data_dag.py took 0.173 seconds
[2025-09-11T06:51:15.194+0000] {processor.py:161} INFO - Started process (PID=162) to work on /opt/airflow/dags/update_car_data_dag.py
[2025-09-11T06:51:15.195+0000] {processor.py:830} INFO - Processing file /opt/airflow/dags/update_car_data_dag.py for tasks to queue
[2025-09-11T06:51:15.196+0000] {logging_mixin.py:188} INFO - [2025-09-11T06:51:15.196+0000] {dagbag.py:538} INFO - Filling up the DagBag from /opt/airflow/dags/update_car_data_dag.py
[2025-09-11T06:51:15.234+0000] {processor.py:840} INFO - DAG(s) 'update_car_data' retrieved from /opt/airflow/dags/update_car_data_dag.py
[2025-09-11T06:51:15.308+0000] {logging_mixin.py:188} INFO - [2025-09-11T06:51:15.308+0000] {dag.py:3036} INFO - Sync 1 DAGs
[2025-09-11T06:51:15.333+0000] {logging_mixin.py:188} INFO - [2025-09-11T06:51:15.333+0000] {dag.py:3823} INFO - Setting next_dagrun for update_car_data to 2025-09-09 15:00:00+00:00, run_after=2025-09-10 15:00:00+00:00
[2025-09-11T06:51:15.358+0000] {processor.py:183} INFO - Processing /opt/airflow/dags/update_car_data_dag.py took 0.167 seconds
[2025-09-11T06:51:45.519+0000] {processor.py:161} INFO - Started process (PID=167) to work on /opt/airflow/dags/update_car_data_dag.py
[2025-09-11T06:51:45.520+0000] {processor.py:830} INFO - Processing file /opt/airflow/dags/update_car_data_dag.py for tasks to queue
[2025-09-11T06:51:45.521+0000] {logging_mixin.py:188} INFO - [2025-09-11T06:51:45.521+0000] {dagbag.py:538} INFO - Filling up the DagBag from /opt/airflow/dags/update_car_data_dag.py
[2025-09-11T06:51:45.535+0000] {processor.py:840} INFO - DAG(s) 'update_car_data' retrieved from /opt/airflow/dags/update_car_data_dag.py
[2025-09-11T06:51:45.581+0000] {logging_mixin.py:188} INFO - [2025-09-11T06:51:45.580+0000] {dag.py:3036} INFO - Sync 1 DAGs
[2025-09-11T06:51:45.610+0000] {logging_mixin.py:188} INFO - [2025-09-11T06:51:45.609+0000] {dag.py:3823} INFO - Setting next_dagrun for update_car_data to 2025-09-09 15:00:00+00:00, run_after=2025-09-10 15:00:00+00:00
[2025-09-11T06:51:45.636+0000] {processor.py:183} INFO - Processing /opt/airflow/dags/update_car_data_dag.py took 0.121 seconds
[2025-09-11T06:52:15.684+0000] {processor.py:161} INFO - Started process (PID=172) to work on /opt/airflow/dags/update_car_data_dag.py
[2025-09-11T06:52:15.686+0000] {processor.py:830} INFO - Processing file /opt/airflow/dags/update_car_data_dag.py for tasks to queue
[2025-09-11T06:52:15.687+0000] {logging_mixin.py:188} INFO - [2025-09-11T06:52:15.686+0000] {dagbag.py:538} INFO - Filling up the DagBag from /opt/airflow/dags/update_car_data_dag.py
[2025-09-11T06:52:15.701+0000] {processor.py:840} INFO - DAG(s) 'update_car_data' retrieved from /opt/airflow/dags/update_car_data_dag.py
[2025-09-11T06:52:15.748+0000] {logging_mixin.py:188} INFO - [2025-09-11T06:52:15.748+0000] {dag.py:3036} INFO - Sync 1 DAGs
[2025-09-11T06:52:15.774+0000] {logging_mixin.py:188} INFO - [2025-09-11T06:52:15.774+0000] {dag.py:3823} INFO - Setting next_dagrun for update_car_data to 2025-09-09 15:00:00+00:00, run_after=2025-09-10 15:00:00+00:00
[2025-09-11T06:52:15.801+0000] {processor.py:183} INFO - Processing /opt/airflow/dags/update_car_data_dag.py took 0.121 seconds
[2025-09-11T06:52:45.943+0000] {processor.py:161} INFO - Started process (PID=177) to work on /opt/airflow/dags/update_car_data_dag.py
[2025-09-11T06:52:45.944+0000] {processor.py:830} INFO - Processing file /opt/airflow/dags/update_car_data_dag.py for tasks to queue
[2025-09-11T06:52:45.945+0000] {logging_mixin.py:188} INFO - [2025-09-11T06:52:45.945+0000] {dagbag.py:538} INFO - Filling up the DagBag from /opt/airflow/dags/update_car_data_dag.py
[2025-09-11T06:52:45.960+0000] {processor.py:840} INFO - DAG(s) 'update_car_data' retrieved from /opt/airflow/dags/update_car_data_dag.py
[2025-09-11T06:52:46.005+0000] {logging_mixin.py:188} INFO - [2025-09-11T06:52:46.005+0000] {dag.py:3036} INFO - Sync 1 DAGs
[2025-09-11T06:52:46.034+0000] {logging_mixin.py:188} INFO - [2025-09-11T06:52:46.033+0000] {dag.py:3823} INFO - Setting next_dagrun for update_car_data to 2025-09-09 15:00:00+00:00, run_after=2025-09-10 15:00:00+00:00
[2025-09-11T06:52:46.062+0000] {processor.py:183} INFO - Processing /opt/airflow/dags/update_car_data_dag.py took 0.124 seconds
[2025-09-11T06:53:16.136+0000] {processor.py:161} INFO - Started process (PID=182) to work on /opt/airflow/dags/update_car_data_dag.py
[2025-09-11T06:53:16.137+0000] {processor.py:830} INFO - Processing file /opt/airflow/dags/update_car_data_dag.py for tasks to queue
[2025-09-11T06:53:16.138+0000] {logging_mixin.py:188} INFO - [2025-09-11T06:53:16.138+0000] {dagbag.py:538} INFO - Filling up the DagBag from /opt/airflow/dags/update_car_data_dag.py
[2025-09-11T06:53:16.154+0000] {processor.py:840} INFO - DAG(s) 'update_car_data' retrieved from /opt/airflow/dags/update_car_data_dag.py
[2025-09-11T06:53:16.203+0000] {logging_mixin.py:188} INFO - [2025-09-11T06:53:16.203+0000] {dag.py:3036} INFO - Sync 1 DAGs
[2025-09-11T06:53:16.231+0000] {logging_mixin.py:188} INFO - [2025-09-11T06:53:16.230+0000] {dag.py:3823} INFO - Setting next_dagrun for update_car_data to 2025-09-09 15:00:00+00:00, run_after=2025-09-10 15:00:00+00:00
[2025-09-11T06:53:16.256+0000] {processor.py:183} INFO - Processing /opt/airflow/dags/update_car_data_dag.py took 0.124 seconds
[2025-09-11T06:53:46.406+0000] {processor.py:161} INFO - Started process (PID=747) to work on /opt/airflow/dags/update_car_data_dag.py
[2025-09-11T06:53:46.408+0000] {processor.py:830} INFO - Processing file /opt/airflow/dags/update_car_data_dag.py for tasks to queue
[2025-09-11T06:53:46.409+0000] {logging_mixin.py:188} INFO - [2025-09-11T06:53:46.408+0000] {dagbag.py:538} INFO - Filling up the DagBag from /opt/airflow/dags/update_car_data_dag.py
[2025-09-11T06:53:46.423+0000] {processor.py:840} INFO - DAG(s) 'update_car_data' retrieved from /opt/airflow/dags/update_car_data_dag.py
[2025-09-11T06:53:46.530+0000] {logging_mixin.py:188} INFO - [2025-09-11T06:53:46.530+0000] {dag.py:3036} INFO - Sync 1 DAGs
[2025-09-11T06:53:46.559+0000] {logging_mixin.py:188} INFO - [2025-09-11T06:53:46.559+0000] {dag.py:3823} INFO - Setting next_dagrun for update_car_data to 2025-09-10 15:00:00+00:00, run_after=2025-09-11 15:00:00+00:00
[2025-09-11T06:53:46.585+0000] {processor.py:183} INFO - Processing /opt/airflow/dags/update_car_data_dag.py took 0.183 seconds
[2025-09-11T06:54:16.756+0000] {processor.py:161} INFO - Started process (PID=752) to work on /opt/airflow/dags/update_car_data_dag.py
[2025-09-11T06:54:16.757+0000] {processor.py:830} INFO - Processing file /opt/airflow/dags/update_car_data_dag.py for tasks to queue
[2025-09-11T06:54:16.758+0000] {logging_mixin.py:188} INFO - [2025-09-11T06:54:16.758+0000] {dagbag.py:538} INFO - Filling up the DagBag from /opt/airflow/dags/update_car_data_dag.py
[2025-09-11T06:54:16.772+0000] {processor.py:840} INFO - DAG(s) 'update_car_data' retrieved from /opt/airflow/dags/update_car_data_dag.py
[2025-09-11T06:54:16.817+0000] {logging_mixin.py:188} INFO - [2025-09-11T06:54:16.817+0000] {dag.py:3036} INFO - Sync 1 DAGs
[2025-09-11T06:54:16.843+0000] {logging_mixin.py:188} INFO - [2025-09-11T06:54:16.843+0000] {dag.py:3823} INFO - Setting next_dagrun for update_car_data to 2025-09-10 15:00:00+00:00, run_after=2025-09-11 15:00:00+00:00
[2025-09-11T06:54:16.868+0000] {processor.py:183} INFO - Processing /opt/airflow/dags/update_car_data_dag.py took 0.116 seconds
[2025-09-11T06:54:46.924+0000] {processor.py:161} INFO - Started process (PID=757) to work on /opt/airflow/dags/update_car_data_dag.py
[2025-09-11T06:54:46.926+0000] {processor.py:830} INFO - Processing file /opt/airflow/dags/update_car_data_dag.py for tasks to queue
[2025-09-11T06:54:46.927+0000] {logging_mixin.py:188} INFO - [2025-09-11T06:54:46.927+0000] {dagbag.py:538} INFO - Filling up the DagBag from /opt/airflow/dags/update_car_data_dag.py
[2025-09-11T06:54:46.941+0000] {processor.py:840} INFO - DAG(s) 'update_car_data' retrieved from /opt/airflow/dags/update_car_data_dag.py
[2025-09-11T06:54:46.987+0000] {logging_mixin.py:188} INFO - [2025-09-11T06:54:46.987+0000] {dag.py:3036} INFO - Sync 1 DAGs
[2025-09-11T06:54:47.016+0000] {logging_mixin.py:188} INFO - [2025-09-11T06:54:47.015+0000] {dag.py:3823} INFO - Setting next_dagrun for update_car_data to 2025-09-10 15:00:00+00:00, run_after=2025-09-11 15:00:00+00:00
[2025-09-11T06:54:47.039+0000] {processor.py:183} INFO - Processing /opt/airflow/dags/update_car_data_dag.py took 0.119 seconds
[2025-09-11T06:55:17.211+0000] {processor.py:161} INFO - Started process (PID=762) to work on /opt/airflow/dags/update_car_data_dag.py
[2025-09-11T06:55:17.212+0000] {processor.py:830} INFO - Processing file /opt/airflow/dags/update_car_data_dag.py for tasks to queue
[2025-09-11T06:55:17.213+0000] {logging_mixin.py:188} INFO - [2025-09-11T06:55:17.213+0000] {dagbag.py:538} INFO - Filling up the DagBag from /opt/airflow/dags/update_car_data_dag.py
[2025-09-11T06:55:17.227+0000] {processor.py:840} INFO - DAG(s) 'update_car_data' retrieved from /opt/airflow/dags/update_car_data_dag.py
[2025-09-11T06:55:17.272+0000] {logging_mixin.py:188} INFO - [2025-09-11T06:55:17.272+0000] {dag.py:3036} INFO - Sync 1 DAGs
[2025-09-11T06:55:17.299+0000] {logging_mixin.py:188} INFO - [2025-09-11T06:55:17.299+0000] {dag.py:3823} INFO - Setting next_dagrun for update_car_data to 2025-09-10 15:00:00+00:00, run_after=2025-09-11 15:00:00+00:00
[2025-09-11T06:55:17.325+0000] {processor.py:183} INFO - Processing /opt/airflow/dags/update_car_data_dag.py took 0.119 seconds
[2025-09-11T06:55:47.385+0000] {processor.py:161} INFO - Started process (PID=767) to work on /opt/airflow/dags/update_car_data_dag.py
[2025-09-11T06:55:47.387+0000] {processor.py:830} INFO - Processing file /opt/airflow/dags/update_car_data_dag.py for tasks to queue
[2025-09-11T06:55:47.388+0000] {logging_mixin.py:188} INFO - [2025-09-11T06:55:47.388+0000] {dagbag.py:538} INFO - Filling up the DagBag from /opt/airflow/dags/update_car_data_dag.py
[2025-09-11T06:55:47.402+0000] {processor.py:840} INFO - DAG(s) 'update_car_data' retrieved from /opt/airflow/dags/update_car_data_dag.py
[2025-09-11T06:55:47.449+0000] {logging_mixin.py:188} INFO - [2025-09-11T06:55:47.449+0000] {dag.py:3036} INFO - Sync 1 DAGs
[2025-09-11T06:55:47.475+0000] {logging_mixin.py:188} INFO - [2025-09-11T06:55:47.475+0000] {dag.py:3823} INFO - Setting next_dagrun for update_car_data to 2025-09-10 15:00:00+00:00, run_after=2025-09-11 15:00:00+00:00
[2025-09-11T06:55:47.497+0000] {processor.py:183} INFO - Processing /opt/airflow/dags/update_car_data_dag.py took 0.115 seconds
[2025-09-11T06:56:17.652+0000] {processor.py:161} INFO - Started process (PID=772) to work on /opt/airflow/dags/update_car_data_dag.py
[2025-09-11T06:56:17.653+0000] {processor.py:830} INFO - Processing file /opt/airflow/dags/update_car_data_dag.py for tasks to queue
[2025-09-11T06:56:17.654+0000] {logging_mixin.py:188} INFO - [2025-09-11T06:56:17.654+0000] {dagbag.py:538} INFO - Filling up the DagBag from /opt/airflow/dags/update_car_data_dag.py
[2025-09-11T06:56:17.670+0000] {processor.py:840} INFO - DAG(s) 'update_car_data' retrieved from /opt/airflow/dags/update_car_data_dag.py
[2025-09-11T06:56:17.721+0000] {logging_mixin.py:188} INFO - [2025-09-11T06:56:17.720+0000] {dag.py:3036} INFO - Sync 1 DAGs
[2025-09-11T06:56:17.749+0000] {logging_mixin.py:188} INFO - [2025-09-11T06:56:17.748+0000] {dag.py:3823} INFO - Setting next_dagrun for update_car_data to 2025-09-10 15:00:00+00:00, run_after=2025-09-11 15:00:00+00:00
[2025-09-11T06:56:17.774+0000] {processor.py:183} INFO - Processing /opt/airflow/dags/update_car_data_dag.py took 0.125 seconds
[2025-09-11T06:56:47.827+0000] {processor.py:161} INFO - Started process (PID=777) to work on /opt/airflow/dags/update_car_data_dag.py
[2025-09-11T06:56:47.828+0000] {processor.py:830} INFO - Processing file /opt/airflow/dags/update_car_data_dag.py for tasks to queue
[2025-09-11T06:56:47.829+0000] {logging_mixin.py:188} INFO - [2025-09-11T06:56:47.829+0000] {dagbag.py:538} INFO - Filling up the DagBag from /opt/airflow/dags/update_car_data_dag.py
[2025-09-11T06:56:47.844+0000] {processor.py:840} INFO - DAG(s) 'update_car_data' retrieved from /opt/airflow/dags/update_car_data_dag.py
[2025-09-11T06:56:47.892+0000] {logging_mixin.py:188} INFO - [2025-09-11T06:56:47.891+0000] {dag.py:3036} INFO - Sync 1 DAGs
[2025-09-11T06:56:47.919+0000] {logging_mixin.py:188} INFO - [2025-09-11T06:56:47.919+0000] {dag.py:3823} INFO - Setting next_dagrun for update_car_data to 2025-09-10 15:00:00+00:00, run_after=2025-09-11 15:00:00+00:00
[2025-09-11T06:56:47.945+0000] {processor.py:183} INFO - Processing /opt/airflow/dags/update_car_data_dag.py took 0.123 seconds
[2025-09-11T06:57:18.100+0000] {processor.py:161} INFO - Started process (PID=782) to work on /opt/airflow/dags/update_car_data_dag.py
[2025-09-11T06:57:18.101+0000] {processor.py:830} INFO - Processing file /opt/airflow/dags/update_car_data_dag.py for tasks to queue
[2025-09-11T06:57:18.102+0000] {logging_mixin.py:188} INFO - [2025-09-11T06:57:18.102+0000] {dagbag.py:538} INFO - Filling up the DagBag from /opt/airflow/dags/update_car_data_dag.py
[2025-09-11T06:57:18.116+0000] {processor.py:840} INFO - DAG(s) 'update_car_data' retrieved from /opt/airflow/dags/update_car_data_dag.py
[2025-09-11T06:57:18.161+0000] {logging_mixin.py:188} INFO - [2025-09-11T06:57:18.161+0000] {dag.py:3036} INFO - Sync 1 DAGs
[2025-09-11T06:57:18.191+0000] {logging_mixin.py:188} INFO - [2025-09-11T06:57:18.191+0000] {dag.py:3823} INFO - Setting next_dagrun for update_car_data to 2025-09-10 15:00:00+00:00, run_after=2025-09-11 15:00:00+00:00
[2025-09-11T06:57:18.217+0000] {processor.py:183} INFO - Processing /opt/airflow/dags/update_car_data_dag.py took 0.120 seconds
[2025-09-11T06:57:48.281+0000] {processor.py:161} INFO - Started process (PID=787) to work on /opt/airflow/dags/update_car_data_dag.py
[2025-09-11T06:57:48.282+0000] {processor.py:830} INFO - Processing file /opt/airflow/dags/update_car_data_dag.py for tasks to queue
[2025-09-11T06:57:48.284+0000] {logging_mixin.py:188} INFO - [2025-09-11T06:57:48.283+0000] {dagbag.py:538} INFO - Filling up the DagBag from /opt/airflow/dags/update_car_data_dag.py
[2025-09-11T06:57:48.297+0000] {processor.py:840} INFO - DAG(s) 'update_car_data' retrieved from /opt/airflow/dags/update_car_data_dag.py
[2025-09-11T06:57:48.342+0000] {logging_mixin.py:188} INFO - [2025-09-11T06:57:48.342+0000] {dag.py:3036} INFO - Sync 1 DAGs
[2025-09-11T06:57:48.372+0000] {logging_mixin.py:188} INFO - [2025-09-11T06:57:48.371+0000] {dag.py:3823} INFO - Setting next_dagrun for update_car_data to 2025-09-10 15:00:00+00:00, run_after=2025-09-11 15:00:00+00:00
[2025-09-11T06:57:48.395+0000] {processor.py:183} INFO - Processing /opt/airflow/dags/update_car_data_dag.py took 0.119 seconds
[2025-09-11T06:58:18.537+0000] {processor.py:161} INFO - Started process (PID=792) to work on /opt/airflow/dags/update_car_data_dag.py
[2025-09-11T06:58:18.537+0000] {processor.py:830} INFO - Processing file /opt/airflow/dags/update_car_data_dag.py for tasks to queue
[2025-09-11T06:58:18.538+0000] {logging_mixin.py:188} INFO - [2025-09-11T06:58:18.538+0000] {dagbag.py:538} INFO - Filling up the DagBag from /opt/airflow/dags/update_car_data_dag.py
[2025-09-11T06:58:18.552+0000] {processor.py:840} INFO - DAG(s) 'update_car_data' retrieved from /opt/airflow/dags/update_car_data_dag.py
[2025-09-11T06:58:18.598+0000] {logging_mixin.py:188} INFO - [2025-09-11T06:58:18.597+0000] {dag.py:3036} INFO - Sync 1 DAGs
[2025-09-11T06:58:18.626+0000] {logging_mixin.py:188} INFO - [2025-09-11T06:58:18.626+0000] {dag.py:3823} INFO - Setting next_dagrun for update_car_data to 2025-09-10 15:00:00+00:00, run_after=2025-09-11 15:00:00+00:00
[2025-09-11T06:58:18.651+0000] {processor.py:183} INFO - Processing /opt/airflow/dags/update_car_data_dag.py took 0.119 seconds
[2025-09-11T06:58:48.714+0000] {processor.py:161} INFO - Started process (PID=797) to work on /opt/airflow/dags/update_car_data_dag.py
[2025-09-11T06:58:48.715+0000] {processor.py:830} INFO - Processing file /opt/airflow/dags/update_car_data_dag.py for tasks to queue
[2025-09-11T06:58:48.716+0000] {logging_mixin.py:188} INFO - [2025-09-11T06:58:48.716+0000] {dagbag.py:538} INFO - Filling up the DagBag from /opt/airflow/dags/update_car_data_dag.py
[2025-09-11T06:58:48.731+0000] {processor.py:840} INFO - DAG(s) 'update_car_data' retrieved from /opt/airflow/dags/update_car_data_dag.py
[2025-09-11T06:58:48.776+0000] {logging_mixin.py:188} INFO - [2025-09-11T06:58:48.776+0000] {dag.py:3036} INFO - Sync 1 DAGs
[2025-09-11T06:58:48.804+0000] {logging_mixin.py:188} INFO - [2025-09-11T06:58:48.804+0000] {dag.py:3823} INFO - Setting next_dagrun for update_car_data to 2025-09-10 15:00:00+00:00, run_after=2025-09-11 15:00:00+00:00
[2025-09-11T06:58:48.827+0000] {processor.py:183} INFO - Processing /opt/airflow/dags/update_car_data_dag.py took 0.118 seconds
[2025-09-11T06:59:18.976+0000] {processor.py:161} INFO - Started process (PID=802) to work on /opt/airflow/dags/update_car_data_dag.py
[2025-09-11T06:59:18.977+0000] {processor.py:830} INFO - Processing file /opt/airflow/dags/update_car_data_dag.py for tasks to queue
[2025-09-11T06:59:18.978+0000] {logging_mixin.py:188} INFO - [2025-09-11T06:59:18.978+0000] {dagbag.py:538} INFO - Filling up the DagBag from /opt/airflow/dags/update_car_data_dag.py
[2025-09-11T06:59:18.993+0000] {processor.py:840} INFO - DAG(s) 'update_car_data' retrieved from /opt/airflow/dags/update_car_data_dag.py
[2025-09-11T06:59:19.038+0000] {logging_mixin.py:188} INFO - [2025-09-11T06:59:19.038+0000] {dag.py:3036} INFO - Sync 1 DAGs
[2025-09-11T06:59:19.068+0000] {logging_mixin.py:188} INFO - [2025-09-11T06:59:19.067+0000] {dag.py:3823} INFO - Setting next_dagrun for update_car_data to 2025-09-10 15:00:00+00:00, run_after=2025-09-11 15:00:00+00:00
[2025-09-11T06:59:19.093+0000] {processor.py:183} INFO - Processing /opt/airflow/dags/update_car_data_dag.py took 0.122 seconds
[2025-09-11T06:59:49.162+0000] {processor.py:161} INFO - Started process (PID=807) to work on /opt/airflow/dags/update_car_data_dag.py
[2025-09-11T06:59:49.164+0000] {processor.py:830} INFO - Processing file /opt/airflow/dags/update_car_data_dag.py for tasks to queue
[2025-09-11T06:59:49.165+0000] {logging_mixin.py:188} INFO - [2025-09-11T06:59:49.164+0000] {dagbag.py:538} INFO - Filling up the DagBag from /opt/airflow/dags/update_car_data_dag.py
[2025-09-11T06:59:49.179+0000] {processor.py:840} INFO - DAG(s) 'update_car_data' retrieved from /opt/airflow/dags/update_car_data_dag.py
[2025-09-11T06:59:49.223+0000] {logging_mixin.py:188} INFO - [2025-09-11T06:59:49.222+0000] {dag.py:3036} INFO - Sync 1 DAGs
[2025-09-11T06:59:49.250+0000] {logging_mixin.py:188} INFO - [2025-09-11T06:59:49.249+0000] {dag.py:3823} INFO - Setting next_dagrun for update_car_data to 2025-09-10 15:00:00+00:00, run_after=2025-09-11 15:00:00+00:00
[2025-09-11T06:59:49.274+0000] {processor.py:183} INFO - Processing /opt/airflow/dags/update_car_data_dag.py took 0.116 seconds
[2025-09-11T07:00:19.437+0000] {processor.py:161} INFO - Started process (PID=812) to work on /opt/airflow/dags/update_car_data_dag.py
[2025-09-11T07:00:19.438+0000] {processor.py:830} INFO - Processing file /opt/airflow/dags/update_car_data_dag.py for tasks to queue
[2025-09-11T07:00:19.439+0000] {logging_mixin.py:188} INFO - [2025-09-11T07:00:19.439+0000] {dagbag.py:538} INFO - Filling up the DagBag from /opt/airflow/dags/update_car_data_dag.py
[2025-09-11T07:00:19.453+0000] {processor.py:840} INFO - DAG(s) 'update_car_data' retrieved from /opt/airflow/dags/update_car_data_dag.py
[2025-09-11T07:00:19.503+0000] {logging_mixin.py:188} INFO - [2025-09-11T07:00:19.502+0000] {dag.py:3036} INFO - Sync 1 DAGs
[2025-09-11T07:00:19.533+0000] {logging_mixin.py:188} INFO - [2025-09-11T07:00:19.532+0000] {dag.py:3823} INFO - Setting next_dagrun for update_car_data to 2025-09-10 15:00:00+00:00, run_after=2025-09-11 15:00:00+00:00
[2025-09-11T07:00:19.557+0000] {processor.py:183} INFO - Processing /opt/airflow/dags/update_car_data_dag.py took 0.125 seconds
[2025-09-11T07:00:49.609+0000] {processor.py:161} INFO - Started process (PID=817) to work on /opt/airflow/dags/update_car_data_dag.py
[2025-09-11T07:00:49.610+0000] {processor.py:830} INFO - Processing file /opt/airflow/dags/update_car_data_dag.py for tasks to queue
[2025-09-11T07:00:49.612+0000] {logging_mixin.py:188} INFO - [2025-09-11T07:00:49.611+0000] {dagbag.py:538} INFO - Filling up the DagBag from /opt/airflow/dags/update_car_data_dag.py
[2025-09-11T07:00:49.626+0000] {processor.py:840} INFO - DAG(s) 'update_car_data' retrieved from /opt/airflow/dags/update_car_data_dag.py
[2025-09-11T07:00:49.674+0000] {logging_mixin.py:188} INFO - [2025-09-11T07:00:49.674+0000] {dag.py:3036} INFO - Sync 1 DAGs
[2025-09-11T07:00:49.702+0000] {logging_mixin.py:188} INFO - [2025-09-11T07:00:49.702+0000] {dag.py:3823} INFO - Setting next_dagrun for update_car_data to 2025-09-10 15:00:00+00:00, run_after=2025-09-11 15:00:00+00:00
[2025-09-11T07:00:49.727+0000] {processor.py:183} INFO - Processing /opt/airflow/dags/update_car_data_dag.py took 0.122 seconds
[2025-09-11T07:01:19.897+0000] {processor.py:161} INFO - Started process (PID=822) to work on /opt/airflow/dags/update_car_data_dag.py
[2025-09-11T07:01:19.898+0000] {processor.py:830} INFO - Processing file /opt/airflow/dags/update_car_data_dag.py for tasks to queue
[2025-09-11T07:01:19.899+0000] {logging_mixin.py:188} INFO - [2025-09-11T07:01:19.899+0000] {dagbag.py:538} INFO - Filling up the DagBag from /opt/airflow/dags/update_car_data_dag.py
[2025-09-11T07:01:19.913+0000] {processor.py:840} INFO - DAG(s) 'update_car_data' retrieved from /opt/airflow/dags/update_car_data_dag.py
[2025-09-11T07:01:19.959+0000] {logging_mixin.py:188} INFO - [2025-09-11T07:01:19.958+0000] {dag.py:3036} INFO - Sync 1 DAGs
[2025-09-11T07:01:19.986+0000] {logging_mixin.py:188} INFO - [2025-09-11T07:01:19.985+0000] {dag.py:3823} INFO - Setting next_dagrun for update_car_data to 2025-09-10 15:00:00+00:00, run_after=2025-09-11 15:00:00+00:00
[2025-09-11T07:01:20.013+0000] {processor.py:183} INFO - Processing /opt/airflow/dags/update_car_data_dag.py took 0.119 seconds
[2025-09-11T07:01:50.073+0000] {processor.py:161} INFO - Started process (PID=827) to work on /opt/airflow/dags/update_car_data_dag.py
[2025-09-11T07:01:50.074+0000] {processor.py:830} INFO - Processing file /opt/airflow/dags/update_car_data_dag.py for tasks to queue
[2025-09-11T07:01:50.076+0000] {logging_mixin.py:188} INFO - [2025-09-11T07:01:50.075+0000] {dagbag.py:538} INFO - Filling up the DagBag from /opt/airflow/dags/update_car_data_dag.py
[2025-09-11T07:01:50.091+0000] {processor.py:840} INFO - DAG(s) 'update_car_data' retrieved from /opt/airflow/dags/update_car_data_dag.py
[2025-09-11T07:01:50.139+0000] {logging_mixin.py:188} INFO - [2025-09-11T07:01:50.138+0000] {dag.py:3036} INFO - Sync 1 DAGs
[2025-09-11T07:01:50.167+0000] {logging_mixin.py:188} INFO - [2025-09-11T07:01:50.167+0000] {dag.py:3823} INFO - Setting next_dagrun for update_car_data to 2025-09-10 15:00:00+00:00, run_after=2025-09-11 15:00:00+00:00
[2025-09-11T07:01:50.192+0000] {processor.py:183} INFO - Processing /opt/airflow/dags/update_car_data_dag.py took 0.124 seconds
[2025-09-11T07:02:20.344+0000] {processor.py:161} INFO - Started process (PID=832) to work on /opt/airflow/dags/update_car_data_dag.py
[2025-09-11T07:02:20.345+0000] {processor.py:830} INFO - Processing file /opt/airflow/dags/update_car_data_dag.py for tasks to queue
[2025-09-11T07:02:20.346+0000] {logging_mixin.py:188} INFO - [2025-09-11T07:02:20.346+0000] {dagbag.py:538} INFO - Filling up the DagBag from /opt/airflow/dags/update_car_data_dag.py
[2025-09-11T07:02:20.360+0000] {processor.py:840} INFO - DAG(s) 'update_car_data' retrieved from /opt/airflow/dags/update_car_data_dag.py
[2025-09-11T07:02:20.404+0000] {logging_mixin.py:188} INFO - [2025-09-11T07:02:20.404+0000] {dag.py:3036} INFO - Sync 1 DAGs
[2025-09-11T07:02:20.431+0000] {logging_mixin.py:188} INFO - [2025-09-11T07:02:20.431+0000] {dag.py:3823} INFO - Setting next_dagrun for update_car_data to 2025-09-10 15:00:00+00:00, run_after=2025-09-11 15:00:00+00:00
[2025-09-11T07:02:20.454+0000] {processor.py:183} INFO - Processing /opt/airflow/dags/update_car_data_dag.py took 0.113 seconds
[2025-09-11T07:02:50.514+0000] {processor.py:161} INFO - Started process (PID=837) to work on /opt/airflow/dags/update_car_data_dag.py
[2025-09-11T07:02:50.516+0000] {processor.py:830} INFO - Processing file /opt/airflow/dags/update_car_data_dag.py for tasks to queue
[2025-09-11T07:02:50.517+0000] {logging_mixin.py:188} INFO - [2025-09-11T07:02:50.517+0000] {dagbag.py:538} INFO - Filling up the DagBag from /opt/airflow/dags/update_car_data_dag.py
[2025-09-11T07:02:50.532+0000] {processor.py:840} INFO - DAG(s) 'update_car_data' retrieved from /opt/airflow/dags/update_car_data_dag.py
[2025-09-11T07:02:50.577+0000] {logging_mixin.py:188} INFO - [2025-09-11T07:02:50.577+0000] {dag.py:3036} INFO - Sync 1 DAGs
[2025-09-11T07:02:50.606+0000] {logging_mixin.py:188} INFO - [2025-09-11T07:02:50.605+0000] {dag.py:3823} INFO - Setting next_dagrun for update_car_data to 2025-09-10 15:00:00+00:00, run_after=2025-09-11 15:00:00+00:00
[2025-09-11T07:02:50.631+0000] {processor.py:183} INFO - Processing /opt/airflow/dags/update_car_data_dag.py took 0.121 seconds
[2025-09-11T07:03:20.768+0000] {processor.py:161} INFO - Started process (PID=842) to work on /opt/airflow/dags/update_car_data_dag.py
[2025-09-11T07:03:20.769+0000] {processor.py:830} INFO - Processing file /opt/airflow/dags/update_car_data_dag.py for tasks to queue
[2025-09-11T07:03:20.770+0000] {logging_mixin.py:188} INFO - [2025-09-11T07:03:20.769+0000] {dagbag.py:538} INFO - Filling up the DagBag from /opt/airflow/dags/update_car_data_dag.py
[2025-09-11T07:03:20.783+0000] {processor.py:840} INFO - DAG(s) 'update_car_data' retrieved from /opt/airflow/dags/update_car_data_dag.py
[2025-09-11T07:03:20.827+0000] {logging_mixin.py:188} INFO - [2025-09-11T07:03:20.827+0000] {dag.py:3036} INFO - Sync 1 DAGs
[2025-09-11T07:03:20.856+0000] {logging_mixin.py:188} INFO - [2025-09-11T07:03:20.856+0000] {dag.py:3823} INFO - Setting next_dagrun for update_car_data to 2025-09-10 15:00:00+00:00, run_after=2025-09-11 15:00:00+00:00
[2025-09-11T07:03:20.880+0000] {processor.py:183} INFO - Processing /opt/airflow/dags/update_car_data_dag.py took 0.116 seconds
[2025-09-11T07:03:50.944+0000] {processor.py:161} INFO - Started process (PID=847) to work on /opt/airflow/dags/update_car_data_dag.py
[2025-09-11T07:03:50.945+0000] {processor.py:830} INFO - Processing file /opt/airflow/dags/update_car_data_dag.py for tasks to queue
[2025-09-11T07:03:50.946+0000] {logging_mixin.py:188} INFO - [2025-09-11T07:03:50.946+0000] {dagbag.py:538} INFO - Filling up the DagBag from /opt/airflow/dags/update_car_data_dag.py
[2025-09-11T07:03:50.962+0000] {processor.py:840} INFO - DAG(s) 'update_car_data' retrieved from /opt/airflow/dags/update_car_data_dag.py
[2025-09-11T07:03:51.011+0000] {logging_mixin.py:188} INFO - [2025-09-11T07:03:51.010+0000] {dag.py:3036} INFO - Sync 1 DAGs
[2025-09-11T07:03:51.043+0000] {logging_mixin.py:188} INFO - [2025-09-11T07:03:51.042+0000] {dag.py:3823} INFO - Setting next_dagrun for update_car_data to 2025-09-10 15:00:00+00:00, run_after=2025-09-11 15:00:00+00:00
[2025-09-11T07:03:51.068+0000] {processor.py:183} INFO - Processing /opt/airflow/dags/update_car_data_dag.py took 0.130 seconds
[2025-09-11T07:04:21.209+0000] {processor.py:161} INFO - Started process (PID=852) to work on /opt/airflow/dags/update_car_data_dag.py
[2025-09-11T07:04:21.210+0000] {processor.py:830} INFO - Processing file /opt/airflow/dags/update_car_data_dag.py for tasks to queue
[2025-09-11T07:04:21.212+0000] {logging_mixin.py:188} INFO - [2025-09-11T07:04:21.211+0000] {dagbag.py:538} INFO - Filling up the DagBag from /opt/airflow/dags/update_car_data_dag.py
[2025-09-11T07:04:21.231+0000] {processor.py:840} INFO - DAG(s) 'update_car_data' retrieved from /opt/airflow/dags/update_car_data_dag.py
[2025-09-11T07:04:21.291+0000] {logging_mixin.py:188} INFO - [2025-09-11T07:04:21.290+0000] {dag.py:3036} INFO - Sync 1 DAGs
[2025-09-11T07:04:21.318+0000] {logging_mixin.py:188} INFO - [2025-09-11T07:04:21.318+0000] {dag.py:3823} INFO - Setting next_dagrun for update_car_data to 2025-09-10 15:00:00+00:00, run_after=2025-09-11 15:00:00+00:00
[2025-09-11T07:04:21.343+0000] {processor.py:183} INFO - Processing /opt/airflow/dags/update_car_data_dag.py took 0.139 seconds
[2025-09-11T07:04:27.271+0000] {processor.py:161} INFO - Started process (PID=857) to work on /opt/airflow/dags/update_car_data_dag.py
[2025-09-11T07:04:27.272+0000] {processor.py:830} INFO - Processing file /opt/airflow/dags/update_car_data_dag.py for tasks to queue
[2025-09-11T07:04:27.274+0000] {logging_mixin.py:188} INFO - [2025-09-11T07:04:27.273+0000] {dagbag.py:538} INFO - Filling up the DagBag from /opt/airflow/dags/update_car_data_dag.py
[2025-09-11T07:04:27.287+0000] {processor.py:840} INFO - DAG(s) 'update_car_data' retrieved from /opt/airflow/dags/update_car_data_dag.py
[2025-09-11T07:04:27.555+0000] {logging_mixin.py:188} INFO - [2025-09-11T07:04:27.555+0000] {dag.py:3036} INFO - Sync 1 DAGs
[2025-09-11T07:04:27.580+0000] {logging_mixin.py:188} INFO - [2025-09-11T07:04:27.580+0000] {dag.py:3823} INFO - Setting next_dagrun for update_car_data to 2025-09-10 15:00:00+00:00, run_after=2025-09-11 15:00:00+00:00
[2025-09-11T07:04:27.606+0000] {processor.py:183} INFO - Processing /opt/airflow/dags/update_car_data_dag.py took 0.340 seconds
[2025-09-11T07:04:57.776+0000] {processor.py:161} INFO - Started process (PID=862) to work on /opt/airflow/dags/update_car_data_dag.py
[2025-09-11T07:04:57.777+0000] {processor.py:830} INFO - Processing file /opt/airflow/dags/update_car_data_dag.py for tasks to queue
[2025-09-11T07:04:57.778+0000] {logging_mixin.py:188} INFO - [2025-09-11T07:04:57.778+0000] {dagbag.py:538} INFO - Filling up the DagBag from /opt/airflow/dags/update_car_data_dag.py
[2025-09-11T07:04:57.793+0000] {processor.py:840} INFO - DAG(s) 'update_car_data' retrieved from /opt/airflow/dags/update_car_data_dag.py
[2025-09-11T07:04:57.837+0000] {logging_mixin.py:188} INFO - [2025-09-11T07:04:57.837+0000] {dag.py:3036} INFO - Sync 1 DAGs
[2025-09-11T07:04:57.864+0000] {logging_mixin.py:188} INFO - [2025-09-11T07:04:57.863+0000] {dag.py:3823} INFO - Setting next_dagrun for update_car_data to 2025-09-10 15:00:00+00:00, run_after=2025-09-11 15:00:00+00:00
[2025-09-11T07:04:57.888+0000] {processor.py:183} INFO - Processing /opt/airflow/dags/update_car_data_dag.py took 0.117 seconds
