[2025-09-14T15:00:27.181+0000] {taskinstance.py:1956} INFO - Dependencies all met for dep_context=non-requeueable deps ti=<TaskInstance: update_car_data.import_car_data scheduled__2025-09-13T15:00:00+00:00 [queued]>
[2025-09-14T15:00:27.191+0000] {taskinstance.py:1956} INFO - Dependencies all met for dep_context=requeueable deps ti=<TaskInstance: update_car_data.import_car_data scheduled__2025-09-13T15:00:00+00:00 [queued]>
[2025-09-14T15:00:27.191+0000] {taskinstance.py:2170} INFO - Starting attempt 1 of 1
[2025-09-14T15:00:27.207+0000] {taskinstance.py:2191} INFO - Executing <Task(BashOperator): import_car_data> on 2025-09-13 15:00:00+00:00
[2025-09-14T15:00:27.214+0000] {standard_task_runner.py:60} INFO - Started process 446 to run task
[2025-09-14T15:00:27.219+0000] {standard_task_runner.py:87} INFO - Running: ['airflow', 'tasks', 'run', 'update_car_data', 'import_car_data', 'scheduled__2025-09-13T15:00:00+00:00', '--job-id', '74', '--raw', '--subdir', 'DAGS_FOLDER/update_car_data_dag.py', '--cfg-path', '/tmp/tmppklhwa4o']
[2025-09-14T15:00:27.221+0000] {standard_task_runner.py:88} INFO - Job 74: Subtask import_car_data
[2025-09-14T15:00:27.306+0000] {task_command.py:423} INFO - Running <TaskInstance: update_car_data.import_car_data scheduled__2025-09-13T15:00:00+00:00 [running]> on host 65deb096f002
[2025-09-14T15:00:27.445+0000] {taskinstance.py:2480} INFO - Exporting env vars: AIRFLOW_CTX_DAG_OWNER='airflow' AIRFLOW_CTX_DAG_ID='update_car_data' AIRFLOW_CTX_TASK_ID='import_car_data' AIRFLOW_CTX_EXECUTION_DATE='2025-09-13T15:00:00+00:00' AIRFLOW_CTX_TRY_NUMBER='1' AIRFLOW_CTX_DAG_RUN_ID='scheduled__2025-09-13T15:00:00+00:00'
[2025-09-14T15:00:27.447+0000] {subprocess.py:63} INFO - Tmp dir root location: /tmp
[2025-09-14T15:00:27.447+0000] {subprocess.py:75} INFO - Running command: ['/usr/bin/bash', '-c', 'docker exec babsim_django_gunicorn_1 python manage.py import_data']
[2025-09-14T15:00:27.462+0000] {subprocess.py:86} INFO - Output:
[2025-09-14T15:00:33.052+0000] {subprocess.py:93} INFO - App 'JJACKLETTE' ready (no heavy init).
[2025-09-14T15:00:35.326+0000] {subprocess.py:93} INFO - 1. '/app/text_data/DB/car_specs'에서 CSV 스펙 데이터 임포트를 시작합니다...
[2025-09-14T15:00:35.366+0000] {subprocess.py:93} INFO - CSV에서 51개의 차량을 찾았습니다.
[2025-09-14T15:00:35.391+0000] {subprocess.py:93} INFO -   > '디 올 뉴 팰리세이드' 스펙을 직접 CSV에서 로드했습니다.
[2025-09-14T15:00:35.398+0000] {subprocess.py:93} INFO -   > '그랜저' 스펙을 직접 CSV에서 로드했습니다.
[2025-09-14T15:00:35.411+0000] {subprocess.py:93} INFO -   > 새로운 차종 '스타리아 킨더' (유형: MPV)을(를) 추가했습니다.
[2025-09-14T15:00:35.412+0000] {subprocess.py:93} INFO -   > '스타리아 킨더' 스펙을 직접 CSV에서 로드했습니다.
[2025-09-14T15:00:35.418+0000] {subprocess.py:93} INFO -   > 새로운 차종 '포터2 일렉트릭' (유형: Unknown)을(를) 추가했습니다.
[2025-09-14T15:00:35.419+0000] {subprocess.py:93} INFO -   > '포터2 일렉트릭' 스펙을 직접 CSV에서 로드했습니다.
[2025-09-14T15:00:35.425+0000] {subprocess.py:93} INFO -   > 새로운 차종 '뉴 슈퍼에어로시티' (유형: 버스)을(를) 추가했습니다.
[2025-09-14T15:00:35.426+0000] {subprocess.py:93} INFO -   > '뉴 슈퍼에어로시티' 스펙을 직접 CSV에서 로드했습니다.
[2025-09-14T15:00:35.432+0000] {subprocess.py:93} INFO -   > 'ST1' 스펙을 직접 CSV에서 로드했습니다.
[2025-09-14T15:00:35.438+0000] {subprocess.py:93} INFO -   > 새로운 차종 '마이티' (유형: Unknown)을(를) 추가했습니다.
[2025-09-14T15:00:35.439+0000] {subprocess.py:93} INFO -   > '마이티' 스펙을 직접 CSV에서 로드했습니다.
[2025-09-14T15:00:35.445+0000] {subprocess.py:93} INFO -   > 'New GV60' 스펙을 직접 CSV에서 로드했습니다.
[2025-09-14T15:00:35.452+0000] {subprocess.py:93} INFO -   > 새로운 차종 '쏘나타 택시' (유형: 소형트럭&택시)을(를) 추가했습니다.
[2025-09-14T15:00:35.452+0000] {subprocess.py:93} INFO -   > '쏘나타 택시' 스펙을 직접 CSV에서 로드했습니다.
[2025-09-14T15:00:35.458+0000] {subprocess.py:93} INFO -   > '카운티 일렉트릭' 스펙을 직접 CSV에서 로드했습니다.
[2025-09-14T15:00:35.465+0000] {subprocess.py:93} INFO -   > '아반떼' 스펙을 직접 CSV에서 로드했습니다.
[2025-09-14T15:00:35.471+0000] {subprocess.py:93} INFO -   > '쏘나타 디 엣지' 스펙을 직접 CSV에서 로드했습니다.
[2025-09-14T15:00:35.479+0000] {subprocess.py:93} INFO -   > 새로운 차종 '일렉시티 이층버스' (유형: 버스)을(를) 추가했습니다.
[2025-09-14T15:00:35.479+0000] {subprocess.py:93} INFO -   > '일렉시티 이층버스' 스펙을 직접 CSV에서 로드했습니다.
[2025-09-14T15:00:35.485+0000] {subprocess.py:93} INFO -   > '아이오닉 5 N' 스펙을 직접 CSV에서 로드했습니다.
[2025-09-14T15:00:35.492+0000] {subprocess.py:93} INFO -   > '아반떼 N' 스펙을 직접 CSV에서 로드했습니다.
[2025-09-14T15:00:35.500+0000] {subprocess.py:93} INFO -   > 'Electrified G80' 스펙을 직접 CSV에서 로드했습니다.
[2025-09-14T15:00:35.506+0000] {subprocess.py:93} INFO -   > 새로운 차종 '산타페' (유형: Unknown)을(를) 추가했습니다.
[2025-09-14T15:00:35.507+0000] {subprocess.py:93} INFO -   > '산타페' 스펙을 직접 CSV에서 로드했습니다.
[2025-09-14T15:00:35.516+0000] {subprocess.py:93} INFO -   > 새로운 차종 '포터2 일렉트릭 특장차' (유형: Unknown)을(를) 추가했습니다.
[2025-09-14T15:00:35.517+0000] {subprocess.py:93} INFO -   > '포터2 일렉트릭 특장차' 스펙을 직접 CSV에서 로드했습니다.
[2025-09-14T15:00:35.524+0000] {subprocess.py:93} INFO -   > '베뉴' 스펙을 직접 CSV에서 로드했습니다.
[2025-09-14T15:00:35.530+0000] {subprocess.py:93} INFO -   > 'GV70' 스펙을 직접 CSV에서 로드했습니다.
[2025-09-14T15:00:35.536+0000] {subprocess.py:93} INFO -   > 새로운 차종 '뉴파워트럭' (유형: 트럭)을(를) 추가했습니다.
[2025-09-14T15:00:35.537+0000] {subprocess.py:93} INFO -   > '뉴파워트럭' 스펙을 직접 CSV에서 로드했습니다.
[2025-09-14T15:00:35.543+0000] {subprocess.py:93} INFO -   > 새로운 차종 '더 뉴 엑시언트' (유형: 트럭)을(를) 추가했습니다.
[2025-09-14T15:00:35.543+0000] {subprocess.py:93} INFO -   > '더 뉴 엑시언트' 스펙을 직접 CSV에서 로드했습니다.
[2025-09-14T15:00:35.549+0000] {subprocess.py:93} INFO -   > 새로운 차종 '더 뉴 캐스퍼' (유형: Unknown)을(를) 추가했습니다.
[2025-09-14T15:00:35.550+0000] {subprocess.py:93} INFO -   > '더 뉴 캐스퍼' 스펙을 직접 CSV에서 로드했습니다.
[2025-09-14T15:00:35.557+0000] {subprocess.py:93} INFO -   > 새로운 차종 '유니버스 모바일 오피스' (유형: 버스)을(를) 추가했습니다.
[2025-09-14T15:00:35.558+0000] {subprocess.py:93} INFO -   > '유니버스 모바일 오피스' 스펙을 직접 CSV에서 로드했습니다.
[2025-09-14T15:00:35.564+0000] {subprocess.py:93} INFO -   > 새로운 차종 '일렉시티' (유형: 버스)을(를) 추가했습니다.
[2025-09-14T15:00:35.565+0000] {subprocess.py:93} INFO -   > '일렉시티' 스펙을 직접 CSV에서 로드했습니다.
[2025-09-14T15:00:35.571+0000] {subprocess.py:93} INFO -   > 새로운 차종 '일렉시티 수소전기버스' (유형: 버스)을(를) 추가했습니다.
[2025-09-14T15:00:35.572+0000] {subprocess.py:93} INFO -   > '일렉시티 수소전기버스' 스펙을 직접 CSV에서 로드했습니다.
[2025-09-14T15:00:35.578+0000] {subprocess.py:93} INFO -   > 'G90' 스펙을 직접 CSV에서 로드했습니다.
[2025-09-14T15:00:35.584+0000] {subprocess.py:93} INFO -   > 'G80' 스펙을 직접 CSV에서 로드했습니다.
[2025-09-14T15:00:35.590+0000] {subprocess.py:93} INFO -   > '코나' 스펙을 직접 CSV에서 로드했습니다.
[2025-09-14T15:00:35.595+0000] {subprocess.py:93} INFO -   > '아이오닉 9' 스펙을 직접 CSV에서 로드했습니다.
[2025-09-14T15:00:35.605+0000] {subprocess.py:93} INFO -   > 새로운 차종 '유니버스' (유형: 버스)을(를) 추가했습니다.
[2025-09-14T15:00:35.606+0000] {subprocess.py:93} INFO -   > '유니버스' 스펙을 직접 CSV에서 로드했습니다.
[2025-09-14T15:00:35.613+0000] {subprocess.py:93} INFO -   > '더 뉴 아이오닉 6' 스펙을 직접 CSV에서 로드했습니다.
[2025-09-14T15:00:35.618+0000] {subprocess.py:93} INFO -   > 새로운 차종 '엑시언트 수소전기트럭' (유형: 트럭)을(를) 추가했습니다.
[2025-09-14T15:00:35.619+0000] {subprocess.py:93} INFO -   > '엑시언트 수소전기트럭' 스펙을 직접 CSV에서 로드했습니다.
[2025-09-14T15:00:35.627+0000] {subprocess.py:93} INFO -   > 새로운 차종 '유니버스 수소전기버스' (유형: 버스)을(를) 추가했습니다.
[2025-09-14T15:00:35.628+0000] {subprocess.py:93} INFO -   > '유니버스 수소전기버스' 스펙을 직접 CSV에서 로드했습니다.
[2025-09-14T15:00:35.633+0000] {subprocess.py:93} INFO -   > '아이오닉 5' 스펙을 직접 CSV에서 로드했습니다.
[2025-09-14T15:00:35.640+0000] {subprocess.py:93} INFO -   > '스타리아' 스펙을 직접 CSV에서 로드했습니다.
[2025-09-14T15:00:35.646+0000] {subprocess.py:93} INFO -   > 'GV80' 스펙을 직접 CSV에서 로드했습니다.
[2025-09-14T15:00:35.653+0000] {subprocess.py:93} INFO -   > '투싼' 스펙을 직접 CSV에서 로드했습니다.
[2025-09-14T15:00:35.659+0000] {subprocess.py:93} INFO -   > '쏠라티' 스펙을 직접 CSV에서 로드했습니다.
[2025-09-14T15:00:35.666+0000] {subprocess.py:93} INFO -   > 새로운 차종 '포터2 특장차' (유형: Unknown)을(를) 추가했습니다.
[2025-09-14T15:00:35.666+0000] {subprocess.py:93} INFO -   > '포터2 특장차' 스펙을 직접 CSV에서 로드했습니다.
[2025-09-14T15:00:35.672+0000] {subprocess.py:93} INFO -   > 새로운 차종 '스타리아 라운지' (유형: MPV)을(를) 추가했습니다.
[2025-09-14T15:00:35.673+0000] {subprocess.py:93} INFO -   > '스타리아 라운지' 스펙을 직접 CSV에서 로드했습니다.
[2025-09-14T15:00:35.679+0000] {subprocess.py:93} INFO -   > 새로운 차종 '스타리아 라운지 캠퍼' (유형: MPV)을(를) 추가했습니다.
[2025-09-14T15:00:35.679+0000] {subprocess.py:93} INFO -   > '스타리아 라운지 캠퍼' 스펙을 직접 CSV에서 로드했습니다.
[2025-09-14T15:00:35.686+0000] {subprocess.py:93} INFO -   > 새로운 차종 '캐스퍼 일렉트릭' (유형: Unknown)을(를) 추가했습니다.
[2025-09-14T15:00:35.687+0000] {subprocess.py:93} INFO -   > '캐스퍼 일렉트릭' 스펙을 직접 CSV에서 로드했습니다.
[2025-09-14T15:00:35.698+0000] {subprocess.py:93} INFO -   > 새로운 차종 '포터2' (유형: Unknown)을(를) 추가했습니다.
[2025-09-14T15:00:35.698+0000] {subprocess.py:93} INFO -   > '포터2' 스펙을 직접 CSV에서 로드했습니다.
[2025-09-14T15:00:35.702+0000] {subprocess.py:93} INFO -   > 새로운 차종 '코나 일렉트릭' (유형: Unknown)을(를) 추가했습니다.
[2025-09-14T15:00:35.703+0000] {subprocess.py:93} INFO -   > '코나 일렉트릭' 스펙을 직접 CSV에서 로드했습니다.
[2025-09-14T15:00:35.709+0000] {subprocess.py:93} INFO -   > 새로운 차종 '일렉시티 타운' (유형: 버스)을(를) 추가했습니다.
[2025-09-14T15:00:35.709+0000] {subprocess.py:93} INFO -   > '일렉시티 타운' 스펙을 직접 CSV에서 로드했습니다.
[2025-09-14T15:00:35.716+0000] {subprocess.py:93} INFO -   > 새로운 차종 '파비스' (유형: Unknown)을(를) 추가했습니다.
[2025-09-14T15:00:35.716+0000] {subprocess.py:93} INFO -   > '파비스' 스펙을 직접 CSV에서 로드했습니다.
[2025-09-14T15:00:35.722+0000] {subprocess.py:93} INFO -   > 'Electrified GV70' 스펙을 직접 CSV에서 로드했습니다.
[2025-09-14T15:00:35.728+0000] {subprocess.py:93} INFO -   > '카운티' 스펙을 직접 CSV에서 로드했습니다.
[2025-09-14T15:00:35.734+0000] {subprocess.py:93} INFO -   > 'G70' 스펙을 직접 CSV에서 로드했습니다.
[2025-09-14T15:00:35.740+0000] {subprocess.py:93} INFO -   > '디 올 뉴 넥쏘' 스펙을 직접 CSV에서 로드했습니다.
[2025-09-14T15:00:35.742+0000] {subprocess.py:93} INFO - 
[2025-09-14T15:00:35.743+0000] {subprocess.py:93} INFO - 총 25개의 새로운 차종이 추가되었습니다.
[2025-09-14T15:00:35.743+0000] {subprocess.py:93} INFO - 총 25개의 엔지니어링 스펙이 추가/업데이트되었습니다.
[2025-09-14T15:00:35.744+0000] {subprocess.py:93} INFO - CSV 스펙 임포트가 완료되었습니다.
[2025-09-14T15:00:35.744+0000] {subprocess.py:93} INFO - 2. '/app/text_data/DB/hyundai_car_reviews.json'에서 리뷰 데이터 임포트를 시작합니다...
[2025-09-14T15:00:35.786+0000] {subprocess.py:93} INFO - 경고: JSON의 '싼타페'에 해당하는 차종을 DB에서 찾을 수 없어 리뷰를 건너뜁니다.
[2025-09-14T15:00:35.791+0000] {subprocess.py:93} INFO - 경고: JSON의 '싼타페'에 해당하는 차종을 DB에서 찾을 수 없어 리뷰를 건너뜁니다.
[2025-09-14T15:00:35.800+0000] {subprocess.py:93} INFO - 경고: JSON의 '싼타페 Hybrid'에 해당하는 차종을 DB에서 찾을 수 없어 리뷰를 건너뜁니다.
[2025-09-14T15:00:35.832+0000] {subprocess.py:93} INFO - 경고: JSON의 '싼타페 Hybrid'에 해당하는 차종을 DB에서 찾을 수 없어 리뷰를 건너뜁니다.
[2025-09-14T15:00:35.852+0000] {subprocess.py:93} INFO - 경고: JSON의 '싼타페 Hybrid'에 해당하는 차종을 DB에서 찾을 수 없어 리뷰를 건너뜁니다.
[2025-09-14T15:00:35.853+0000] {subprocess.py:93} INFO - 경고: JSON의 '싼타페'에 해당하는 차종을 DB에서 찾을 수 없어 리뷰를 건너뜁니다.
[2025-09-14T15:00:35.898+0000] {subprocess.py:93} INFO - 경고: JSON의 '싼타페 Hybrid'에 해당하는 차종을 DB에서 찾을 수 없어 리뷰를 건너뜁니다.
[2025-09-14T15:00:35.900+0000] {subprocess.py:93} INFO - 경고: JSON의 '싼타페 Hybrid'에 해당하는 차종을 DB에서 찾을 수 없어 리뷰를 건너뜁니다.
[2025-09-14T15:00:35.903+0000] {subprocess.py:93} INFO - 경고: JSON의 '싼타페 Hybrid'에 해당하는 차종을 DB에서 찾을 수 없어 리뷰를 건너뜁니다.
[2025-09-14T15:00:35.914+0000] {subprocess.py:93} INFO - 경고: JSON의 '싼타페'에 해당하는 차종을 DB에서 찾을 수 없어 리뷰를 건너뜁니다.
[2025-09-14T15:00:35.935+0000] {subprocess.py:93} INFO - 경고: JSON의 '싼타페 Hybrid'에 해당하는 차종을 DB에서 찾을 수 없어 리뷰를 건너뜁니다.
[2025-09-14T15:00:35.960+0000] {subprocess.py:93} INFO - 경고: JSON의 '싼타페 Hybrid'에 해당하는 차종을 DB에서 찾을 수 없어 리뷰를 건너뜁니다.
[2025-09-14T15:00:35.960+0000] {subprocess.py:93} INFO - 경고: JSON의 '싼타페'에 해당하는 차종을 DB에서 찾을 수 없어 리뷰를 건너뜁니다.
[2025-09-14T15:00:35.972+0000] {subprocess.py:93} INFO - 경고: JSON의 '싼타페 Hybrid'에 해당하는 차종을 DB에서 찾을 수 없어 리뷰를 건너뜁니다.
[2025-09-14T15:00:35.973+0000] {subprocess.py:93} INFO - 경고: JSON의 '포터 II Electric 특장차'에 해당하는 차종을 DB에서 찾을 수 없어 리뷰를 건너뜁니다.
[2025-09-14T15:00:35.982+0000] {subprocess.py:93} INFO - 경고: JSON의 '싼타페 Hybrid'에 해당하는 차종을 DB에서 찾을 수 없어 리뷰를 건너뜁니다.
[2025-09-14T15:00:35.982+0000] {subprocess.py:93} INFO - 경고: JSON의 '싼타페'에 해당하는 차종을 DB에서 찾을 수 없어 리뷰를 건너뜁니다.
[2025-09-14T15:00:36.011+0000] {subprocess.py:93} INFO - 경고: JSON의 '싼타페 Hybrid'에 해당하는 차종을 DB에서 찾을 수 없어 리뷰를 건너뜁니다.
[2025-09-14T15:00:36.020+0000] {subprocess.py:93} INFO - 경고: JSON의 '싼타페 Hybrid'에 해당하는 차종을 DB에서 찾을 수 없어 리뷰를 건너뜁니다.
[2025-09-14T15:00:36.030+0000] {subprocess.py:93} INFO - 경고: JSON의 '싼타페'에 해당하는 차종을 DB에서 찾을 수 없어 리뷰를 건너뜁니다.
[2025-09-14T15:00:36.058+0000] {subprocess.py:93} INFO - 경고: JSON의 '싼타페 Hybrid'에 해당하는 차종을 DB에서 찾을 수 없어 리뷰를 건너뜁니다.
[2025-09-14T15:00:36.111+0000] {subprocess.py:93} INFO - 경고: JSON의 '싼타페 Hybrid'에 해당하는 차종을 DB에서 찾을 수 없어 리뷰를 건너뜁니다.
[2025-09-14T15:00:36.118+0000] {subprocess.py:93} INFO - 경고: JSON의 '포터 II'에 해당하는 차종을 DB에서 찾을 수 없어 리뷰를 건너뜁니다.
[2025-09-14T15:00:36.119+0000] {subprocess.py:93} INFO - 경고: JSON의 '싼타페'에 해당하는 차종을 DB에서 찾을 수 없어 리뷰를 건너뜁니다.
[2025-09-14T15:00:36.126+0000] {subprocess.py:93} INFO - 경고: JSON의 '싼타페'에 해당하는 차종을 DB에서 찾을 수 없어 리뷰를 건너뜁니다.
[2025-09-14T15:00:36.148+0000] {subprocess.py:93} INFO - 경고: JSON의 '싼타페 Hybrid'에 해당하는 차종을 DB에서 찾을 수 없어 리뷰를 건너뜁니다.
[2025-09-14T15:00:36.156+0000] {subprocess.py:93} INFO - 경고: JSON의 '싼타페 Hybrid'에 해당하는 차종을 DB에서 찾을 수 없어 리뷰를 건너뜁니다.
[2025-09-14T15:00:36.163+0000] {subprocess.py:93} INFO - 경고: JSON의 '싼타페 Hybrid'에 해당하는 차종을 DB에서 찾을 수 없어 리뷰를 건너뜁니다.
[2025-09-14T15:00:36.184+0000] {subprocess.py:93} INFO - 경고: JSON의 '싼타페 Hybrid'에 해당하는 차종을 DB에서 찾을 수 없어 리뷰를 건너뜁니다.
[2025-09-14T15:00:36.196+0000] {subprocess.py:93} INFO - 경고: JSON의 '싼타페 Hybrid'에 해당하는 차종을 DB에서 찾을 수 없어 리뷰를 건너뜁니다.
[2025-09-14T15:00:36.196+0000] {subprocess.py:93} INFO - 경고: JSON의 '싼타페 Hybrid'에 해당하는 차종을 DB에서 찾을 수 없어 리뷰를 건너뜁니다.
[2025-09-14T15:00:36.253+0000] {subprocess.py:93} INFO - 경고: JSON의 '포터 II'에 해당하는 차종을 DB에서 찾을 수 없어 리뷰를 건너뜁니다.
[2025-09-14T15:00:36.321+0000] {subprocess.py:93} INFO - 경고: JSON의 '싼타페 Hybrid'에 해당하는 차종을 DB에서 찾을 수 없어 리뷰를 건너뜁니다.
[2025-09-14T15:00:36.345+0000] {subprocess.py:93} INFO - 경고: JSON의 '포터 II'에 해당하는 차종을 DB에서 찾을 수 없어 리뷰를 건너뜁니다.
[2025-09-14T15:00:36.348+0000] {subprocess.py:93} INFO - 경고: JSON의 '포터 II 특장차'에 해당하는 차종을 DB에서 찾을 수 없어 리뷰를 건너뜁니다.
[2025-09-14T15:00:36.349+0000] {subprocess.py:93} INFO - 경고: JSON의 '싼타페 Hybrid'에 해당하는 차종을 DB에서 찾을 수 없어 리뷰를 건너뜁니다.
[2025-09-14T15:00:36.363+0000] {subprocess.py:93} INFO - 경고: JSON의 '싼타페 Hybrid'에 해당하는 차종을 DB에서 찾을 수 없어 리뷰를 건너뜁니다.
[2025-09-14T15:00:36.367+0000] {subprocess.py:93} INFO - 경고: JSON의 '싼타페 Hybrid'에 해당하는 차종을 DB에서 찾을 수 없어 리뷰를 건너뜁니다.
[2025-09-14T15:00:36.374+0000] {subprocess.py:93} INFO - 경고: JSON의 '싼타페'에 해당하는 차종을 DB에서 찾을 수 없어 리뷰를 건너뜁니다.
[2025-09-14T15:00:36.378+0000] {subprocess.py:93} INFO - 경고: JSON의 '싼타페'에 해당하는 차종을 DB에서 찾을 수 없어 리뷰를 건너뜁니다.
[2025-09-14T15:00:36.385+0000] {subprocess.py:93} INFO - 경고: JSON의 '포터 II'에 해당하는 차종을 DB에서 찾을 수 없어 리뷰를 건너뜁니다.
[2025-09-14T15:00:36.385+0000] {subprocess.py:93} INFO - 경고: JSON의 '싼타페'에 해당하는 차종을 DB에서 찾을 수 없어 리뷰를 건너뜁니다.
[2025-09-14T15:00:36.392+0000] {subprocess.py:93} INFO - 경고: JSON의 '포터 II'에 해당하는 차종을 DB에서 찾을 수 없어 리뷰를 건너뜁니다.
[2025-09-14T15:00:36.407+0000] {subprocess.py:93} INFO - 경고: JSON의 '싼타페 Hybrid'에 해당하는 차종을 DB에서 찾을 수 없어 리뷰를 건너뜁니다.
[2025-09-14T15:00:36.410+0000] {subprocess.py:93} INFO - 경고: JSON의 '싼타페 Hybrid'에 해당하는 차종을 DB에서 찾을 수 없어 리뷰를 건너뜁니다.
[2025-09-14T15:00:36.417+0000] {subprocess.py:93} INFO - 경고: JSON의 '포터 II'에 해당하는 차종을 DB에서 찾을 수 없어 리뷰를 건너뜁니다.
[2025-09-14T15:00:36.418+0000] {subprocess.py:93} INFO - 경고: JSON의 '싼타페 Hybrid'에 해당하는 차종을 DB에서 찾을 수 없어 리뷰를 건너뜁니다.
[2025-09-14T15:00:36.421+0000] {subprocess.py:93} INFO - 경고: JSON의 '싼타페 Hybrid'에 해당하는 차종을 DB에서 찾을 수 없어 리뷰를 건너뜁니다.
[2025-09-14T15:00:36.421+0000] {subprocess.py:93} INFO - 경고: JSON의 '싼타페'에 해당하는 차종을 DB에서 찾을 수 없어 리뷰를 건너뜁니다.
[2025-09-14T15:00:36.425+0000] {subprocess.py:93} INFO - 경고: JSON의 '싼타페 Hybrid'에 해당하는 차종을 DB에서 찾을 수 없어 리뷰를 건너뜁니다.
[2025-09-14T15:00:36.447+0000] {subprocess.py:93} INFO - 경고: JSON의 '싼타페 Hybrid'에 해당하는 차종을 DB에서 찾을 수 없어 리뷰를 건너뜁니다.
[2025-09-14T15:00:36.451+0000] {subprocess.py:93} INFO - 경고: JSON의 '싼타페'에 해당하는 차종을 DB에서 찾을 수 없어 리뷰를 건너뜁니다.
[2025-09-14T15:00:36.455+0000] {subprocess.py:93} INFO - 경고: JSON의 '싼타페'에 해당하는 차종을 DB에서 찾을 수 없어 리뷰를 건너뜁니다.
[2025-09-14T15:00:36.456+0000] {subprocess.py:93} INFO - 경고: JSON의 '싼타페 Hybrid'에 해당하는 차종을 DB에서 찾을 수 없어 리뷰를 건너뜁니다.
[2025-09-14T15:00:36.496+0000] {subprocess.py:93} INFO - 경고: JSON의 '싼타페 Hybrid'에 해당하는 차종을 DB에서 찾을 수 없어 리뷰를 건너뜁니다.
[2025-09-14T15:00:36.500+0000] {subprocess.py:93} INFO - 경고: JSON의 '싼타페'에 해당하는 차종을 DB에서 찾을 수 없어 리뷰를 건너뜁니다.
[2025-09-14T15:00:36.503+0000] {subprocess.py:93} INFO - 경고: JSON의 '싼타페'에 해당하는 차종을 DB에서 찾을 수 없어 리뷰를 건너뜁니다.
[2025-09-14T15:00:36.531+0000] {subprocess.py:93} INFO - 경고: JSON의 '포터 II'에 해당하는 차종을 DB에서 찾을 수 없어 리뷰를 건너뜁니다.
[2025-09-14T15:00:36.532+0000] {subprocess.py:93} INFO - 경고: JSON의 '싼타페 Hybrid'에 해당하는 차종을 DB에서 찾을 수 없어 리뷰를 건너뜁니다.
[2025-09-14T15:00:36.540+0000] {subprocess.py:93} INFO - 경고: JSON의 '싼타페 Hybrid'에 해당하는 차종을 DB에서 찾을 수 없어 리뷰를 건너뜁니다.
[2025-09-14T15:00:36.540+0000] {subprocess.py:93} INFO - 경고: JSON의 '싼타페 Hybrid'에 해당하는 차종을 DB에서 찾을 수 없어 리뷰를 건너뜁니다.
[2025-09-14T15:00:36.558+0000] {subprocess.py:93} INFO - 경고: JSON의 '싼타페 Hybrid'에 해당하는 차종을 DB에서 찾을 수 없어 리뷰를 건너뜁니다.
[2025-09-14T15:00:36.558+0000] {subprocess.py:93} INFO - 경고: JSON의 '싼타페 Hybrid'에 해당하는 차종을 DB에서 찾을 수 없어 리뷰를 건너뜁니다.
[2025-09-14T15:00:36.562+0000] {subprocess.py:93} INFO - 경고: JSON의 '싼타페 Hybrid'에 해당하는 차종을 DB에서 찾을 수 없어 리뷰를 건너뜁니다.
[2025-09-14T15:00:36.594+0000] {subprocess.py:93} INFO - 경고: JSON의 '포터 II Electric'에 해당하는 차종을 DB에서 찾을 수 없어 리뷰를 건너뜁니다.
[2025-09-14T15:00:36.595+0000] {subprocess.py:93} INFO - 경고: JSON의 '포터 II Electric'에 해당하는 차종을 DB에서 찾을 수 없어 리뷰를 건너뜁니다.
[2025-09-14T15:00:36.641+0000] {subprocess.py:93} INFO - 경고: JSON의 '싼타페 Hybrid'에 해당하는 차종을 DB에서 찾을 수 없어 리뷰를 건너뜁니다.
[2025-09-14T15:00:36.662+0000] {subprocess.py:93} INFO - 경고: JSON의 '싼타페 Hybrid'에 해당하는 차종을 DB에서 찾을 수 없어 리뷰를 건너뜁니다.
[2025-09-14T15:00:36.675+0000] {subprocess.py:93} INFO - 경고: JSON의 '포터 II'에 해당하는 차종을 DB에서 찾을 수 없어 리뷰를 건너뜁니다.
[2025-09-14T15:00:36.675+0000] {subprocess.py:93} INFO - 경고: JSON의 '싼타페 Hybrid'에 해당하는 차종을 DB에서 찾을 수 없어 리뷰를 건너뜁니다.
[2025-09-14T15:00:36.676+0000] {subprocess.py:93} INFO - 경고: JSON의 '싼타페 Hybrid'에 해당하는 차종을 DB에서 찾을 수 없어 리뷰를 건너뜁니다.
[2025-09-14T15:00:36.735+0000] {subprocess.py:93} INFO - 경고: JSON의 '싼타페 Hybrid'에 해당하는 차종을 DB에서 찾을 수 없어 리뷰를 건너뜁니다.
[2025-09-14T15:00:36.745+0000] {subprocess.py:93} INFO - 경고: JSON의 '포터 II 특장차'에 해당하는 차종을 DB에서 찾을 수 없어 리뷰를 건너뜁니다.
[2025-09-14T15:00:36.752+0000] {subprocess.py:93} INFO - 경고: JSON의 '싼타페'에 해당하는 차종을 DB에서 찾을 수 없어 리뷰를 건너뜁니다.
[2025-09-14T15:00:36.777+0000] {subprocess.py:93} INFO - 경고: JSON의 '포터 II Electric'에 해당하는 차종을 DB에서 찾을 수 없어 리뷰를 건너뜁니다.
[2025-09-14T15:00:36.780+0000] {subprocess.py:93} INFO - 경고: JSON의 '싼타페'에 해당하는 차종을 DB에서 찾을 수 없어 리뷰를 건너뜁니다.
[2025-09-14T15:00:36.788+0000] {subprocess.py:93} INFO - 경고: JSON의 '싼타페 Hybrid'에 해당하는 차종을 DB에서 찾을 수 없어 리뷰를 건너뜁니다.
[2025-09-14T15:00:36.853+0000] {subprocess.py:93} INFO - 경고: JSON의 '포터 II'에 해당하는 차종을 DB에서 찾을 수 없어 리뷰를 건너뜁니다.
[2025-09-14T15:00:36.853+0000] {subprocess.py:93} INFO - 경고: JSON의 '싼타페'에 해당하는 차종을 DB에서 찾을 수 없어 리뷰를 건너뜁니다.
[2025-09-14T15:00:36.867+0000] {subprocess.py:93} INFO - 경고: JSON의 '포터 II 특장차'에 해당하는 차종을 DB에서 찾을 수 없어 리뷰를 건너뜁니다.
[2025-09-14T15:00:36.887+0000] {subprocess.py:93} INFO - 경고: JSON의 '싼타페 Hybrid'에 해당하는 차종을 DB에서 찾을 수 없어 리뷰를 건너뜁니다.
[2025-09-14T15:00:36.898+0000] {subprocess.py:93} INFO - 경고: JSON의 '포터 II'에 해당하는 차종을 DB에서 찾을 수 없어 리뷰를 건너뜁니다.
[2025-09-14T15:00:36.919+0000] {subprocess.py:93} INFO - 경고: JSON의 '포터 II'에 해당하는 차종을 DB에서 찾을 수 없어 리뷰를 건너뜁니다.
[2025-09-14T15:00:36.919+0000] {subprocess.py:93} INFO - 경고: JSON의 '싼타페 Hybrid'에 해당하는 차종을 DB에서 찾을 수 없어 리뷰를 건너뜁니다.
[2025-09-14T15:00:36.922+0000] {subprocess.py:93} INFO - 경고: JSON의 '싼타페 Hybrid'에 해당하는 차종을 DB에서 찾을 수 없어 리뷰를 건너뜁니다.
[2025-09-14T15:00:36.926+0000] {subprocess.py:93} INFO - 경고: JSON의 '싼타페 Hybrid'에 해당하는 차종을 DB에서 찾을 수 없어 리뷰를 건너뜁니다.
[2025-09-14T15:00:36.930+0000] {subprocess.py:93} INFO - 경고: JSON의 '싼타페 Hybrid'에 해당하는 차종을 DB에서 찾을 수 없어 리뷰를 건너뜁니다.
[2025-09-14T15:00:36.952+0000] {subprocess.py:93} INFO - 경고: JSON의 '싼타페 Hybrid'에 해당하는 차종을 DB에서 찾을 수 없어 리뷰를 건너뜁니다.
[2025-09-14T15:00:36.952+0000] {subprocess.py:93} INFO - 경고: JSON의 '싼타페 Hybrid'에 해당하는 차종을 DB에서 찾을 수 없어 리뷰를 건너뜁니다.
[2025-09-14T15:00:36.993+0000] {subprocess.py:93} INFO - 경고: JSON의 '싼타페 Hybrid'에 해당하는 차종을 DB에서 찾을 수 없어 리뷰를 건너뜁니다.
[2025-09-14T15:00:37.014+0000] {subprocess.py:93} INFO - 경고: JSON의 '싼타페'에 해당하는 차종을 DB에서 찾을 수 없어 리뷰를 건너뜁니다.
[2025-09-14T15:00:37.015+0000] {subprocess.py:93} INFO - 경고: JSON의 '싼타페 Hybrid'에 해당하는 차종을 DB에서 찾을 수 없어 리뷰를 건너뜁니다.
[2025-09-14T15:00:37.015+0000] {subprocess.py:93} INFO - 경고: JSON의 '싼타페'에 해당하는 차종을 DB에서 찾을 수 없어 리뷰를 건너뜁니다.
[2025-09-14T15:00:37.015+0000] {subprocess.py:93} INFO - 경고: JSON의 '싼타페'에 해당하는 차종을 DB에서 찾을 수 없어 리뷰를 건너뜁니다.
[2025-09-14T15:00:37.048+0000] {subprocess.py:93} INFO - 경고: JSON의 '포터 II Electric'에 해당하는 차종을 DB에서 찾을 수 없어 리뷰를 건너뜁니다.
[2025-09-14T15:00:37.126+0000] {subprocess.py:93} INFO - 경고: JSON의 '싼타페 Hybrid'에 해당하는 차종을 DB에서 찾을 수 없어 리뷰를 건너뜁니다.
[2025-09-14T15:00:37.134+0000] {subprocess.py:93} INFO - 경고: JSON의 '싼타페 Hybrid'에 해당하는 차종을 DB에서 찾을 수 없어 리뷰를 건너뜁니다.
[2025-09-14T15:00:37.196+0000] {subprocess.py:93} INFO - 경고: JSON의 '싼타페 Hybrid'에 해당하는 차종을 DB에서 찾을 수 없어 리뷰를 건너뜁니다.
[2025-09-14T15:00:37.219+0000] {subprocess.py:93} INFO - 경고: JSON의 '싼타페'에 해당하는 차종을 DB에서 찾을 수 없어 리뷰를 건너뜁니다.
[2025-09-14T15:00:37.232+0000] {subprocess.py:93} INFO - 경고: JSON의 '싼타페 Hybrid'에 해당하는 차종을 DB에서 찾을 수 없어 리뷰를 건너뜁니다.
[2025-09-14T15:00:37.232+0000] {subprocess.py:93} INFO - 경고: JSON의 '싼타페'에 해당하는 차종을 DB에서 찾을 수 없어 리뷰를 건너뜁니다.
[2025-09-14T15:00:37.232+0000] {subprocess.py:93} INFO - 경고: JSON의 '포터 II 특장차'에 해당하는 차종을 DB에서 찾을 수 없어 리뷰를 건너뜁니다.
[2025-09-14T15:00:37.240+0000] {subprocess.py:93} INFO - 경고: JSON의 '싼타페 Hybrid'에 해당하는 차종을 DB에서 찾을 수 없어 리뷰를 건너뜁니다.
[2025-09-14T15:00:37.241+0000] {subprocess.py:93} INFO - 경고: JSON의 '싼타페 Hybrid'에 해당하는 차종을 DB에서 찾을 수 없어 리뷰를 건너뜁니다.
[2025-09-14T15:00:37.244+0000] {subprocess.py:93} INFO - 경고: JSON의 '싼타페 Hybrid'에 해당하는 차종을 DB에서 찾을 수 없어 리뷰를 건너뜁니다.
[2025-09-14T15:00:37.263+0000] {subprocess.py:93} INFO - 경고: JSON의 '싼타페'에 해당하는 차종을 DB에서 찾을 수 없어 리뷰를 건너뜁니다.
[2025-09-14T15:00:37.282+0000] {subprocess.py:93} INFO - 경고: JSON의 '싼타페 Hybrid'에 해당하는 차종을 DB에서 찾을 수 없어 리뷰를 건너뜁니다.
[2025-09-14T15:00:37.307+0000] {subprocess.py:93} INFO - 경고: JSON의 '포터 II Electric'에 해당하는 차종을 DB에서 찾을 수 없어 리뷰를 건너뜁니다.
[2025-09-14T15:00:37.332+0000] {subprocess.py:93} INFO - 
[2025-09-14T15:00:37.332+0000] {subprocess.py:93} INFO - 총 57개의 새로운 리뷰가 추가되었습니다.
[2025-09-14T15:00:37.332+0000] {subprocess.py:93} INFO - 총 335개의 리뷰가 업데이트되었습니다.
[2025-09-14T15:00:37.333+0000] {subprocess.py:93} INFO - 총 108개의 리뷰를 건너뛰었습니다.
[2025-09-14T15:00:37.333+0000] {subprocess.py:93} INFO - 리뷰 임포트가 완료되었습니다.
[2025-09-14T15:00:37.333+0000] {subprocess.py:93} INFO - 3. '/app/text_data/DB/hyundai_car_history.json'에서 차량 역사 데이터 임포트를 시작합니다...
[2025-09-14T15:00:37.333+0000] {subprocess.py:93} INFO - 오류: '/app/text_data/DB/hyundai_car_history.json' 파일을 찾을 수 없습니다.
[2025-09-14T15:00:37.333+0000] {subprocess.py:93} INFO - 4. 차량별 집계 통계를 계산합니다...
[2025-09-14T15:00:37.353+0000] {subprocess.py:93} INFO -   쏘나타 디 엣지: 평균 평점 4.9
[2025-09-14T15:00:37.356+0000] {subprocess.py:93} INFO -     공간: "공간이 적당해요" (290회, 64.6%)
[2025-09-14T15:00:37.357+0000] {subprocess.py:93} INFO -     성능: "편의기능이 다양해요" (221회, 49.2%)
[2025-09-14T15:00:37.357+0000] {subprocess.py:93} INFO -     디자인: "마음에 쏙 들어요" (276회, 61.5%)
[2025-09-14T15:00:37.357+0000] {subprocess.py:93} INFO -     승차감: "운전이 즐거워요" (403회, 89.8%)
[2025-09-14T15:00:37.370+0000] {subprocess.py:93} INFO -   스타리아: 평균 평점 4.85
[2025-09-14T15:00:37.372+0000] {subprocess.py:93} INFO -     공간: "공간이 적당해요" (57회, 39.9%)
[2025-09-14T15:00:37.372+0000] {subprocess.py:93} INFO -     성능: "편의기능이 다양해요" (82회, 57.3%)
[2025-09-14T15:00:37.372+0000] {subprocess.py:93} INFO -     디자인: "마음에 쏙 들어요" (79회, 55.2%)
[2025-09-14T15:00:37.373+0000] {subprocess.py:93} INFO -     승차감: "운전이 즐거워요" (116회, 81.1%)
[2025-09-14T15:00:37.375+0000] {subprocess.py:93} INFO -   디 올 뉴 넥쏘: 평균 평점 4.82
[2025-09-14T15:00:37.376+0000] {subprocess.py:93} INFO -     공간: "공간이 적당해요" (16회, 80.0%)
[2025-09-14T15:00:37.376+0000] {subprocess.py:93} INFO -     성능: "편의기능이 다양해요" (7회, 35.0%)
[2025-09-14T15:00:37.376+0000] {subprocess.py:93} INFO -     디자인: "마음에 쏙 들어요" (9회, 45.0%)
[2025-09-14T15:00:37.376+0000] {subprocess.py:93} INFO -     승차감: "운전이 즐거워요" (16회, 80.0%)
[2025-09-14T15:00:37.397+0000] {subprocess.py:93} INFO -   디 올 뉴 팰리세이드: 평균 평점 4.87
[2025-09-14T15:00:37.400+0000] {subprocess.py:93} INFO -     공간: "많은 짐도 거뜬해요" (355회, 42.1%)
[2025-09-14T15:00:37.400+0000] {subprocess.py:93} INFO -     성능: "편의기능이 다양해요" (378회, 44.8%)
[2025-09-14T15:00:37.400+0000] {subprocess.py:93} INFO -     디자인: "마음에 쏙 들어요" (520회, 61.7%)
[2025-09-14T15:00:37.401+0000] {subprocess.py:93} INFO -     승차감: "운전이 즐거워요" (691회, 82.0%)
[2025-09-14T15:00:37.403+0000] {subprocess.py:93} INFO -   아이오닉 5 N: 평균 평점 5.0
[2025-09-14T15:00:37.405+0000] {subprocess.py:93} INFO -     공간: "뒷좌석이 넓어요" (4회, 66.7%)
[2025-09-14T15:00:37.405+0000] {subprocess.py:93} INFO -     성능: "주행감이 훌륭해요" (5회, 83.3%)
[2025-09-14T15:00:37.405+0000] {subprocess.py:93} INFO -     디자인: "매력적이에요" (4회, 66.7%)
[2025-09-14T15:00:37.405+0000] {subprocess.py:93} INFO -     승차감: "운전이 즐거워요" (4회, 66.7%)
[2025-09-14T15:00:37.412+0000] {subprocess.py:93} INFO -   아이오닉 5: 평균 평점 4.89
[2025-09-14T15:00:37.414+0000] {subprocess.py:93} INFO -     공간: "뒷좌석이 넓어요" (116회, 47.9%)
[2025-09-14T15:00:37.415+0000] {subprocess.py:93} INFO -     성능: "주행감이 훌륭해요" (98회, 40.5%)
[2025-09-14T15:00:37.415+0000] {subprocess.py:93} INFO -     디자인: "마음에 쏙 들어요" (120회, 49.6%)
[2025-09-14T15:00:37.415+0000] {subprocess.py:93} INFO -     승차감: "운전이 즐거워요" (216회, 89.3%)
[2025-09-14T15:00:37.433+0000] {subprocess.py:93} INFO -   그랜저: 평균 평점 4.89
[2025-09-14T15:00:37.435+0000] {subprocess.py:93} INFO -     공간: "뒷좌석이 넓어요" (395회, 56.3%)
[2025-09-14T15:00:37.436+0000] {subprocess.py:93} INFO -     성능: "편의기능이 다양해요" (275회, 39.2%)
[2025-09-14T15:00:37.436+0000] {subprocess.py:93} INFO -     디자인: "마음에 쏙 들어요" (401회, 57.1%)
[2025-09-14T15:00:37.436+0000] {subprocess.py:93} INFO -     승차감: "운전이 즐거워요" (593회, 84.5%)
[2025-09-14T15:00:37.439+0000] {subprocess.py:93} INFO -   ST1: 평균 평점 5.0
[2025-09-14T15:00:37.440+0000] {subprocess.py:93} INFO -     공간: "많은 짐도 거뜬해요" (8회, 53.3%)
[2025-09-14T15:00:37.440+0000] {subprocess.py:93} INFO -     성능: "주행감이 훌륭해요" (7회, 46.7%)
[2025-09-14T15:00:37.441+0000] {subprocess.py:93} INFO -     디자인: "마음에 쏙 들어요" (11회, 73.3%)
[2025-09-14T15:00:37.441+0000] {subprocess.py:93} INFO -     승차감: "운전이 즐거워요" (15회, 100.0%)
[2025-09-14T15:00:37.457+0000] {subprocess.py:93} INFO -   아반떼 N: 평균 평점 4.88
[2025-09-14T15:00:37.460+0000] {subprocess.py:93} INFO -     공간: "공간이 적당해요" (474회, 68.4%)
[2025-09-14T15:00:37.460+0000] {subprocess.py:93} INFO -     성능: "연비가 좋아요" (278회, 40.1%)
[2025-09-14T15:00:37.461+0000] {subprocess.py:93} INFO -     디자인: "마음에 쏙 들어요" (415회, 59.9%)
[2025-09-14T15:00:37.461+0000] {subprocess.py:93} INFO -     승차감: "운전이 즐거워요" (610회, 88.0%)
[2025-09-14T15:00:37.465+0000] {subprocess.py:93} INFO -   베뉴: 평균 평점 4.94
[2025-09-14T15:00:37.466+0000] {subprocess.py:93} INFO -     공간: "공간이 적당해요" (115회, 89.1%)
[2025-09-14T15:00:37.467+0000] {subprocess.py:93} INFO -     성능: "연비가 좋아요" (47회, 36.4%)
[2025-09-14T15:00:37.467+0000] {subprocess.py:93} INFO -     디자인: "마음에 쏙 들어요" (97회, 75.2%)
[2025-09-14T15:00:37.467+0000] {subprocess.py:93} INFO -     승차감: "운전이 즐거워요" (122회, 94.6%)
[2025-09-14T15:00:37.476+0000] {subprocess.py:93} INFO -   코나: 평균 평점 4.93
[2025-09-14T15:00:37.478+0000] {subprocess.py:93} INFO -     공간: "공간이 적당해요" (254회, 72.0%)
[2025-09-14T15:00:37.479+0000] {subprocess.py:93} INFO -     성능: "편의기능이 다양해요" (170회, 48.2%)
[2025-09-14T15:00:37.479+0000] {subprocess.py:93} INFO -     디자인: "마음에 쏙 들어요" (226회, 64.0%)
[2025-09-14T15:00:37.479+0000] {subprocess.py:93} INFO -     승차감: "운전이 즐거워요" (329회, 93.2%)
[2025-09-14T15:00:37.484+0000] {subprocess.py:93} INFO -   아이오닉 9: 평균 평점 4.86
[2025-09-14T15:00:37.486+0000] {subprocess.py:93} INFO -     공간: "뒷좌석이 넓어요" (69회, 50.4%)
[2025-09-14T15:00:37.486+0000] {subprocess.py:93} INFO -     성능: "주행감이 훌륭해요" (83회, 60.6%)
[2025-09-14T15:00:37.487+0000] {subprocess.py:93} INFO -     디자인: "매력적이에요" (72회, 52.6%)
[2025-09-14T15:00:37.487+0000] {subprocess.py:93} INFO -     승차감: "운전이 즐거워요" (109회, 79.6%)
[2025-09-14T15:00:37.502+0000] {subprocess.py:93} INFO -   투싼: 평균 평점 4.85
[2025-09-14T15:00:37.505+0000] {subprocess.py:93} INFO -     공간: "공간이 적당해요" (284회, 44.7%)
[2025-09-14T15:00:37.505+0000] {subprocess.py:93} INFO -     성능: "편의기능이 다양해요" (265회, 41.7%)
[2025-09-14T15:00:37.505+0000] {subprocess.py:93} INFO -     디자인: "마음에 쏙 들어요" (419회, 66.0%)
[2025-09-14T15:00:37.505+0000] {subprocess.py:93} INFO -     승차감: "운전이 즐거워요" (571회, 89.9%)
[2025-09-14T15:00:37.508+0000] {subprocess.py:93} INFO -     공간: "공간이 적당해요" (3회, 100.0%)
[2025-09-14T15:00:37.509+0000] {subprocess.py:93} INFO -     성능: "편의기능이 다양해요" (2회, 66.7%)
[2025-09-14T15:00:37.509+0000] {subprocess.py:93} INFO -     디자인: "무난해요" (1회, 33.3%)
[2025-09-14T15:00:37.509+0000] {subprocess.py:93} INFO -     승차감: "운전이 즐거워요" (3회, 100.0%)
[2025-09-14T15:00:37.514+0000] {subprocess.py:93} INFO -     공간: "공간이 적당해요" (4회, 66.7%)
[2025-09-14T15:00:37.514+0000] {subprocess.py:93} INFO -     성능: "편의기능이 다양해요" (3회, 50.0%)
[2025-09-14T15:00:37.515+0000] {subprocess.py:93} INFO -     디자인: "마음에 쏙 들어요" (6회, 100.0%)
[2025-09-14T15:00:37.515+0000] {subprocess.py:93} INFO -     승차감: "운전이 즐거워요" (5회, 83.3%)
[2025-09-14T15:00:37.526+0000] {subprocess.py:93} INFO -   더 뉴 아이오닉 6: 평균 평점 4.85
[2025-09-14T15:00:37.527+0000] {subprocess.py:93} INFO -     공간: "뒷좌석이 넓어요" (70회, 61.4%)
[2025-09-14T15:00:37.528+0000] {subprocess.py:93} INFO -     성능: "주행감이 훌륭해요" (63회, 55.3%)
[2025-09-14T15:00:37.528+0000] {subprocess.py:93} INFO -     디자인: "매력적이에요" (55회, 48.2%)
[2025-09-14T15:00:37.529+0000] {subprocess.py:93} INFO -     승차감: "운전이 즐거워요" (103회, 90.4%)
[2025-09-14T15:00:37.534+0000] {subprocess.py:93} INFO -     공간: "공간이 적당해요" (5회, 55.6%)
[2025-09-14T15:00:37.534+0000] {subprocess.py:93} INFO -     성능: "편의기능이 다양해요" (7회, 77.8%)
[2025-09-14T15:00:37.534+0000] {subprocess.py:93} INFO -     디자인: "마음에 쏙 들어요" (7회, 77.8%)
[2025-09-14T15:00:37.534+0000] {subprocess.py:93} INFO -     승차감: "운전이 즐거워요" (8회, 88.9%)
[2025-09-14T15:00:37.539+0000] {subprocess.py:93} INFO -     공간: "공간이 적당해요" (29회, 74.4%)
[2025-09-14T15:00:37.539+0000] {subprocess.py:93} INFO -     성능: "편의기능이 다양해요" (23회, 59.0%)
[2025-09-14T15:00:37.539+0000] {subprocess.py:93} INFO -     디자인: "마음에 쏙 들어요" (23회, 59.0%)
[2025-09-14T15:00:37.540+0000] {subprocess.py:93} INFO -     승차감: "운전이 즐거워요" (34회, 87.2%)
[2025-09-14T15:00:37.541+0000] {subprocess.py:93} INFO - 집계 통계 계산이 완료되었습니다.
[2025-09-14T15:00:37.542+0000] {subprocess.py:93} INFO - 
[2025-09-14T15:00:37.542+0000] {subprocess.py:93} INFO - 모든 데이터 임포트 작업이 완료되었습니다.
[2025-09-14T15:00:40.783+0000] {subprocess.py:97} INFO - Command exited with return code 0
[2025-09-14T15:00:40.837+0000] {taskinstance.py:1138} INFO - Marking task as SUCCESS. dag_id=update_car_data, task_id=import_car_data, execution_date=20250913T150000, start_date=20250914T150027, end_date=20250914T150040
[2025-09-14T15:00:40.888+0000] {local_task_job_runner.py:234} INFO - Task exited with return code 0
[2025-09-14T15:00:40.915+0000] {taskinstance.py:3280} INFO - 0 downstream tasks scheduled from follow-on schedule check
