[2025-09-03T09:18:10.410+0000] {taskinstance.py:1956} INFO - Dependencies all met for dep_context=non-requeueable deps ti=<TaskInstance: update_car_data.import_car_data scheduled__2025-09-01T15:00:00+00:00 [queued]>
[2025-09-03T09:18:10.414+0000] {taskinstance.py:1956} INFO - Dependencies all met for dep_context=requeueable deps ti=<TaskInstance: update_car_data.import_car_data scheduled__2025-09-01T15:00:00+00:00 [queued]>
[2025-09-03T09:18:10.414+0000] {taskinstance.py:2170} INFO - Starting attempt 1 of 1
[2025-09-03T09:18:10.421+0000] {taskinstance.py:2191} INFO - Executing <Task(BashOperator): import_car_data> on 2025-09-01 15:00:00+00:00
[2025-09-03T09:18:10.425+0000] {standard_task_runner.py:60} INFO - Started process 188 to run task
[2025-09-03T09:18:10.436+0000] {standard_task_runner.py:87} INFO - Running: ['airflow', 'tasks', 'run', 'update_car_data', 'import_car_data', 'scheduled__2025-09-01T15:00:00+00:00', '--job-id', '2', '--raw', '--subdir', 'DAGS_FOLDER/update_car_data_dag.py', '--cfg-path', '/tmp/tmp6a9xn_6m']
[2025-09-03T09:18:10.440+0000] {standard_task_runner.py:88} INFO - Job 2: Subtask import_car_data
[2025-09-03T09:18:10.514+0000] {task_command.py:423} INFO - Running <TaskInstance: update_car_data.import_car_data scheduled__2025-09-01T15:00:00+00:00 [running]> on host cee3bfe42a42
[2025-09-03T09:18:10.597+0000] {taskinstance.py:2480} INFO - Exporting env vars: AIRFLOW_CTX_DAG_OWNER='airflow' AIRFLOW_CTX_DAG_ID='update_car_data' AIRFLOW_CTX_TASK_ID='import_car_data' AIRFLOW_CTX_EXECUTION_DATE='2025-09-01T15:00:00+00:00' AIRFLOW_CTX_TRY_NUMBER='1' AIRFLOW_CTX_DAG_RUN_ID='scheduled__2025-09-01T15:00:00+00:00'
[2025-09-03T09:18:10.598+0000] {subprocess.py:63} INFO - Tmp dir root location: /tmp
[2025-09-03T09:18:10.599+0000] {subprocess.py:75} INFO - Running command: ['/usr/bin/bash', '-c', 'docker-compose exec django_gunicorn python manage.py import_data']
[2025-09-03T09:18:10.609+0000] {subprocess.py:86} INFO - Output:
[2025-09-03T09:18:10.638+0000] {subprocess.py:93} INFO - /usr/bin/bash: line 1: docker-compose: command not found
[2025-09-03T09:18:10.638+0000] {subprocess.py:97} INFO - Command exited with return code 127
[2025-09-03T09:18:10.646+0000] {taskinstance.py:2698} ERROR - Task failed with exception
Traceback (most recent call last):
  File "/home/airflow/.local/lib/python3.8/site-packages/airflow/models/taskinstance.py", line 433, in _execute_task
    result = execute_callable(context=context, **execute_callable_kwargs)
  File "/home/airflow/.local/lib/python3.8/site-packages/airflow/operators/bash.py", line 212, in execute
    raise AirflowException(
airflow.exceptions.AirflowException: Bash command failed. The command returned a non-zero exit code 127.
[2025-09-03T09:18:10.648+0000] {taskinstance.py:1138} INFO - Marking task as FAILED. dag_id=update_car_data, task_id=import_car_data, execution_date=20250901T150000, start_date=20250903T091810, end_date=20250903T091810
[2025-09-03T09:18:10.664+0000] {standard_task_runner.py:107} ERROR - Failed to execute job 2 for task import_car_data (Bash command failed. The command returned a non-zero exit code 127.; 188)
[2025-09-03T09:18:10.698+0000] {local_task_job_runner.py:234} INFO - Task exited with return code 1
[2025-09-03T09:18:10.715+0000] {taskinstance.py:3280} INFO - 0 downstream tasks scheduled from follow-on schedule check
